Reading log file: /var/log/journal/fa46730e33564e71aa0bc4196801cd6f/system.journal
Jul 21 21:40:27 harrison-Surface-Pro-12in-1st-Ed-with-Snapdragon dbus-daemon[6795]: [system] Activating via systemd: service name='org.freedesktop.PackageKit' unit='packagekit.service' requested by ':1.87' (uid=1000 pid=8122 comm="/usr/bin/gnome-shell")
Jul 21 21:40:27 harrison-Surface-Pro-12in-1st-Ed-with-Snapdragon systemd-journald[473]: /var/log/journal/fa46730e33564e71aa0bc4196801cd6f/system.journal: Journal file has been deleted, rotating.
Jul 21 21:40:27 harrison-Surface-Pro-12in-1st-Ed-with-Snapdragon systemd[1]: Starting packagekit.service - PackageKit Daemon...
Jul 21 21:40:27 harrison-Surface-Pro-12in-1st-Ed-with-Snapdragon PackageKit[10376]: daemon start
Jul 21 21:40:27 harrison-Surface-Pro-12in-1st-Ed-with-Snapdragon dbus-daemon[6795]: [system] Successfully activated service 'org.freedesktop.PackageKit'
Jul 21 21:40:27 harrison-Surface-Pro-12in-1st-Ed-with-Snapdragon systemd[1]: Started packagekit.service - PackageKit Daemon.
Jul 21 21:40:27 harrison-Surface-Pro-12in-1st-Ed-with-Snapdragon systemd-journald[473]: /var/log/journal/fa46730e33564e71aa0bc4196801cd6f/user-1000.journal: Journal file has been deleted, rotating.
Jul 21 21:40:28 harrison-Surface-Pro-12in-1st-Ed-with-Snapdragon systemd-logind[6815]: The system will reboot now!
Jul 21 21:40:28 harrison-Surface-Pro-12in-1st-Ed-with-Snapdragon systemd-logind[6815]: System is rebooting.
Jul 21 21:40:28 harrison-Surface-Pro-12in-1st-Ed-with-Snapdragon systemd[1]: unattended-upgrades.service: Deactivated successfully.
Jul 21 21:40:28 harrison-Surface-Pro-12in-1st-Ed-with-Snapdragon kernel: rfkill: input handler enabled
Jul 21 21:40:28 harrison-Surface-Pro-12in-1st-Ed-with-Snapdragon systemd[1]: Stopping session-2.scope - Session 2 of User ubuntu...
Jul 21 21:40:28 harrison-Surface-Pro-12in-1st-Ed-with-Snapdragon gdm-password][7820]: pam_unix(gdm-password:session): session closed for user ubuntu
Jul 21 21:40:28 harrison-Surface-Pro-12in-1st-Ed-with-Snapdragon gdm-password][7820]: pam_systemd(gdm-password:session): New sd-bus connection (system-bus-pam-systemd-7820) opened.
Jul 21 21:40:28 harrison-Surface-Pro-12in-1st-Ed-with-Snapdragon snapd[6807]: main.go:168: Exiting on terminated signal.
Jul 21 21:40:28 harrison-Surface-Pro-12in-1st-Ed-with-Snapdragon systemd[1]: Removed slice system-getty.slice - Slice /system/getty.
Jul 21 21:40:28 harrison-Surface-Pro-12in-1st-Ed-with-Snapdragon bluetoothd[6794]: Endpoint unregistered: sender=:1.83 path=/MediaEndpoint/A2DPSource/ldac
Jul 21 21:40:28 harrison-Surface-Pro-12in-1st-Ed-with-Snapdragon bluetoothd[6794]: Endpoint unregistered: sender=:1.83 path=/MediaEndpoint/A2DPSink/aptx_hd
Jul 21 21:40:28 harrison-Surface-Pro-12in-1st-Ed-with-Snapdragon bluetoothd[6794]: Endpoint unregistered: sender=:1.83 path=/MediaEndpoint/A2DPSource/aptx_hd
Jul 21 21:40:28 harrison-Surface-Pro-12in-1st-Ed-with-Snapdragon bluetoothd[6794]: Endpoint unregistered: sender=:1.83 path=/MediaEndpoint/A2DPSink/aptx
Jul 21 21:40:28 harrison-Surface-Pro-12in-1st-Ed-with-Snapdragon bluetoothd[6794]: Endpoint unregistered: sender=:1.83 path=/MediaEndpoint/A2DPSource/aptx
Jul 21 21:40:28 harrison-Surface-Pro-12in-1st-Ed-with-Snapdragon bluetoothd[6794]: Endpoint unregistered: sender=:1.83 path=/MediaEndpoint/A2DPSink/opus_g
Jul 21 21:40:28 harrison-Surface-Pro-12in-1st-Ed-with-Snapdragon bluetoothd[6794]: Endpoint unregistered: sender=:1.83 path=/MediaEndpoint/A2DPSource/opus_g
Jul 21 21:40:28 harrison-Surface-Pro-12in-1st-Ed-with-Snapdragon bluetoothd[6794]: Endpoint unregistered: sender=:1.83 path=/MediaEndpoint/A2DPSink/sbc
Jul 21 21:40:28 harrison-Surface-Pro-12in-1st-Ed-with-Snapdragon bluetoothd[6794]: Endpoint unregistered: sender=:1.83 path=/MediaEndpoint/A2DPSource/sbc
Jul 21 21:40:28 harrison-Surface-Pro-12in-1st-Ed-with-Snapdragon bluetoothd[6794]: Endpoint unregistered: sender=:1.83 path=/MediaEndpoint/A2DPSource/aptx_ll_1
Jul 21 21:40:28 harrison-Surface-Pro-12in-1st-Ed-with-Snapdragon bluetoothd[6794]: Endpoint unregistered: sender=:1.83 path=/MediaEndpoint/A2DPSource/aptx_ll_0
Jul 21 21:40:28 harrison-Surface-Pro-12in-1st-Ed-with-Snapdragon bluetoothd[6794]: Endpoint unregistered: sender=:1.83 path=/MediaEndpoint/A2DPSource/aptx_ll_duplex_1
Jul 21 21:40:28 harrison-Surface-Pro-12in-1st-Ed-with-Snapdragon bluetoothd[6794]: Endpoint unregistered: sender=:1.83 path=/MediaEndpoint/A2DPSource/aptx_ll_duplex_0
Jul 21 21:40:28 harrison-Surface-Pro-12in-1st-Ed-with-Snapdragon bluetoothd[6794]: Endpoint unregistered: sender=:1.83 path=/MediaEndpoint/A2DPSource/faststream
Jul 21 21:40:28 harrison-Surface-Pro-12in-1st-Ed-with-Snapdragon bluetoothd[6794]: Endpoint unregistered: sender=:1.83 path=/MediaEndpoint/A2DPSource/faststream_duplex
Jul 21 21:40:28 harrison-Surface-Pro-12in-1st-Ed-with-Snapdragon bluetoothd[6794]: Endpoint unregistered: sender=:1.83 path=/MediaEndpoint/A2DPSink/opus_05
Jul 21 21:40:28 harrison-Surface-Pro-12in-1st-Ed-with-Snapdragon bluetoothd[6794]: Endpoint unregistered: sender=:1.83 path=/MediaEndpoint/A2DPSource/opus_05
Jul 21 21:40:28 harrison-Surface-Pro-12in-1st-Ed-with-Snapdragon bluetoothd[6794]: Endpoint unregistered: sender=:1.83 path=/MediaEndpoint/A2DPSink/opus_05_duplex
Jul 21 21:40:28 harrison-Surface-Pro-12in-1st-Ed-with-Snapdragon bluetoothd[6794]: Endpoint unregistered: sender=:1.83 path=/MediaEndpoint/A2DPSource/opus_05_duplex
Jul 21 21:40:28 harrison-Surface-Pro-12in-1st-Ed-with-Snapdragon bluetoothd[6794]: Terminating
Jul 21 21:40:28 harrison-Surface-Pro-12in-1st-Ed-with-Snapdragon gdm3[7162]: Gdm: Freeing conversation 'gdm-password' with active job
Jul 21 21:40:28 harrison-Surface-Pro-12in-1st-Ed-with-Snapdragon ModemManager[6920]: <msg> caught signal, shutting down...
Jul 21 21:40:28 harrison-Surface-Pro-12in-1st-Ed-with-Snapdragon ModemManager[6920]: <msg> ModemManager is shut down
Jul 21 21:40:28 harrison-Surface-Pro-12in-1st-Ed-with-Snapdragon rsyslogd[6822]: [origin software="rsyslogd" swVersion="8.2406.0" x-pid="6822" x-info="https://www.rsyslog.com"] exiting on signal 15.
Jul 21 21:40:28 harrison-Surface-Pro-12in-1st-Ed-with-Snapdragon dbus-daemon[6795]: [system] Rejected send message, 1 matched rules; type="method_call", sender=":1.4" (uid=0 pid=6794 comm="/usr/libexec/bluetooth/bluetoothd") interface="org.bluez.GattProfile1" member="Release" error name="(unset)" requested_reply="0" destination=":1.84" (uid=1000 pid=7858 comm="/usr/bin/wireplumber")
Jul 21 21:40:28 harrison-Surface-Pro-12in-1st-Ed-with-Snapdragon bluetoothd[6794]: Battery Provider Manager destroyed
Jul 21 21:40:28 harrison-Surface-Pro-12in-1st-Ed-with-Snapdragon bluetoothd[6794]: Stopping SDP server
Jul 21 21:40:28 harrison-Surface-Pro-12in-1st-Ed-with-Snapdragon bluetoothd[6794]: Exit
Jul 21 21:40:28 harrison-Surface-Pro-12in-1st-Ed-with-Snapdragon systemd[1]: Removed slice system-modprobe.slice - Slice /system/modprobe.
Jul 21 21:40:28 harrison-Surface-Pro-12in-1st-Ed-with-Snapdragon systemd[1]: Stopped target bluetooth.target - Bluetooth Support.
Jul 21 21:40:28 harrison-Surface-Pro-12in-1st-Ed-with-Snapdragon systemd[1]: Stopped target boot-complete.target - Boot Completion Check.
Jul 21 21:40:28 harrison-Surface-Pro-12in-1st-Ed-with-Snapdragon systemd[1]: Stopped target cloud-init.target - Cloud-init target.
Jul 21 21:40:28 harrison-Surface-Pro-12in-1st-Ed-with-Snapdragon systemd[1]: Stopped target getty-pre.target - Preparation for Logins.
Jul 21 21:40:28 harrison-Surface-Pro-12in-1st-Ed-with-Snapdragon systemd[1]: Stopped target graphical.target - Graphical Interface.
Jul 21 21:40:28 harrison-Surface-Pro-12in-1st-Ed-with-Snapdragon systemd[1]: Stopped target nss-lookup.target - Host and Network Name Lookups.
Jul 21 21:40:28 harrison-Surface-Pro-12in-1st-Ed-with-Snapdragon systemd[1]: Stopped target timers.target - Timer Units.
Jul 21 21:40:28 harrison-Surface-Pro-12in-1st-Ed-with-Snapdragon systemd[1]: anacron.timer: Deactivated successfully.
Jul 21 21:40:28 harrison-Surface-Pro-12in-1st-Ed-with-Snapdragon systemd[1]: Stopped anacron.timer - Trigger anacron every hour.
Jul 21 21:40:28 harrison-Surface-Pro-12in-1st-Ed-with-Snapdragon systemd[1]: apt-daily-upgrade.timer: Deactivated successfully.
Jul 21 21:40:28 harrison-Surface-Pro-12in-1st-Ed-with-Snapdragon systemd[1]: Stopped apt-daily-upgrade.timer - Daily apt upgrade and clean activities.
Jul 21 21:40:28 harrison-Surface-Pro-12in-1st-Ed-with-Snapdragon systemd[1]: apt-daily.timer: Deactivated successfully.
Jul 21 21:40:28 harrison-Surface-Pro-12in-1st-Ed-with-Snapdragon systemd[1]: Stopped apt-daily.timer - Daily apt download activities.
Jul 21 21:40:28 harrison-Surface-Pro-12in-1st-Ed-with-Snapdragon systemd[1]: dpkg-db-backup.timer: Deactivated successfully.
Jul 21 21:40:28 harrison-Surface-Pro-12in-1st-Ed-with-Snapdragon systemd[1]: Stopped dpkg-db-backup.timer - Daily dpkg database backup timer.
Jul 21 21:40:28 harrison-Surface-Pro-12in-1st-Ed-with-Snapdragon systemd[1]: e2scrub_all.timer: Deactivated successfully.
Jul 21 21:40:28 harrison-Surface-Pro-12in-1st-Ed-with-Snapdragon systemd[1]: Stopped e2scrub_all.timer - Periodic ext4 Online Metadata Check for All Filesystems.
Jul 21 21:40:28 harrison-Surface-Pro-12in-1st-Ed-with-Snapdragon systemd[1]: fstrim.timer: Deactivated successfully.
Jul 21 21:40:28 harrison-Surface-Pro-12in-1st-Ed-with-Snapdragon systemd[1]: Stopped fstrim.timer - Discard unused filesystem blocks once a week.
Jul 21 21:40:28 harrison-Surface-Pro-12in-1st-Ed-with-Snapdragon systemd[1]: fwupd-refresh.timer: Deactivated successfully.
Jul 21 21:40:28 harrison-Surface-Pro-12in-1st-Ed-with-Snapdragon systemd[1]: Stopped fwupd-refresh.timer - Refresh fwupd metadata regularly.
Jul 21 21:40:28 harrison-Surface-Pro-12in-1st-Ed-with-Snapdragon systemd[1]: logrotate.timer: Deactivated successfully.
Jul 21 21:40:28 harrison-Surface-Pro-12in-1st-Ed-with-Snapdragon systemd[1]: Stopped logrotate.timer - Daily rotation of log files.
Jul 21 21:40:28 harrison-Surface-Pro-12in-1st-Ed-with-Snapdragon systemd[1]: man-db.timer: Deactivated successfully.
Jul 21 21:40:28 harrison-Surface-Pro-12in-1st-Ed-with-Snapdragon systemd[1]: Stopped man-db.timer - Daily man-db regeneration.
Jul 21 21:40:28 harrison-Surface-Pro-12in-1st-Ed-with-Snapdragon systemd[1]: motd-news.timer: Deactivated successfully.
Jul 21 21:40:28 harrison-Surface-Pro-12in-1st-Ed-with-Snapdragon systemd[1]: Stopped motd-news.timer - Message of the Day.
Jul 21 21:40:28 harrison-Surface-Pro-12in-1st-Ed-with-Snapdragon systemd[1]: sysstat-collect.timer: Deactivated successfully.
Jul 21 21:40:28 harrison-Surface-Pro-12in-1st-Ed-with-Snapdragon systemd[1]: Stopped sysstat-collect.timer - Run system activity accounting tool every 10 minutes.
Jul 21 21:40:28 harrison-Surface-Pro-12in-1st-Ed-with-Snapdragon systemd[1]: sysstat-rotate.timer: Deactivated successfully.
Jul 21 21:40:28 harrison-Surface-Pro-12in-1st-Ed-with-Snapdragon systemd[1]: Stopped sysstat-rotate.timer - Rotate daily system activity data file at midnight.
Jul 21 21:40:28 harrison-Surface-Pro-12in-1st-Ed-with-Snapdragon systemd[1]: sysstat-summary.timer: Deactivated successfully.
Jul 21 21:40:28 harrison-Surface-Pro-12in-1st-Ed-with-Snapdragon systemd[1]: Stopped sysstat-summary.timer - Generate summary of yesterday's process accounting.
Jul 21 21:40:28 harrison-Surface-Pro-12in-1st-Ed-with-Snapdragon systemd[1]: systemd-tmpfiles-clean.timer: Deactivated successfully.
Jul 21 21:40:28 harrison-Surface-Pro-12in-1st-Ed-with-Snapdragon systemd[1]: Stopped systemd-tmpfiles-clean.timer - Daily Cleanup of Temporary Directories.
Jul 21 21:40:28 harrison-Surface-Pro-12in-1st-Ed-with-Snapdragon systemd[1]: update-notifier-download.timer: Deactivated successfully.
Jul 21 21:40:28 harrison-Surface-Pro-12in-1st-Ed-with-Snapdragon systemd[1]: Stopped update-notifier-download.timer - Download data for packages that failed at package install time.
Jul 21 21:40:28 harrison-Surface-Pro-12in-1st-Ed-with-Snapdragon systemd[1]: update-notifier-motd.timer: Deactivated successfully.
Jul 21 21:40:28 harrison-Surface-Pro-12in-1st-Ed-with-Snapdragon systemd[1]: Stopped update-notifier-motd.timer - Check to see whether there is a new version of Ubuntu available.
Jul 21 21:40:28 harrison-Surface-Pro-12in-1st-Ed-with-Snapdragon systemd[1]: cloud-init-hotplugd.socket: Deactivated successfully.
Jul 21 21:40:28 harrison-Surface-Pro-12in-1st-Ed-with-Snapdragon systemd[1]: Closed cloud-init-hotplugd.socket - cloud-init hotplug hook socket.
Jul 21 21:40:28 harrison-Surface-Pro-12in-1st-Ed-with-Snapdragon systemd[1]: lvm2-lvmpolld.socket: Deactivated successfully.
Jul 21 21:40:28 harrison-Surface-Pro-12in-1st-Ed-with-Snapdragon systemd[1]: Closed lvm2-lvmpolld.socket - LVM2 poll daemon socket.
Jul 21 21:40:28 harrison-Surface-Pro-12in-1st-Ed-with-Snapdragon systemd[1]: systemd-rfkill.socket: Deactivated successfully.
Jul 21 21:40:28 harrison-Surface-Pro-12in-1st-Ed-with-Snapdragon systemd[1]: Closed systemd-rfkill.socket - Load/Save RF Kill Switch Status /dev/rfkill Watch.
Jul 21 21:40:28 harrison-Surface-Pro-12in-1st-Ed-with-Snapdragon systemd[1]: Stopping accounts-daemon.service - Accounts Service...
Jul 21 21:40:28 harrison-Surface-Pro-12in-1st-Ed-with-Snapdragon systemd[1]: Stopping blk-availability.service - Availability of block devices...
Jul 21 21:40:28 harrison-Surface-Pro-12in-1st-Ed-with-Snapdragon systemd[1]: Stopping bluetooth.service - Bluetooth service...
Jul 21 21:40:28 harrison-Surface-Pro-12in-1st-Ed-with-Snapdragon systemd[1]: cloud-final.service: Deactivated successfully.
Jul 21 21:40:28 harrison-Surface-Pro-12in-1st-Ed-with-Snapdragon systemd[1]: Stopped cloud-final.service - Cloud-init: Final Stage.
Jul 21 21:40:28 harrison-Surface-Pro-12in-1st-Ed-with-Snapdragon systemd[1]: Stopping colord.service - Manage, Install and Generate Color Profiles...
Jul 21 21:40:28 harrison-Surface-Pro-12in-1st-Ed-with-Snapdragon systemd[1]: Stopping gdm.service - GNOME Display Manager...
Jul 21 21:40:28 harrison-Surface-Pro-12in-1st-Ed-with-Snapdragon systemd[1]: Stopping gnome-remote-desktop.service - GNOME Remote Desktop...
Jul 21 21:40:28 harrison-Surface-Pro-12in-1st-Ed-with-Snapdragon systemd[1]: Stopping packagekit.service - PackageKit Daemon...
Jul 21 21:40:28 harrison-Surface-Pro-12in-1st-Ed-with-Snapdragon systemd[1]: Stopping power-profiles-daemon.service - Power Profiles daemon...
Jul 21 21:40:28 harrison-Surface-Pro-12in-1st-Ed-with-Snapdragon systemd[1]: Stopping rtkit-daemon.service - RealtimeKit Scheduling Policy Service...
Jul 21 21:40:28 harrison-Surface-Pro-12in-1st-Ed-with-Snapdragon systemd[1]: snapd.system-shutdown.service - Ubuntu core (all-snaps) system shutdown helper setup service was skipped because no trigger condition checks were met.
Jul 21 21:40:28 harrison-Surface-Pro-12in-1st-Ed-with-Snapdragon systemd[1]: Stopping systemd-random-seed.service - Load/Save OS Random Seed...
Jul 21 21:40:28 harrison-Surface-Pro-12in-1st-Ed-with-Snapdragon systemd[1]: systemd-udev-load-credentials.service: Deactivated successfully.
Jul 21 21:40:28 harrison-Surface-Pro-12in-1st-Ed-with-Snapdragon systemd[1]: Stopped systemd-udev-load-credentials.service - Load udev Rules from Credentials.
Jul 21 21:40:28 harrison-Surface-Pro-12in-1st-Ed-with-Snapdragon systemd[1]: Stopping udisks2.service - Disk Manager...
Jul 21 21:40:28 harrison-Surface-Pro-12in-1st-Ed-with-Snapdragon systemd[1]: Stopping upower.service - Daemon for power management...
Jul 21 21:40:28 harrison-Surface-Pro-12in-1st-Ed-with-Snapdragon unknown[6820]: udisks daemon version 2.10.1 exiting
Jul 21 21:40:28 harrison-Surface-Pro-12in-1st-Ed-with-Snapdragon systemd[1]: run-user-1000-gvfs.mount: Deactivated successfully.
Jul 21 21:40:28 harrison-Surface-Pro-12in-1st-Ed-with-Snapdragon systemd[1]: Unmounted run-user-1000-gvfs.mount - /run/user/1000/gvfs.
Jul 21 21:40:28 harrison-Surface-Pro-12in-1st-Ed-with-Snapdragon systemd[1]: run-user-1000-doc.mount: Deactivated successfully.
Jul 21 21:40:28 harrison-Surface-Pro-12in-1st-Ed-with-Snapdragon systemd[1]: Unmounted run-user-1000-doc.mount - /run/user/1000/doc.
Jul 21 21:40:28 harrison-Surface-Pro-12in-1st-Ed-with-Snapdragon systemd[1]: run-credentials-systemd\x2dudev\x2dload\x2dcredentials.service.mount: Deactivated successfully.
Jul 21 21:40:28 harrison-Surface-Pro-12in-1st-Ed-with-Snapdragon systemd[1]: accounts-daemon.service: Deactivated successfully.
Jul 21 21:40:28 harrison-Surface-Pro-12in-1st-Ed-with-Snapdragon systemd[1]: Stopped accounts-daemon.service - Accounts Service.
Jul 21 21:40:28 harrison-Surface-Pro-12in-1st-Ed-with-Snapdragon systemd[1]: udisks2.service: Deactivated successfully.
Jul 21 21:40:28 harrison-Surface-Pro-12in-1st-Ed-with-Snapdragon systemd[1]: Stopped udisks2.service - Disk Manager.
Jul 21 21:40:28 harrison-Surface-Pro-12in-1st-Ed-with-Snapdragon systemd[1]: power-profiles-daemon.service: Deactivated successfully.
Jul 21 21:40:28 harrison-Surface-Pro-12in-1st-Ed-with-Snapdragon systemd[1]: Stopped power-profiles-daemon.service - Power Profiles daemon.
Jul 21 21:40:28 harrison-Surface-Pro-12in-1st-Ed-with-Snapdragon systemd[1]: rtkit-daemon.service: Deactivated successfully.
Jul 21 21:40:28 harrison-Surface-Pro-12in-1st-Ed-with-Snapdragon systemd[1]: Stopped rtkit-daemon.service - RealtimeKit Scheduling Policy Service.
Jul 21 21:40:28 harrison-Surface-Pro-12in-1st-Ed-with-Snapdragon systemd[1]: colord.service: Deactivated successfully.
Jul 21 21:40:28 harrison-Surface-Pro-12in-1st-Ed-with-Snapdragon systemd[1]: Stopped colord.service - Manage, Install and Generate Color Profiles.
Jul 21 21:40:28 harrison-Surface-Pro-12in-1st-Ed-with-Snapdragon systemd[1]: packagekit.service: Deactivated successfully.
Jul 21 21:40:28 harrison-Surface-Pro-12in-1st-Ed-with-Snapdragon systemd[1]: Stopped packagekit.service - PackageKit Daemon.
Jul 21 21:40:28 harrison-Surface-Pro-12in-1st-Ed-with-Snapdragon systemd-logind[6815]: Session 2 logged out. Waiting for processes to exit.
Jul 21 21:40:28 harrison-Surface-Pro-12in-1st-Ed-with-Snapdragon systemd[1]: Stopped target multi-user.target - Multi-User System.
Jul 21 21:40:28 harrison-Surface-Pro-12in-1st-Ed-with-Snapdragon systemd[1]: Stopped target getty.target - Login Prompts.
Jul 21 21:40:28 harrison-Surface-Pro-12in-1st-Ed-with-Snapdragon systemd[1]: Stopping ModemManager.service - Modem Manager...
Jul 21 21:40:28 harrison-Surface-Pro-12in-1st-Ed-with-Snapdragon NetworkManager[6887]: <info>  [1753090828.7082] modem-manager: ModemManager no longer available
Jul 21 21:40:28 harrison-Surface-Pro-12in-1st-Ed-with-Snapdragon systemd[1]: Stopping apport.service - automatic crash report generation...
Jul 21 21:40:28 harrison-Surface-Pro-12in-1st-Ed-with-Snapdragon systemd[1]: Stopping cron.service - Regular background program processing daemon...
Jul 21 21:40:28 harrison-Surface-Pro-12in-1st-Ed-with-Snapdragon systemd[1]: Stopping cups-browsed.service - Make remote CUPS printers available locally...
Jul 21 21:40:28 harrison-Surface-Pro-12in-1st-Ed-with-Snapdragon systemd[1]: openvpn.service: Deactivated successfully.
Jul 21 21:40:28 harrison-Surface-Pro-12in-1st-Ed-with-Snapdragon systemd[1]: Stopped openvpn.service - OpenVPN service.
Jul 21 21:40:28 harrison-Surface-Pro-12in-1st-Ed-with-Snapdragon systemd[1]: plymouth-quit-wait.service: Deactivated successfully.
Jul 21 21:40:28 harrison-Surface-Pro-12in-1st-Ed-with-Snapdragon systemd[1]: Stopped plymouth-quit-wait.service - Hold until boot process finishes up.
Jul 21 21:40:28 harrison-Surface-Pro-12in-1st-Ed-with-Snapdragon systemd[1]: Stopping qrtr-ns.service - QIPCRTR Name Service...
Jul 21 21:40:28 harrison-Surface-Pro-12in-1st-Ed-with-Snapdragon systemd[1]: Stopping rsyslog.service - System Logging Service...
Jul 21 21:40:28 harrison-Surface-Pro-12in-1st-Ed-with-Snapdragon systemd[1]: snapd.seeded.service: Deactivated successfully.
Jul 21 21:40:28 harrison-Surface-Pro-12in-1st-Ed-with-Snapdragon systemd[1]: Stopped snapd.seeded.service - Wait until snapd is fully seeded.
Jul 21 21:40:28 harrison-Surface-Pro-12in-1st-Ed-with-Snapdragon systemd[1]: Stopping snapd.service - Snap Daemon...
Jul 21 21:40:28 harrison-Surface-Pro-12in-1st-Ed-with-Snapdragon systemd[1]: sysstat.service: Deactivated successfully.
Jul 21 21:40:28 harrison-Surface-Pro-12in-1st-Ed-with-Snapdragon systemd[1]: Stopped sysstat.service - Resets System Activity Logs.
Jul 21 21:40:28 harrison-Surface-Pro-12in-1st-Ed-with-Snapdragon systemd[1]: qrtr-ns.service: Deactivated successfully.
Jul 21 21:40:28 harrison-Surface-Pro-12in-1st-Ed-with-Snapdragon systemd[1]: Stopped qrtr-ns.service - QIPCRTR Name Service.
Jul 21 21:40:28 harrison-Surface-Pro-12in-1st-Ed-with-Snapdragon systemd[1]: cron.service: Deactivated successfully.
Jul 21 21:40:28 harrison-Surface-Pro-12in-1st-Ed-with-Snapdragon systemd[1]: Stopped cron.service - Regular background program processing daemon.
Jul 21 21:40:28 harrison-Surface-Pro-12in-1st-Ed-with-Snapdragon systemd[1]: rsyslog.service: Deactivated successfully.
Jul 21 21:40:28 harrison-Surface-Pro-12in-1st-Ed-with-Snapdragon systemd[1]: Stopped rsyslog.service - System Logging Service.
Jul 21 21:40:28 harrison-Surface-Pro-12in-1st-Ed-with-Snapdragon systemd[1]: bluetooth.service: Deactivated successfully.
Jul 21 21:40:28 harrison-Surface-Pro-12in-1st-Ed-with-Snapdragon systemd[1]: Stopped bluetooth.service - Bluetooth service.
Jul 21 21:40:28 harrison-Surface-Pro-12in-1st-Ed-with-Snapdragon systemd[1]: apport.service: Deactivated successfully.
Jul 21 21:40:28 harrison-Surface-Pro-12in-1st-Ed-with-Snapdragon systemd[1]: Stopped apport.service - automatic crash report generation.
Jul 21 21:40:28 harrison-Surface-Pro-12in-1st-Ed-with-Snapdragon systemd[1]: gdm.service: Deactivated successfully.
Jul 21 21:40:28 harrison-Surface-Pro-12in-1st-Ed-with-Snapdragon systemd[1]: Stopped gdm.service - GNOME Display Manager.
Jul 21 21:40:28 harrison-Surface-Pro-12in-1st-Ed-with-Snapdragon systemd[1]: cloud-config.service: Deactivated successfully.
Jul 21 21:40:28 harrison-Surface-Pro-12in-1st-Ed-with-Snapdragon systemd[1]: Stopped cloud-config.service - Cloud-init: Config Stage.
Jul 21 21:40:28 harrison-Surface-Pro-12in-1st-Ed-with-Snapdragon systemd[1]: Stopped target cloud-config.target - Cloud-config availability.
Jul 21 21:40:28 harrison-Surface-Pro-12in-1st-Ed-with-Snapdragon systemd[1]: plymouth-reboot.service - Show Plymouth Reboot Screen was skipped because of an unmet condition check (ConditionKernelCommandLine=splash).
Jul 21 21:40:28 harrison-Surface-Pro-12in-1st-Ed-with-Snapdragon systemd[1]: plymouth-switch-root-initramfs.service - Tell Plymouth To Jump To initramfs was skipped because no trigger condition checks were met.
Jul 21 21:40:28 harrison-Surface-Pro-12in-1st-Ed-with-Snapdragon systemd[1]: Stopping switcheroo-control.service - Switcheroo Control Proxy service...
Jul 21 21:40:28 harrison-Surface-Pro-12in-1st-Ed-with-Snapdragon systemd[1]: switcheroo-control.service: Deactivated successfully.
Jul 21 21:40:28 harrison-Surface-Pro-12in-1st-Ed-with-Snapdragon systemd[1]: Stopped switcheroo-control.service - Switcheroo Control Proxy service.
Jul 21 21:40:28 harrison-Surface-Pro-12in-1st-Ed-with-Snapdragon systemd[1]: ModemManager.service: Deactivated successfully.
Jul 21 21:40:28 harrison-Surface-Pro-12in-1st-Ed-with-Snapdragon blkdeactivate[10430]: Deactivating block devices:
Jul 21 21:40:28 harrison-Surface-Pro-12in-1st-Ed-with-Snapdragon systemd[1]: Stopped ModemManager.service - Modem Manager.
Jul 21 21:40:28 harrison-Surface-Pro-12in-1st-Ed-with-Snapdragon systemd[1]: Stopping polkit.service - Authorization Manager...
Jul 21 21:40:28 harrison-Surface-Pro-12in-1st-Ed-with-Snapdragon systemd[1]: polkit.service: Deactivated successfully.
Jul 21 21:40:28 harrison-Surface-Pro-12in-1st-Ed-with-Snapdragon systemd[1]: Stopped polkit.service - Authorization Manager.
Jul 21 21:40:28 harrison-Surface-Pro-12in-1st-Ed-with-Snapdragon systemd[1]: gnome-remote-desktop.service: Deactivated successfully.
Jul 21 21:40:28 harrison-Surface-Pro-12in-1st-Ed-with-Snapdragon systemd[1]: Stopped gnome-remote-desktop.service - GNOME Remote Desktop.
Jul 21 21:40:29 harrison-Surface-Pro-12in-1st-Ed-with-Snapdragon systemd[1]: cups-browsed.service: Deactivated successfully.
Jul 21 21:40:29 harrison-Surface-Pro-12in-1st-Ed-with-Snapdragon systemd[1]: Stopped cups-browsed.service - Make remote CUPS printers available locally.
Jul 21 21:40:29 harrison-Surface-Pro-12in-1st-Ed-with-Snapdragon avahi-daemon[6793]: Got SIGTERM, quitting.
Jul 21 21:40:29 harrison-Surface-Pro-12in-1st-Ed-with-Snapdragon systemd[1]: Stopped target network-online.target - Network is Online.
Jul 21 21:40:29 harrison-Surface-Pro-12in-1st-Ed-with-Snapdragon avahi-daemon[6793]: Leaving mDNS multicast group on interface lo.IPv6 with address ::1.
Jul 21 21:40:29 harrison-Surface-Pro-12in-1st-Ed-with-Snapdragon systemd[1]: NetworkManager-wait-online.service: Deactivated successfully.
Jul 21 21:40:29 harrison-Surface-Pro-12in-1st-Ed-with-Snapdragon avahi-daemon[6793]: Leaving mDNS multicast group on interface lo.IPv4 with address 127.0.0.1.
Jul 21 21:40:29 harrison-Surface-Pro-12in-1st-Ed-with-Snapdragon systemd[1]: Stopped NetworkManager-wait-online.service - Network Manager Wait Online.
Jul 21 21:40:29 harrison-Surface-Pro-12in-1st-Ed-with-Snapdragon systemd[1]: Stopping avahi-daemon.service - Avahi mDNS/DNS-SD Stack...
Jul 21 21:40:29 harrison-Surface-Pro-12in-1st-Ed-with-Snapdragon systemd[1]: Stopping cups.service - CUPS Scheduler...
Jul 21 21:40:29 harrison-Surface-Pro-12in-1st-Ed-with-Snapdragon avahi-daemon[6793]: avahi-daemon 0.8 exiting.
Jul 21 21:40:29 harrison-Surface-Pro-12in-1st-Ed-with-Snapdragon systemd[1]: avahi-daemon.service: Deactivated successfully.
Jul 21 21:40:29 harrison-Surface-Pro-12in-1st-Ed-with-Snapdragon systemd[1]: Stopped avahi-daemon.service - Avahi mDNS/DNS-SD Stack.
Jul 21 21:40:29 harrison-Surface-Pro-12in-1st-Ed-with-Snapdragon systemd[1]: blk-availability.service: Deactivated successfully.
Jul 21 21:40:29 harrison-Surface-Pro-12in-1st-Ed-with-Snapdragon systemd[1]: Stopped blk-availability.service - Availability of block devices.
Jul 21 21:40:29 harrison-Surface-Pro-12in-1st-Ed-with-Snapdragon systemd[1]: systemd-random-seed.service: Deactivated successfully.
Jul 21 21:40:29 harrison-Surface-Pro-12in-1st-Ed-with-Snapdragon systemd[1]: Stopped systemd-random-seed.service - Load/Save OS Random Seed.
Jul 21 21:40:29 harrison-Surface-Pro-12in-1st-Ed-with-Snapdragon systemd[1]: cups.service: Deactivated successfully.
Jul 21 21:40:29 harrison-Surface-Pro-12in-1st-Ed-with-Snapdragon systemd[1]: Stopped cups.service - CUPS Scheduler.
Jul 21 21:40:29 harrison-Surface-Pro-12in-1st-Ed-with-Snapdragon systemd[1]: upower.service: Deactivated successfully.
Jul 21 21:40:29 harrison-Surface-Pro-12in-1st-Ed-with-Snapdragon systemd[1]: Stopped upower.service - Daemon for power management.
Jul 21 21:40:29 harrison-Surface-Pro-12in-1st-Ed-with-Snapdragon systemd[1]: session-2.scope: Deactivated successfully.
Jul 21 21:40:29 harrison-Surface-Pro-12in-1st-Ed-with-Snapdragon systemd[1]: Stopped session-2.scope - Session 2 of User ubuntu.
Jul 21 21:40:29 harrison-Surface-Pro-12in-1st-Ed-with-Snapdragon systemd[1]: Stopping user@1000.service - User Manager for UID 1000...
Jul 21 21:40:29 harrison-Surface-Pro-12in-1st-Ed-with-Snapdragon systemd-logind[6815]: Removed session 2.
Jul 21 21:40:29 harrison-Surface-Pro-12in-1st-Ed-with-Snapdragon systemd[1]: user@1000.service: Deactivated successfully.
Jul 21 21:40:29 harrison-Surface-Pro-12in-1st-Ed-with-Snapdragon systemd[1]: Stopped user@1000.service - User Manager for UID 1000.
Jul 21 21:40:29 harrison-Surface-Pro-12in-1st-Ed-with-Snapdragon systemd[1]: user@1000.service: Consumed 8min 3.117s CPU time, 4.1G memory peak.
Jul 21 21:40:29 harrison-Surface-Pro-12in-1st-Ed-with-Snapdragon systemd[1]: Stopping systemd-oomd.service - Userspace Out-Of-Memory (OOM) Killer...
Jul 21 21:40:29 harrison-Surface-Pro-12in-1st-Ed-with-Snapdragon systemd[1]: Stopping systemd-user-sessions.service - Permit User Sessions...
Jul 21 21:40:29 harrison-Surface-Pro-12in-1st-Ed-with-Snapdragon systemd[1]: Stopping user-runtime-dir@1000.service - User Runtime Directory /run/user/1000...
Jul 21 21:40:29 harrison-Surface-Pro-12in-1st-Ed-with-Snapdragon systemd[1]: systemd-oomd.service: Deactivated successfully.
Jul 21 21:40:29 harrison-Surface-Pro-12in-1st-Ed-with-Snapdragon systemd[1]: Stopped systemd-oomd.service - Userspace Out-Of-Memory (OOM) Killer.
Jul 21 21:40:29 harrison-Surface-Pro-12in-1st-Ed-with-Snapdragon systemd[1]: run-user-1000.mount: Deactivated successfully.
Jul 21 21:40:29 harrison-Surface-Pro-12in-1st-Ed-with-Snapdragon systemd[1]: Unmounted run-user-1000.mount - /run/user/1000.
Jul 21 21:40:29 harrison-Surface-Pro-12in-1st-Ed-with-Snapdragon systemd[1]: systemd-user-sessions.service: Deactivated successfully.
Jul 21 21:40:29 harrison-Surface-Pro-12in-1st-Ed-with-Snapdragon systemd[1]: Stopped systemd-user-sessions.service - Permit User Sessions.
Jul 21 21:40:29 harrison-Surface-Pro-12in-1st-Ed-with-Snapdragon systemd[1]: user-runtime-dir@1000.service: Deactivated successfully.
Jul 21 21:40:29 harrison-Surface-Pro-12in-1st-Ed-with-Snapdragon systemd[1]: Stopped user-runtime-dir@1000.service - User Runtime Directory /run/user/1000.
Jul 21 21:40:29 harrison-Surface-Pro-12in-1st-Ed-with-Snapdragon systemd[1]: Removed slice user-1000.slice - User Slice of UID 1000.
Jul 21 21:40:29 harrison-Surface-Pro-12in-1st-Ed-with-Snapdragon systemd[1]: user-1000.slice: Consumed 8min 3.224s CPU time, 4.1G memory peak.
Jul 21 21:40:29 harrison-Surface-Pro-12in-1st-Ed-with-Snapdragon systemd[1]: Stopped target network.target - Network.
Jul 21 21:40:29 harrison-Surface-Pro-12in-1st-Ed-with-Snapdragon systemd[1]: Stopped target remote-fs.target - Remote File Systems.
Jul 21 21:40:29 harrison-Surface-Pro-12in-1st-Ed-with-Snapdragon systemd[1]: Stopping NetworkManager.service - Network Manager...
Jul 21 21:40:29 harrison-Surface-Pro-12in-1st-Ed-with-Snapdragon NetworkManager[6887]: <info>  [1753090829.5676] caught SIGTERM, shutting down normally.
Jul 21 21:40:29 harrison-Surface-Pro-12in-1st-Ed-with-Snapdragon NetworkManager[6887]: <info>  [1753090829.5683] device (wlP4p1s0): state change: disconnected -> unmanaged (reason 'unmanaged-quitting', sys-iface-state: 'managed')
Jul 21 21:40:29 harrison-Surface-Pro-12in-1st-Ed-with-Snapdragon systemd[1]: Stopping systemd-logind.service - User Login Management...
Jul 21 21:40:29 harrison-Surface-Pro-12in-1st-Ed-with-Snapdragon systemd[1]: Stopping wpa_supplicant.service - WPA supplicant...
Jul 21 21:40:29 harrison-Surface-Pro-12in-1st-Ed-with-Snapdragon wpa_supplicant[6888]: p2p-dev-wlP4p1s: CTRL-EVENT-DSCP-POLICY clear_all
Jul 21 21:40:29 harrison-Surface-Pro-12in-1st-Ed-with-Snapdragon wpa_supplicant[6888]: p2p-dev-wlP4p1s: CTRL-EVENT-DSCP-POLICY clear_all
Jul 21 21:40:29 harrison-Surface-Pro-12in-1st-Ed-with-Snapdragon wpa_supplicant[6888]: nl80211: deinit ifname=p2p-dev-wlP4p1s disabled_11b_rates=0
Jul 21 21:40:29 harrison-Surface-Pro-12in-1st-Ed-with-Snapdragon NetworkManager[6887]: <info>  [1753090829.5940] device (p2p-dev-wlP4p1s0): state change: disconnected -> unmanaged (reason 'unmanaged-link-not-init', sys-iface-state: 'removed')
Jul 21 21:40:29 harrison-Surface-Pro-12in-1st-Ed-with-Snapdragon dbus-daemon[6795]: [system] Activating via systemd: service name='org.freedesktop.nm_dispatcher' unit='dbus-org.freedesktop.nm-dispatcher.service' requested by ':1.15' (uid=0 pid=6887 comm="/usr/sbin/NetworkManager --no-daemon")
Jul 21 21:40:29 harrison-Surface-Pro-12in-1st-Ed-with-Snapdragon systemd[1]: Requested transaction contradicts existing jobs: Transaction for NetworkManager-dispatcher.service/start is destructive (time-set.target has 'stop' job queued, but 'start' is included in transaction).
Jul 21 21:40:29 harrison-Surface-Pro-12in-1st-Ed-with-Snapdragon dbus-daemon[6795]: [system] Activation via systemd failed for unit 'dbus-org.freedesktop.nm-dispatcher.service': Transaction for NetworkManager-dispatcher.service/start is destructive (time-set.target has 'stop' job queued, but 'start' is included in transaction).
Jul 21 21:40:29 harrison-Surface-Pro-12in-1st-Ed-with-Snapdragon systemd[1]: systemd-logind.service: Deactivated successfully.
Jul 21 21:40:29 harrison-Surface-Pro-12in-1st-Ed-with-Snapdragon systemd[1]: Stopped systemd-logind.service - User Login Management.
Jul 21 21:40:29 harrison-Surface-Pro-12in-1st-Ed-with-Snapdragon systemd[1]: Stopped target nss-user-lookup.target - User and Group Name Lookups.
Jul 21 21:40:29 harrison-Surface-Pro-12in-1st-Ed-with-Snapdragon wpa_supplicant[6888]: p2p-dev-wlP4p1s: CTRL-EVENT-TERMINATING
Jul 21 21:40:29 harrison-Surface-Pro-12in-1st-Ed-with-Snapdragon wpa_supplicant[6888]: wlP4p1s0: CTRL-EVENT-DSCP-POLICY clear_all
Jul 21 21:40:29 harrison-Surface-Pro-12in-1st-Ed-with-Snapdragon NetworkManager[6887]: <info>  [1753090829.6320] exiting (success)
Jul 21 21:40:29 harrison-Surface-Pro-12in-1st-Ed-with-Snapdragon systemd[1]: NetworkManager.service: Deactivated successfully.
Jul 21 21:40:29 harrison-Surface-Pro-12in-1st-Ed-with-Snapdragon systemd[1]: Stopped NetworkManager.service - Network Manager.
Jul 21 21:40:29 harrison-Surface-Pro-12in-1st-Ed-with-Snapdragon systemd[1]: Stopped target network-pre.target - Preparation for Network.
Jul 21 21:40:29 harrison-Surface-Pro-12in-1st-Ed-with-Snapdragon wpa_supplicant[6888]: wlP4p1s0: CTRL-EVENT-DSCP-POLICY clear_all
Jul 21 21:40:29 harrison-Surface-Pro-12in-1st-Ed-with-Snapdragon wpa_supplicant[6888]: nl80211: deinit ifname=wlP4p1s0 disabled_11b_rates=0
Jul 21 21:40:29 harrison-Surface-Pro-12in-1st-Ed-with-Snapdragon wpa_supplicant[6888]: wlP4p1s0: CTRL-EVENT-TERMINATING
Jul 21 21:40:29 harrison-Surface-Pro-12in-1st-Ed-with-Snapdragon systemd[1]: wpa_supplicant.service: Deactivated successfully.
Jul 21 21:40:29 harrison-Surface-Pro-12in-1st-Ed-with-Snapdragon systemd[1]: Stopped wpa_supplicant.service - WPA supplicant.
Jul 21 21:40:31 harrison-Surface-Pro-12in-1st-Ed-with-Snapdragon snapd[6807]: overlord.go:528: Released state lock file
Jul 21 21:40:31 harrison-Surface-Pro-12in-1st-Ed-with-Snapdragon systemd[1]: snapd.service: Deactivated successfully.
Jul 21 21:40:31 harrison-Surface-Pro-12in-1st-Ed-with-Snapdragon systemd[1]: Stopped snapd.service - Snap Daemon.
Jul 21 21:40:31 harrison-Surface-Pro-12in-1st-Ed-with-Snapdragon systemd[1]: snapd.service: Consumed 3.172s CPU time, 74M memory peak.
Jul 21 21:40:31 harrison-Surface-Pro-12in-1st-Ed-with-Snapdragon systemd[1]: Stopped target basic.target - Basic System.
Jul 21 21:40:31 harrison-Surface-Pro-12in-1st-Ed-with-Snapdragon systemd[1]: Stopped target paths.target - Path Units.
Jul 21 21:40:31 harrison-Surface-Pro-12in-1st-Ed-with-Snapdragon systemd[1]: cups.path: Deactivated successfully.
Jul 21 21:40:31 harrison-Surface-Pro-12in-1st-Ed-with-Snapdragon systemd[1]: Stopped cups.path - CUPS Scheduler.
Jul 21 21:40:31 harrison-Surface-Pro-12in-1st-Ed-with-Snapdragon systemd[1]: whoopsie.path: Deactivated successfully.
Jul 21 21:40:31 harrison-Surface-Pro-12in-1st-Ed-with-Snapdragon systemd[1]: Stopped whoopsie.path - Start whoopsie on modification of the /var/crash directory.
Jul 21 21:40:31 harrison-Surface-Pro-12in-1st-Ed-with-Snapdragon systemd[1]: Stopped target slices.target - Slice Units.
Jul 21 21:40:31 harrison-Surface-Pro-12in-1st-Ed-with-Snapdragon systemd[1]: Removed slice user.slice - User and Session Slice.
Jul 21 21:40:31 harrison-Surface-Pro-12in-1st-Ed-with-Snapdragon systemd[1]: user.slice: Consumed 8min 9.361s CPU time, 4.3G memory peak.
Jul 21 21:40:31 harrison-Surface-Pro-12in-1st-Ed-with-Snapdragon systemd[1]: Stopped target sockets.target - Socket Units.
Jul 21 21:40:31 harrison-Surface-Pro-12in-1st-Ed-with-Snapdragon systemd[1]: Stopped target time-set.target - System Time Set.
Jul 21 21:40:31 harrison-Surface-Pro-12in-1st-Ed-with-Snapdragon systemd[1]: avahi-daemon.socket: Deactivated successfully.
Jul 21 21:40:31 harrison-Surface-Pro-12in-1st-Ed-with-Snapdragon systemd[1]: Closed avahi-daemon.socket - Avahi mDNS/DNS-SD Stack Activation Socket.
Jul 21 21:40:31 harrison-Surface-Pro-12in-1st-Ed-with-Snapdragon systemd[1]: cups.socket: Deactivated successfully.
Jul 21 21:40:31 harrison-Surface-Pro-12in-1st-Ed-with-Snapdragon systemd[1]: Closed cups.socket - CUPS Scheduler.
Jul 21 21:40:31 harrison-Surface-Pro-12in-1st-Ed-with-Snapdragon systemd[1]: snapd.socket: Deactivated successfully.
Jul 21 21:40:31 harrison-Surface-Pro-12in-1st-Ed-with-Snapdragon systemd[1]: Closed snapd.socket - Socket activation for snappy daemon.
Jul 21 21:40:31 harrison-Surface-Pro-12in-1st-Ed-with-Snapdragon systemd[1]: syslog.socket: Deactivated successfully.
Jul 21 21:40:31 harrison-Surface-Pro-12in-1st-Ed-with-Snapdragon systemd[1]: Closed syslog.socket - Syslog Socket.
Jul 21 21:40:31 harrison-Surface-Pro-12in-1st-Ed-with-Snapdragon systemd[1]: systemd-hostnamed.socket: Deactivated successfully.
Jul 21 21:40:31 harrison-Surface-Pro-12in-1st-Ed-with-Snapdragon systemd[1]: Closed systemd-hostnamed.socket - Hostname Service Socket.
Jul 21 21:40:31 harrison-Surface-Pro-12in-1st-Ed-with-Snapdragon systemd[1]: systemd-oomd.socket: Deactivated successfully.
Jul 21 21:40:31 harrison-Surface-Pro-12in-1st-Ed-with-Snapdragon systemd[1]: Closed systemd-oomd.socket - Userspace Out-Of-Memory (OOM) Killer Socket.
Jul 21 21:40:31 harrison-Surface-Pro-12in-1st-Ed-with-Snapdragon systemd[1]: uuidd.socket: Deactivated successfully.
Jul 21 21:40:31 harrison-Surface-Pro-12in-1st-Ed-with-Snapdragon systemd[1]: Closed uuidd.socket - UUID daemon activation socket.
Jul 21 21:40:31 harrison-Surface-Pro-12in-1st-Ed-with-Snapdragon systemd[1]: Stopped target sysinit.target - System Initialization.
Jul 21 21:40:31 harrison-Surface-Pro-12in-1st-Ed-with-Snapdragon systemd[1]: Stopped target cryptsetup.target - Local Encrypted Volumes.
Jul 21 21:40:31 harrison-Surface-Pro-12in-1st-Ed-with-Snapdragon systemd[1]: systemd-ask-password-console.path: Deactivated successfully.
Jul 21 21:40:31 harrison-Surface-Pro-12in-1st-Ed-with-Snapdragon systemd[1]: Stopped systemd-ask-password-console.path - Dispatch Password Requests to Console Directory Watch.
Jul 21 21:40:31 harrison-Surface-Pro-12in-1st-Ed-with-Snapdragon systemd[1]: systemd-ask-password-wall.path: Deactivated successfully.
Jul 21 21:40:31 harrison-Surface-Pro-12in-1st-Ed-with-Snapdragon systemd[1]: Stopped systemd-ask-password-wall.path - Forward Password Requests to Wall Directory Watch.
Jul 21 21:40:31 harrison-Surface-Pro-12in-1st-Ed-with-Snapdragon systemd[1]: Stopped target integritysetup.target - Local Integrity Protected Volumes.
Jul 21 21:40:31 harrison-Surface-Pro-12in-1st-Ed-with-Snapdragon systemd[1]: Stopped target veritysetup.target - Local Verity Protected Volumes.
Jul 21 21:40:31 harrison-Surface-Pro-12in-1st-Ed-with-Snapdragon systemd[1]: cloud-init-network.service: Deactivated successfully.
Jul 21 21:40:31 harrison-Surface-Pro-12in-1st-Ed-with-Snapdragon systemd[1]: Stopped cloud-init-network.service - Cloud-init: Network Stage.
Jul 21 21:40:31 harrison-Surface-Pro-12in-1st-Ed-with-Snapdragon systemd[1]: cloud-init-local.service: Deactivated successfully.
Jul 21 21:40:31 harrison-Surface-Pro-12in-1st-Ed-with-Snapdragon systemd[1]: Stopped cloud-init-local.service - Cloud-init: Local Stage (pre-network).
Jul 21 21:40:31 harrison-Surface-Pro-12in-1st-Ed-with-Snapdragon systemd[1]: Stopping systemd-backlight@backlight:backlight.service - Load/Save Screen Backlight Brightness of backlight:backlight...
Jul 21 21:40:31 harrison-Surface-Pro-12in-1st-Ed-with-Snapdragon systemd[1]: Stopping systemd-binfmt.service - Set Up Additional Binary Formats...
Jul 21 21:40:31 harrison-Surface-Pro-12in-1st-Ed-with-Snapdragon systemd[1]: Stopping systemd-resolved.service - Network Name Resolution...
Jul 21 21:40:31 harrison-Surface-Pro-12in-1st-Ed-with-Snapdragon systemd[1]: Stopping systemd-timesyncd.service - Network Time Synchronization...
Jul 21 21:40:31 harrison-Surface-Pro-12in-1st-Ed-with-Snapdragon systemd[1]: Stopping systemd-update-utmp.service - Record System Boot/Shutdown in UTMP...
Jul 21 21:40:31 harrison-Surface-Pro-12in-1st-Ed-with-Snapdragon systemd[1]: systemd-timesyncd.service: Deactivated successfully.
Jul 21 21:40:31 harrison-Surface-Pro-12in-1st-Ed-with-Snapdragon systemd[1]: Stopped systemd-timesyncd.service - Network Time Synchronization.
Jul 21 21:40:31 harrison-Surface-Pro-12in-1st-Ed-with-Snapdragon systemd[1]: systemd-resolved.service: Deactivated successfully.
Jul 21 21:40:31 harrison-Surface-Pro-12in-1st-Ed-with-Snapdragon systemd[1]: Stopped systemd-resolved.service - Network Name Resolution.
Jul 21 21:40:31 harrison-Surface-Pro-12in-1st-Ed-with-Snapdragon systemd[1]: run-credentials-systemd\x2dresolved.service.mount: Deactivated successfully.
Jul 21 21:40:31 harrison-Surface-Pro-12in-1st-Ed-with-Snapdragon systemd[1]: systemd-backlight@backlight:backlight.service: Deactivated successfully.
Jul 21 21:40:31 harrison-Surface-Pro-12in-1st-Ed-with-Snapdragon systemd[1]: Stopped systemd-backlight@backlight:backlight.service - Load/Save Screen Backlight Brightness of backlight:backlight.
Jul 21 21:40:31 harrison-Surface-Pro-12in-1st-Ed-with-Snapdragon systemd[1]: systemd-binfmt.service: Deactivated successfully.
Jul 21 21:40:31 harrison-Surface-Pro-12in-1st-Ed-with-Snapdragon systemd[1]: Stopped systemd-binfmt.service - Set Up Additional Binary Formats.
Jul 21 21:40:31 harrison-Surface-Pro-12in-1st-Ed-with-Snapdragon systemd[1]: Removed slice system-systemd\x2dbacklight.slice - Slice /system/systemd-backlight.
Jul 21 21:40:31 harrison-Surface-Pro-12in-1st-Ed-with-Snapdragon systemd[1]: proc-sys-fs-binfmt_misc.automount: Deactivated successfully.
Jul 21 21:40:31 harrison-Surface-Pro-12in-1st-Ed-with-Snapdragon systemd[1]: Unset automount proc-sys-fs-binfmt_misc.automount - Arbitrary Executable File Formats File System Automount Point.
Jul 21 21:40:31 harrison-Surface-Pro-12in-1st-Ed-with-Snapdragon systemd[1]: systemd-sysctl.service: Deactivated successfully.
Jul 21 21:40:31 harrison-Surface-Pro-12in-1st-Ed-with-Snapdragon systemd[1]: Stopped systemd-sysctl.service - Apply Kernel Variables.
Jul 21 21:40:31 harrison-Surface-Pro-12in-1st-Ed-with-Snapdragon systemd[1]: systemd-modules-load.service: Deactivated successfully.
Jul 21 21:40:31 harrison-Surface-Pro-12in-1st-Ed-with-Snapdragon systemd[1]: Stopped systemd-modules-load.service - Load Kernel Modules.
Jul 21 21:40:31 harrison-Surface-Pro-12in-1st-Ed-with-Snapdragon systemd[1]: proc-sys-fs-binfmt_misc.mount: Deactivated successfully.
Jul 21 21:40:31 harrison-Surface-Pro-12in-1st-Ed-with-Snapdragon systemd[1]: run-credentials-systemd\x2dsysctl.service.mount: Deactivated successfully.
Jul 21 21:40:31 harrison-Surface-Pro-12in-1st-Ed-with-Snapdragon systemd[1]: systemd-update-utmp.service: Deactivated successfully.
Jul 21 21:40:31 harrison-Surface-Pro-12in-1st-Ed-with-Snapdragon systemd[1]: Stopped systemd-update-utmp.service - Record System Boot/Shutdown in UTMP.
Jul 21 21:40:31 harrison-Surface-Pro-12in-1st-Ed-with-Snapdragon systemd[1]: systemd-tmpfiles-setup.service: Deactivated successfully.
Jul 21 21:40:31 harrison-Surface-Pro-12in-1st-Ed-with-Snapdragon systemd[1]: Stopped systemd-tmpfiles-setup.service - Create System Files and Directories.
Jul 21 21:40:31 harrison-Surface-Pro-12in-1st-Ed-with-Snapdragon systemd[1]: Stopped target local-fs.target - Local File Systems.
Jul 21 21:40:31 harrison-Surface-Pro-12in-1st-Ed-with-Snapdragon systemd[1]: Stopped target snapd.mounts.target - Mounted snaps.
Jul 21 21:40:31 harrison-Surface-Pro-12in-1st-Ed-with-Snapdragon systemd[1]: Unmounting boot-efi.mount - /boot/efi...
Jul 21 21:40:31 harrison-Surface-Pro-12in-1st-Ed-with-Snapdragon systemd[1]: Unmounting run-lock.mount - Legacy Locks Directory /run/lock...
Jul 21 21:40:31 harrison-Surface-Pro-12in-1st-Ed-with-Snapdragon systemd[1]: Unmounting run-snapd-ns-prompting\x2dclient.mnt.mount - /run/snapd/ns/prompting-client.mnt...
Jul 21 21:40:31 harrison-Surface-Pro-12in-1st-Ed-with-Snapdragon systemd[1]: Unmounting run-snapd-ns-snapd\x2ddesktop\x2dintegration.mnt.mount - /run/snapd/ns/snapd-desktop-integration.mnt...
Jul 21 21:40:31 harrison-Surface-Pro-12in-1st-Ed-with-Snapdragon systemd[1]: Unmounting snap-bare-5.mount - Mount unit for bare, revision 5...
Jul 21 21:40:31 harrison-Surface-Pro-12in-1st-Ed-with-Snapdragon systemd[1]: Unmounting snap-core22-1624.mount - Mount unit for core22, revision 1624...
Jul 21 21:40:31 harrison-Surface-Pro-12in-1st-Ed-with-Snapdragon systemd[1]: Unmounting snap-core22-2049.mount - Mount unit for core22, revision 2049...
Jul 21 21:40:31 harrison-Surface-Pro-12in-1st-Ed-with-Snapdragon systemd[1]: Unmounting snap-desktop\x2dsecurity\x2dcenter-33.mount - Mount unit for desktop-security-center, revision 33...
Jul 21 21:40:31 harrison-Surface-Pro-12in-1st-Ed-with-Snapdragon systemd[1]: Unmounting snap-desktop\x2dsecurity\x2dcenter-60.mount - Mount unit for desktop-security-center, revision 60...
Jul 21 21:40:31 harrison-Surface-Pro-12in-1st-Ed-with-Snapdragon systemd[1]: Unmounting snap-firefox-5015.mount - Mount unit for firefox, revision 5015...
Jul 21 21:40:31 harrison-Surface-Pro-12in-1st-Ed-with-Snapdragon systemd[1]: Unmounting snap-firefox-6492.mount - Mount unit for firefox, revision 6492...
Jul 21 21:40:31 harrison-Surface-Pro-12in-1st-Ed-with-Snapdragon systemd[1]: Unmounting snap-gnome\x2d42\x2d2204-178.mount - Mount unit for gnome-42-2204, revision 178...
Jul 21 21:40:31 harrison-Surface-Pro-12in-1st-Ed-with-Snapdragon systemd[1]: Unmounting snap-gnome\x2d42\x2d2204-201.mount - Mount unit for gnome-42-2204, revision 201...
Jul 21 21:40:31 harrison-Surface-Pro-12in-1st-Ed-with-Snapdragon systemd[1]: Unmounting snap-gtk\x2dcommon\x2dthemes-1535.mount - Mount unit for gtk-common-themes, revision 1535...
Jul 21 21:40:31 harrison-Surface-Pro-12in-1st-Ed-with-Snapdragon systemd[1]: Unmounting snap-prompting\x2dclient-105.mount - Mount unit for prompting-client, revision 105...
Jul 21 21:40:31 harrison-Surface-Pro-12in-1st-Ed-with-Snapdragon systemd[1]: Unmounting snap-prompting\x2dclient-52.mount - Mount unit for prompting-client, revision 52...
Jul 21 21:40:31 harrison-Surface-Pro-12in-1st-Ed-with-Snapdragon systemd[1]: Unmounting snap-snap\x2dstore-1219.mount - Mount unit for snap-store, revision 1219...
Jul 21 21:40:31 harrison-Surface-Pro-12in-1st-Ed-with-Snapdragon systemd[1]: Unmounting snap-snap\x2dstore-1271.mount - Mount unit for snap-store, revision 1271...
Jul 21 21:40:31 harrison-Surface-Pro-12in-1st-Ed-with-Snapdragon systemd[1]: Unmounting snap-snapd-22992.mount - Mount unit for snapd, revision 22992...
Jul 21 21:40:31 harrison-Surface-Pro-12in-1st-Ed-with-Snapdragon systemd[1]: Unmounting snap-snapd-24787.mount - Mount unit for snapd, revision 24787...
Jul 21 21:40:31 harrison-Surface-Pro-12in-1st-Ed-with-Snapdragon systemd[1]: Unmounting snap-snapd\x2ddesktop\x2dintegration-249.mount - Mount unit for snapd-desktop-integration, revision 249...
Jul 21 21:40:31 harrison-Surface-Pro-12in-1st-Ed-with-Snapdragon systemd[1]: Unmounting snap-snapd\x2ddesktop\x2dintegration-316.mount - Mount unit for snapd-desktop-integration, revision 316...
Jul 21 21:40:31 harrison-Surface-Pro-12in-1st-Ed-with-Snapdragon systemd[1]: Unmounting snap-thunderbird-491.mount - Mount unit for thunderbird, revision 491...
Jul 21 21:40:31 harrison-Surface-Pro-12in-1st-Ed-with-Snapdragon systemd[1]: Unmounting tmp.mount - Temporary Directory /tmp...
Jul 21 21:40:31 harrison-Surface-Pro-12in-1st-Ed-with-Snapdragon systemd[1]: run-credentials-systemd\x2dtmpfiles\x2dsetup.service.mount: Deactivated successfully.
Jul 21 21:40:31 harrison-Surface-Pro-12in-1st-Ed-with-Snapdragon systemd[1]: boot-efi.mount: Deactivated successfully.
Jul 21 21:40:31 harrison-Surface-Pro-12in-1st-Ed-with-Snapdragon systemd[1]: Unmounted boot-efi.mount - /boot/efi.
Jul 21 21:40:31 harrison-Surface-Pro-12in-1st-Ed-with-Snapdragon systemd[1]: run-lock.mount: Deactivated successfully.
Jul 21 21:40:31 harrison-Surface-Pro-12in-1st-Ed-with-Snapdragon systemd[1]: Unmounted run-lock.mount - Legacy Locks Directory /run/lock.
Jul 21 21:40:31 harrison-Surface-Pro-12in-1st-Ed-with-Snapdragon systemd[1]: run-snapd-ns-prompting\x2dclient.mnt.mount: Deactivated successfully.
Jul 21 21:40:31 harrison-Surface-Pro-12in-1st-Ed-with-Snapdragon systemd[1]: Unmounted run-snapd-ns-prompting\x2dclient.mnt.mount - /run/snapd/ns/prompting-client.mnt.
Jul 21 21:40:31 harrison-Surface-Pro-12in-1st-Ed-with-Snapdragon systemd[1]: run-snapd-ns-snapd\x2ddesktop\x2dintegration.mnt.mount: Deactivated successfully.
Jul 21 21:40:31 harrison-Surface-Pro-12in-1st-Ed-with-Snapdragon systemd[1]: Unmounted run-snapd-ns-snapd\x2ddesktop\x2dintegration.mnt.mount - /run/snapd/ns/snapd-desktop-integration.mnt.
Jul 21 21:40:31 harrison-Surface-Pro-12in-1st-Ed-with-Snapdragon systemd[1]: snap-bare-5.mount: Deactivated successfully.
Jul 21 21:40:31 harrison-Surface-Pro-12in-1st-Ed-with-Snapdragon systemd[1]: Unmounted snap-bare-5.mount - Mount unit for bare, revision 5.
Jul 21 21:40:31 harrison-Surface-Pro-12in-1st-Ed-with-Snapdragon systemd[1]: snap-core22-1624.mount: Deactivated successfully.
Jul 21 21:40:31 harrison-Surface-Pro-12in-1st-Ed-with-Snapdragon systemd[1]: Unmounted snap-core22-1624.mount - Mount unit for core22, revision 1624.
Jul 21 21:40:31 harrison-Surface-Pro-12in-1st-Ed-with-Snapdragon systemd[1]: snap-core22-2049.mount: Deactivated successfully.
Jul 21 21:40:31 harrison-Surface-Pro-12in-1st-Ed-with-Snapdragon systemd[1]: Unmounted snap-core22-2049.mount - Mount unit for core22, revision 2049.
Jul 21 21:40:31 harrison-Surface-Pro-12in-1st-Ed-with-Snapdragon systemd[1]: snap-desktop\x2dsecurity\x2dcenter-33.mount: Deactivated successfully.
Jul 21 21:40:31 harrison-Surface-Pro-12in-1st-Ed-with-Snapdragon systemd[1]: Unmounted snap-desktop\x2dsecurity\x2dcenter-33.mount - Mount unit for desktop-security-center, revision 33.
Jul 21 21:40:31 harrison-Surface-Pro-12in-1st-Ed-with-Snapdragon systemd[1]: snap-desktop\x2dsecurity\x2dcenter-60.mount: Deactivated successfully.
Jul 21 21:40:31 harrison-Surface-Pro-12in-1st-Ed-with-Snapdragon systemd[1]: Unmounted snap-desktop\x2dsecurity\x2dcenter-60.mount - Mount unit for desktop-security-center, revision 60.
Jul 21 21:40:31 harrison-Surface-Pro-12in-1st-Ed-with-Snapdragon systemd[1]: snap-firefox-5015.mount: Deactivated successfully.
Jul 21 21:40:31 harrison-Surface-Pro-12in-1st-Ed-with-Snapdragon systemd[1]: Unmounted snap-firefox-5015.mount - Mount unit for firefox, revision 5015.
Jul 21 21:40:31 harrison-Surface-Pro-12in-1st-Ed-with-Snapdragon systemd[1]: snap-firefox-6492.mount: Deactivated successfully.
Jul 21 21:40:31 harrison-Surface-Pro-12in-1st-Ed-with-Snapdragon systemd[1]: Unmounted snap-firefox-6492.mount - Mount unit for firefox, revision 6492.
Jul 21 21:40:31 harrison-Surface-Pro-12in-1st-Ed-with-Snapdragon systemd[1]: snap-gnome\x2d42\x2d2204-178.mount: Deactivated successfully.
Jul 21 21:40:31 harrison-Surface-Pro-12in-1st-Ed-with-Snapdragon systemd[1]: Unmounted snap-gnome\x2d42\x2d2204-178.mount - Mount unit for gnome-42-2204, revision 178.
Jul 21 21:40:31 harrison-Surface-Pro-12in-1st-Ed-with-Snapdragon systemd[1]: snap-gnome\x2d42\x2d2204-201.mount: Deactivated successfully.
Jul 21 21:40:31 harrison-Surface-Pro-12in-1st-Ed-with-Snapdragon systemd[1]: Unmounted snap-gnome\x2d42\x2d2204-201.mount - Mount unit for gnome-42-2204, revision 201.
Jul 21 21:40:31 harrison-Surface-Pro-12in-1st-Ed-with-Snapdragon systemd[1]: snap-gtk\x2dcommon\x2dthemes-1535.mount: Deactivated successfully.
Jul 21 21:40:31 harrison-Surface-Pro-12in-1st-Ed-with-Snapdragon systemd[1]: Unmounted snap-gtk\x2dcommon\x2dthemes-1535.mount - Mount unit for gtk-common-themes, revision 1535.
Jul 21 21:40:31 harrison-Surface-Pro-12in-1st-Ed-with-Snapdragon systemd[1]: snap-prompting\x2dclient-105.mount: Deactivated successfully.
Jul 21 21:40:31 harrison-Surface-Pro-12in-1st-Ed-with-Snapdragon systemd[1]: Unmounted snap-prompting\x2dclient-105.mount - Mount unit for prompting-client, revision 105.
Jul 21 21:40:31 harrison-Surface-Pro-12in-1st-Ed-with-Snapdragon systemd[1]: snap-prompting\x2dclient-52.mount: Deactivated successfully.
Jul 21 21:40:31 harrison-Surface-Pro-12in-1st-Ed-with-Snapdragon systemd[1]: Unmounted snap-prompting\x2dclient-52.mount - Mount unit for prompting-client, revision 52.
Jul 21 21:40:31 harrison-Surface-Pro-12in-1st-Ed-with-Snapdragon systemd[1]: snap-snap\x2dstore-1219.mount: Deactivated successfully.
Jul 21 21:40:31 harrison-Surface-Pro-12in-1st-Ed-with-Snapdragon systemd[1]: Unmounted snap-snap\x2dstore-1219.mount - Mount unit for snap-store, revision 1219.
Jul 21 21:40:31 harrison-Surface-Pro-12in-1st-Ed-with-Snapdragon systemd[1]: snap-snap\x2dstore-1271.mount: Deactivated successfully.
Jul 21 21:40:31 harrison-Surface-Pro-12in-1st-Ed-with-Snapdragon systemd[1]: Unmounted snap-snap\x2dstore-1271.mount - Mount unit for snap-store, revision 1271.
Jul 21 21:40:31 harrison-Surface-Pro-12in-1st-Ed-with-Snapdragon systemd[1]: snap-snapd-22992.mount: Deactivated successfully.
Jul 21 21:40:31 harrison-Surface-Pro-12in-1st-Ed-with-Snapdragon systemd[1]: Unmounted snap-snapd-22992.mount - Mount unit for snapd, revision 22992.
Jul 21 21:40:31 harrison-Surface-Pro-12in-1st-Ed-with-Snapdragon systemd[1]: snap-snapd-24787.mount: Deactivated successfully.
Jul 21 21:40:31 harrison-Surface-Pro-12in-1st-Ed-with-Snapdragon systemd[1]: Unmounted snap-snapd-24787.mount - Mount unit for snapd, revision 24787.
Jul 21 21:40:31 harrison-Surface-Pro-12in-1st-Ed-with-Snapdragon systemd[1]: snap-snapd\x2ddesktop\x2dintegration-249.mount: Deactivated successfully.
Jul 21 21:40:31 harrison-Surface-Pro-12in-1st-Ed-with-Snapdragon systemd[1]: Unmounted snap-snapd\x2ddesktop\x2dintegration-249.mount - Mount unit for snapd-desktop-integration, revision 249.
Jul 21 21:40:31 harrison-Surface-Pro-12in-1st-Ed-with-Snapdragon systemd[1]: snap-snapd\x2ddesktop\x2dintegration-316.mount: Deactivated successfully.
Jul 21 21:40:31 harrison-Surface-Pro-12in-1st-Ed-with-Snapdragon systemd[1]: Unmounted snap-snapd\x2ddesktop\x2dintegration-316.mount - Mount unit for snapd-desktop-integration, revision 316.
Jul 21 21:40:31 harrison-Surface-Pro-12in-1st-Ed-with-Snapdragon systemd[1]: snap-thunderbird-491.mount: Deactivated successfully.
Jul 21 21:40:31 harrison-Surface-Pro-12in-1st-Ed-with-Snapdragon systemd[1]: Unmounted snap-thunderbird-491.mount - Mount unit for thunderbird, revision 491.
Jul 21 21:40:31 harrison-Surface-Pro-12in-1st-Ed-with-Snapdragon systemd[1]: tmp.mount: Deactivated successfully.
Jul 21 21:40:31 harrison-Surface-Pro-12in-1st-Ed-with-Snapdragon systemd[1]: Unmounted tmp.mount - Temporary Directory /tmp.
Jul 21 21:40:32 harrison-Surface-Pro-12in-1st-Ed-with-Snapdragon systemd[1]: Stopped target snapd.mounts-pre.target - Mounting snaps.
Jul 21 21:40:32 harrison-Surface-Pro-12in-1st-Ed-with-Snapdragon systemd[1]: Unmounting run-snapd-ns.mount - /run/snapd/ns...
Jul 21 21:40:32 harrison-Surface-Pro-12in-1st-Ed-with-Snapdragon systemd[1]: systemd-fsck@dev-disk-by\x2dlabel-BOOT2410.service: Deactivated successfully.
Jul 21 21:40:32 harrison-Surface-Pro-12in-1st-Ed-with-Snapdragon systemd[1]: Stopped systemd-fsck@dev-disk-by\x2dlabel-BOOT2410.service - File System Check on /dev/disk/by-label/BOOT2410.
Jul 21 21:40:32 harrison-Surface-Pro-12in-1st-Ed-with-Snapdragon systemd[1]: Removed slice system-systemd\x2dfsck.slice - Slice /system/systemd-fsck.
Jul 21 21:40:32 harrison-Surface-Pro-12in-1st-Ed-with-Snapdragon systemd[1]: run-snapd-ns.mount: Deactivated successfully.
Jul 21 21:40:32 harrison-Surface-Pro-12in-1st-Ed-with-Snapdragon systemd[1]: Unmounted run-snapd-ns.mount - /run/snapd/ns.
Jul 21 21:40:32 harrison-Surface-Pro-12in-1st-Ed-with-Snapdragon systemd[1]: Stopped target local-fs-pre.target - Preparation for Local File Systems.
Jul 21 21:40:32 harrison-Surface-Pro-12in-1st-Ed-with-Snapdragon systemd[1]: Stopped target swap.target - Swaps.
Jul 21 21:40:32 harrison-Surface-Pro-12in-1st-Ed-with-Snapdragon systemd[1]: Reached target umount.target - Unmount All Filesystems.
Jul 21 21:40:32 harrison-Surface-Pro-12in-1st-Ed-with-Snapdragon systemd[1]: Stopping lvm2-monitor.service - Monitoring of LVM2 mirrors, snapshots etc. using dmeventd or progress polling...
Jul 21 21:40:32 harrison-Surface-Pro-12in-1st-Ed-with-Snapdragon systemd[1]: systemd-remount-fs.service: Deactivated successfully.
Jul 21 21:40:32 harrison-Surface-Pro-12in-1st-Ed-with-Snapdragon systemd[1]: Stopped systemd-remount-fs.service - Remount Root and Kernel File Systems.
Jul 21 21:40:32 harrison-Surface-Pro-12in-1st-Ed-with-Snapdragon systemd[1]: systemd-tmpfiles-setup-dev.service: Deactivated successfully.
Jul 21 21:40:32 harrison-Surface-Pro-12in-1st-Ed-with-Snapdragon systemd[1]: Stopped systemd-tmpfiles-setup-dev.service - Create Static Device Nodes in /dev.
Jul 21 21:40:32 harrison-Surface-Pro-12in-1st-Ed-with-Snapdragon systemd[1]: systemd-tmpfiles-setup-dev-early.service: Deactivated successfully.
Jul 21 21:40:32 harrison-Surface-Pro-12in-1st-Ed-with-Snapdragon systemd[1]: Stopped systemd-tmpfiles-setup-dev-early.service - Create Static Device Nodes in /dev gracefully.
Jul 21 21:40:32 harrison-Surface-Pro-12in-1st-Ed-with-Snapdragon systemd[1]: lvm2-monitor.service: Deactivated successfully.
Jul 21 21:40:32 harrison-Surface-Pro-12in-1st-Ed-with-Snapdragon systemd[1]: Stopped lvm2-monitor.service - Monitoring of LVM2 mirrors, snapshots etc. using dmeventd or progress polling.
Jul 21 21:40:32 harrison-Surface-Pro-12in-1st-Ed-with-Snapdragon systemd[1]: Reached target shutdown.target - System Shutdown.
Jul 21 21:40:32 harrison-Surface-Pro-12in-1st-Ed-with-Snapdragon systemd[1]: Reached target final.target - Late Shutdown Services.
Jul 21 21:40:32 harrison-Surface-Pro-12in-1st-Ed-with-Snapdragon systemd[1]: systemd-reboot.service: Deactivated successfully.
Jul 21 21:40:32 harrison-Surface-Pro-12in-1st-Ed-with-Snapdragon systemd[1]: Finished systemd-reboot.service - System Reboot.
Jul 21 21:40:32 harrison-Surface-Pro-12in-1st-Ed-with-Snapdragon systemd[1]: Reached target reboot.target - System Reboot.
Jul 21 21:40:32 harrison-Surface-Pro-12in-1st-Ed-with-Snapdragon systemd[1]: Shutting down.
Jul 21 21:40:32 harrison-Surface-Pro-12in-1st-Ed-with-Snapdragon systemd[1]: Using hardware watchdog 'SBSA Generic Watchdog', version 0, device /dev/watchdog0
Jul 21 21:40:32 harrison-Surface-Pro-12in-1st-Ed-with-Snapdragon systemd[1]: Watchdog running with a hardware timeout of 10min.
Jul 21 21:40:32 harrison-Surface-Pro-12in-1st-Ed-with-Snapdragon kernel: watchdog: watchdog0: watchdog did not stop!
Jul 21 21:40:32 harrison-Surface-Pro-12in-1st-Ed-with-Snapdragon systemd-shutdown[1]: Using hardware watchdog 'SBSA Generic Watchdog', version 0, device /dev/watchdog0
Jul 21 21:40:33 harrison-Surface-Pro-12in-1st-Ed-with-Snapdragon systemd-shutdown[1]: Watchdog running with a hardware timeout of 10min.
Jul 21 21:40:33 harrison-Surface-Pro-12in-1st-Ed-with-Snapdragon systemd-shutdown[1]: Syncing filesystems and block devices.
Jul 21 21:40:33 harrison-Surface-Pro-12in-1st-Ed-with-Snapdragon systemd-shutdown[1]: Sending SIGTERM to remaining processes...
Jul 21 21:40:33 harrison-Surface-Pro-12in-1st-Ed-with-Snapdragon systemd-journald[473]: Received SIGTERM from PID 1 (systemd-shutdow).
Jul 21 21:40:33 harrison-Surface-Pro-12in-1st-Ed-with-Snapdragon systemd-journald[473]: Journal stopped
-- Boot fec1fdd7ab744a41afcaebfcd0a4b90e --
Jul 21 21:41:02 harrison-Surface-Pro-12in-1st-Ed-with-Snapdragon kernel: Booting Linux on physical CPU 0x0000000000 [0x512f0011]
Jul 21 21:41:02 harrison-Surface-Pro-12in-1st-Ed-with-Snapdragon kernel: Linux version 6.16.0-rc5-jg-1-qcom-x1e (jglathe@angrybox) (aarch64-linux-gnu-gcc-14 (Ubuntu 14.2.0-19ubuntu2) 14.2.0, Ubuntu LLD 20.1.2) #1 SMP PREEMPT_DYNAMIC Sat Jul 12 11:50:03 CEST 2025
Jul 21 21:41:02 harrison-Surface-Pro-12in-1st-Ed-with-Snapdragon kernel: KASLR enabled
Jul 21 21:41:02 harrison-Surface-Pro-12in-1st-Ed-with-Snapdragon kernel: Machine model: Surface Pro 12 inch
Jul 21 21:41:02 harrison-Surface-Pro-12in-1st-Ed-with-Snapdragon kernel: efi: EFI v2.7 by Microsoft
Jul 21 21:41:02 harrison-Surface-Pro-12in-1st-Ed-with-Snapdragon kernel: efi: SMBIOS=0xd4f05000 SMBIOS 3.0=0xd4f03000 TPMFinalLog=0xd5440000 ACPI 2.0=0xd57c1018 MEMATTR=0xcee5f018 ESRT=0xd1616e98 TPMEventLog=0xd5539018 INITRD=0xced7cc18 RNG=0xd57c1a98 MEMRESERVE=0xced7c318 
Jul 21 21:41:02 harrison-Surface-Pro-12in-1st-Ed-with-Snapdragon kernel: random: crng init done
Jul 21 21:41:02 harrison-Surface-Pro-12in-1st-Ed-with-Snapdragon kernel: esrt: Reserving ESRT space from 0x00000000d1616e98 to 0x00000000d1616fc0.
Jul 21 21:41:02 harrison-Surface-Pro-12in-1st-Ed-with-Snapdragon kernel: Reserved memory: bypass linux,cma node, using cmdline CMA params instead
Jul 21 21:41:02 harrison-Surface-Pro-12in-1st-Ed-with-Snapdragon kernel: OF: reserved mem: node linux,cma compatible matching fail
Jul 21 21:41:02 harrison-Surface-Pro-12in-1st-Ed-with-Snapdragon kernel: OF: reserved mem: 0x0000000080000000..0x00000000807fffff (8192 KiB) nomap non-reusable gunyah-hyp@80000000
Jul 21 21:41:02 harrison-Surface-Pro-12in-1st-Ed-with-Snapdragon kernel: OF: reserved mem: 0x0000000080800000..0x00000000809fffff (2048 KiB) nomap non-reusable hyp-elf-package@80800000
Jul 21 21:41:02 harrison-Surface-Pro-12in-1st-Ed-with-Snapdragon kernel: OF: reserved mem: 0x0000000080a00000..0x0000000080dfffff (4096 KiB) nomap non-reusable ncc@80a00000
Jul 21 21:41:02 harrison-Surface-Pro-12in-1st-Ed-with-Snapdragon kernel: OF: reserved mem: 0x0000000080e00000..0x0000000080e3ffff (256 KiB) nomap non-reusable cpucp-log@80e00000
Jul 21 21:41:02 harrison-Surface-Pro-12in-1st-Ed-with-Snapdragon kernel: OF: reserved mem: 0x0000000080e40000..0x000000008137ffff (5376 KiB) nomap non-reusable cpucp@80e40000
Jul 21 21:41:02 harrison-Surface-Pro-12in-1st-Ed-with-Snapdragon kernel: OF: reserved mem: 0x0000000081380000..0x00000000813fffff (512 KiB) nomap non-reusable reserved-region@81380000
Jul 21 21:41:02 harrison-Surface-Pro-12in-1st-Ed-with-Snapdragon kernel: OF: reserved mem: 0x0000000081400000..0x000000008159ffff (1664 KiB) nomap non-reusable tags-region@81400000
Jul 21 21:41:02 harrison-Surface-Pro-12in-1st-Ed-with-Snapdragon kernel: OF: reserved mem: 0x0000000081a00000..0x0000000081a3ffff (256 KiB) nomap non-reusable xbl-dtlog@81a00000
Jul 21 21:41:02 harrison-Surface-Pro-12in-1st-Ed-with-Snapdragon kernel: OF: reserved mem: 0x0000000081a40000..0x0000000081bfffff (1792 KiB) nomap non-reusable xbl-ramdump@81a40000
Jul 21 21:41:02 harrison-Surface-Pro-12in-1st-Ed-with-Snapdragon kernel: OF: reserved mem: 0x0000000081c00000..0x0000000081c5ffff (384 KiB) nomap non-reusable aop-image@81c00000
Jul 21 21:41:02 harrison-Surface-Pro-12in-1st-Ed-with-Snapdragon kernel: OF: reserved mem: 0x0000000081c60000..0x0000000081c7ffff (128 KiB) nomap non-reusable aop-cmd-db@81c60000
Jul 21 21:41:02 harrison-Surface-Pro-12in-1st-Ed-with-Snapdragon kernel: OF: reserved mem: 0x0000000081c80000..0x0000000081c9ffff (128 KiB) nomap non-reusable aop-config@81c80000
Jul 21 21:41:02 harrison-Surface-Pro-12in-1st-Ed-with-Snapdragon kernel: OF: reserved mem: 0x0000000081ca0000..0x0000000081cdffff (256 KiB) nomap non-reusable tme-crash-dump@81ca0000
Jul 21 21:41:02 harrison-Surface-Pro-12in-1st-Ed-with-Snapdragon kernel: OF: reserved mem: 0x0000000081ce0000..0x0000000081ce3fff (16 KiB) nomap non-reusable tme-log@81ce0000
Jul 21 21:41:02 harrison-Surface-Pro-12in-1st-Ed-with-Snapdragon kernel: OF: reserved mem: 0x0000000081ce4000..0x0000000081cf3fff (64 KiB) nomap non-reusable uefi-log@81ce4000
Jul 21 21:41:02 harrison-Surface-Pro-12in-1st-Ed-with-Snapdragon kernel: OF: reserved mem: 0x0000000081cff000..0x0000000081cfffff (4 KiB) nomap non-reusable secdata-apss@81cff000
Jul 21 21:41:02 harrison-Surface-Pro-12in-1st-Ed-with-Snapdragon kernel: OF: reserved mem: 0x0000000081e00000..0x0000000081efffff (1024 KiB) nomap non-reusable pdp-ns-shared@81e00000
Jul 21 21:41:02 harrison-Surface-Pro-12in-1st-Ed-with-Snapdragon kernel: OF: reserved mem: 0x0000000081f00000..0x0000000081f0ffff (64 KiB) nomap non-reusable gpu-prr@81f00000
Jul 21 21:41:02 harrison-Surface-Pro-12in-1st-Ed-with-Snapdragon kernel: OF: reserved mem: 0x0000000081f10000..0x0000000081f1ffff (64 KiB) nomap non-reusable tpm-control@81f10000
Jul 21 21:41:02 harrison-Surface-Pro-12in-1st-Ed-with-Snapdragon kernel: OF: reserved mem: 0x0000000081f20000..0x0000000081f2ffff (64 KiB) nomap non-reusable usb-ucsi-shared@81f20000
Jul 21 21:41:02 harrison-Surface-Pro-12in-1st-Ed-with-Snapdragon kernel: OF: reserved mem: 0x0000000081f30000..0x0000000081f35fff (24 KiB) nomap non-reusable pld-pep@81f30000
Jul 21 21:41:02 harrison-Surface-Pro-12in-1st-Ed-with-Snapdragon kernel: OF: reserved mem: 0x0000000081f36000..0x0000000081f36fff (4 KiB) nomap non-reusable pld-gmu@81f36000
Jul 21 21:41:02 harrison-Surface-Pro-12in-1st-Ed-with-Snapdragon kernel: OF: reserved mem: 0x0000000081f37000..0x0000000081f37fff (4 KiB) nomap non-reusable pld-pdp@81f37000
Jul 21 21:41:02 harrison-Surface-Pro-12in-1st-Ed-with-Snapdragon kernel: OF: reserved mem: 0x0000000082700000..0x00000000827fffff (1024 KiB) nomap non-reusable tz-stat@82700000
Jul 21 21:41:02 harrison-Surface-Pro-12in-1st-Ed-with-Snapdragon kernel: OF: reserved mem: 0x0000000082800000..0x00000000833fffff (12288 KiB) nomap non-reusable xbl-tmp-buffer@82800000
Jul 21 21:41:02 harrison-Surface-Pro-12in-1st-Ed-with-Snapdragon kernel: OF: reserved mem: 0x0000000084b00000..0x00000000852fffff (8192 KiB) nomap non-reusable adsp-rpc-remote-heap@84b00000
Jul 21 21:41:02 harrison-Surface-Pro-12in-1st-Ed-with-Snapdragon kernel: OF: reserved mem: 0x0000000085300000..0x000000008537ffff (512 KiB) nomap non-reusable spu-secure-shared-memory@85300000
Jul 21 21:41:02 harrison-Surface-Pro-12in-1st-Ed-with-Snapdragon kernel: OF: reserved mem: 0x00000000866c0000..0x00000000866fffff (256 KiB) nomap non-reusable adsp-boot-dtb@866c0000
Jul 21 21:41:02 harrison-Surface-Pro-12in-1st-Ed-with-Snapdragon kernel: OF: reserved mem: 0x0000000086700000..0x0000000086afffff (4096 KiB) nomap non-reusable spss-region@86700000
Jul 21 21:41:02 harrison-Surface-Pro-12in-1st-Ed-with-Snapdragon kernel: OF: reserved mem: 0x0000000086b00000..0x00000000876fffff (12288 KiB) nomap non-reusable adsp-boot@86b00000
Jul 21 21:41:02 harrison-Surface-Pro-12in-1st-Ed-with-Snapdragon kernel: OF: reserved mem: 0x0000000087700000..0x0000000087dfffff (7168 KiB) nomap non-reusable video@87700000
Jul 21 21:41:02 harrison-Surface-Pro-12in-1st-Ed-with-Snapdragon kernel: OF: reserved mem: 0x0000000087e00000..0x000000008b7fffff (59392 KiB) nomap non-reusable adspslpi@87e00000
Jul 21 21:41:02 harrison-Surface-Pro-12in-1st-Ed-with-Snapdragon kernel: OF: reserved mem: 0x000000008b800000..0x000000008b87ffff (512 KiB) nomap non-reusable q6-adsp-dtb@8b800000
Jul 21 21:41:02 harrison-Surface-Pro-12in-1st-Ed-with-Snapdragon kernel: OF: reserved mem: 0x000000008b900000..0x000000008d8fffff (32768 KiB) nomap non-reusable cdsp@8b900000
Jul 21 21:41:02 harrison-Surface-Pro-12in-1st-Ed-with-Snapdragon kernel: OF: reserved mem: 0x000000008d900000..0x000000008d97ffff (512 KiB) nomap non-reusable q6-cdsp-dtb@8d900000
Jul 21 21:41:02 harrison-Surface-Pro-12in-1st-Ed-with-Snapdragon kernel: OF: reserved mem: 0x000000008d9fe000..0x000000008d9fffff (8 KiB) nomap non-reusable gpu-microcode@8d9fe000
Jul 21 21:41:02 harrison-Surface-Pro-12in-1st-Ed-with-Snapdragon kernel: OF: reserved mem: 0x000000008da00000..0x000000008e0fffff (7168 KiB) nomap non-reusable cvp@8da00000
Jul 21 21:41:02 harrison-Surface-Pro-12in-1st-Ed-with-Snapdragon kernel: OF: reserved mem: 0x000000008e100000..0x000000008e8fffff (8192 KiB) nomap non-reusable camera@8e100000
Jul 21 21:41:02 harrison-Surface-Pro-12in-1st-Ed-with-Snapdragon kernel: OF: reserved mem: 0x000000008e900000..0x000000008effffff (7168 KiB) nomap non-reusable av1-encoder@8e900000
Jul 21 21:41:02 harrison-Surface-Pro-12in-1st-Ed-with-Snapdragon kernel: OF: reserved mem: 0x000000008f000000..0x000000008f9fffff (10240 KiB) nomap non-reusable reserved-region@8f000000
Jul 21 21:41:02 harrison-Surface-Pro-12in-1st-Ed-with-Snapdragon kernel: OF: reserved mem: 0x000000008fa00000..0x00000000912fffff (25600 KiB) nomap non-reusable wpss@8fa00000
Jul 21 21:41:02 harrison-Surface-Pro-12in-1st-Ed-with-Snapdragon kernel: OF: reserved mem: 0x0000000091300000..0x000000009137ffff (512 KiB) nomap non-reusable q6-wpss-dtb@91300000
Jul 21 21:41:02 harrison-Surface-Pro-12in-1st-Ed-with-Snapdragon kernel: OF: reserved mem: 0x00000000d8000000..0x00000000d803ffff (256 KiB) nomap non-reusable xbl-sc@d8000000
Jul 21 21:41:02 harrison-Surface-Pro-12in-1st-Ed-with-Snapdragon kernel: OF: reserved mem: 0x00000000d8040000..0x00000000d80dffff (640 KiB) nomap non-reusable reserved-region@d8040000
Jul 21 21:41:02 harrison-Surface-Pro-12in-1st-Ed-with-Snapdragon kernel: OF: reserved mem: 0x00000000d80e0000..0x00000000d85fffff (5248 KiB) nomap non-reusable qtee@d80e0000
Jul 21 21:41:02 harrison-Surface-Pro-12in-1st-Ed-with-Snapdragon kernel: OF: reserved mem: 0x00000000d8600000..0x00000000e0ffffff (141312 KiB) nomap non-reusable ta@d8600000
Jul 21 21:41:02 harrison-Surface-Pro-12in-1st-Ed-with-Snapdragon kernel: OF: reserved mem: 0x00000000e1000000..0x00000000e369ffff (39552 KiB) nomap non-reusable tags@e1000000
Jul 21 21:41:02 harrison-Surface-Pro-12in-1st-Ed-with-Snapdragon kernel: OF: reserved mem: 0x00000000ff800000..0x00000000ffdfffff (6144 KiB) nomap non-reusable llcc-lpi@ff800000
Jul 21 21:41:02 harrison-Surface-Pro-12in-1st-Ed-with-Snapdragon kernel: OF: reserved mem: 0x00000000ffe00000..0x00000000ffffffff (2048 KiB) nomap non-reusable smem@ffe00000
Jul 21 21:41:02 harrison-Surface-Pro-12in-1st-Ed-with-Snapdragon kernel: NUMA: Faking a node at [mem 0x0000000080800000-0x0000000bffffffff]
Jul 21 21:41:02 harrison-Surface-Pro-12in-1st-Ed-with-Snapdragon kernel: NODE_DATA(0) allocated [mem 0xbfe0026c0-0xbfe007c3f]
Jul 21 21:41:02 harrison-Surface-Pro-12in-1st-Ed-with-Snapdragon kernel: Zone ranges:
Jul 21 21:41:02 harrison-Surface-Pro-12in-1st-Ed-with-Snapdragon kernel:   DMA      [mem 0x0000000080800000-0x00000000ffffffff]
Jul 21 21:41:02 harrison-Surface-Pro-12in-1st-Ed-with-Snapdragon kernel:   DMA32    empty
Jul 21 21:41:02 harrison-Surface-Pro-12in-1st-Ed-with-Snapdragon kernel:   Normal   [mem 0x0000000100000000-0x0000000bffffffff]
Jul 21 21:41:02 harrison-Surface-Pro-12in-1st-Ed-with-Snapdragon kernel:   Device   empty
Jul 21 21:41:02 harrison-Surface-Pro-12in-1st-Ed-with-Snapdragon kernel: Movable zone start for each node
Jul 21 21:41:02 harrison-Surface-Pro-12in-1st-Ed-with-Snapdragon kernel: Early memory node ranges
Jul 21 21:41:02 harrison-Surface-Pro-12in-1st-Ed-with-Snapdragon kernel:   node   0: [mem 0x0000000080800000-0x0000000080dfffff]
Jul 21 21:41:02 harrison-Surface-Pro-12in-1st-Ed-with-Snapdragon kernel:   node   0: [mem 0x00000000815a0000-0x00000000819fffff]
Jul 21 21:41:02 harrison-Surface-Pro-12in-1st-Ed-with-Snapdragon kernel:   node   0: [mem 0x0000000081a00000-0x0000000081a3ffff]
Jul 21 21:41:02 harrison-Surface-Pro-12in-1st-Ed-with-Snapdragon kernel:   node   0: [mem 0x0000000081d00000-0x0000000081dfffff]
Jul 21 21:41:02 harrison-Surface-Pro-12in-1st-Ed-with-Snapdragon kernel:   node   0: [mem 0x0000000081f00000-0x0000000081f37fff]
Jul 21 21:41:02 harrison-Surface-Pro-12in-1st-Ed-with-Snapdragon kernel:   node   0: [mem 0x0000000081f38000-0x00000000826fffff]
Jul 21 21:41:02 harrison-Surface-Pro-12in-1st-Ed-with-Snapdragon kernel:   node   0: [mem 0x0000000082800000-0x00000000833fffff]
Jul 21 21:41:02 harrison-Surface-Pro-12in-1st-Ed-with-Snapdragon kernel:   node   0: [mem 0x0000000083400000-0x0000000083efffff]
Jul 21 21:41:02 harrison-Surface-Pro-12in-1st-Ed-with-Snapdragon kernel:   node   0: [mem 0x0000000083f00000-0x0000000083ffffff]
Jul 21 21:41:02 harrison-Surface-Pro-12in-1st-Ed-with-Snapdragon kernel:   node   0: [mem 0x0000000084000000-0x0000000084afffff]
Jul 21 21:41:02 harrison-Surface-Pro-12in-1st-Ed-with-Snapdragon kernel:   node   0: [mem 0x0000000085380000-0x00000000866bffff]
Jul 21 21:41:02 harrison-Surface-Pro-12in-1st-Ed-with-Snapdragon kernel:   node   0: [mem 0x0000000091480000-0x00000000a7f00fff]
Jul 21 21:41:02 harrison-Surface-Pro-12in-1st-Ed-with-Snapdragon kernel:   node   0: [mem 0x00000000a7f01000-0x00000000a7f01fff]
Jul 21 21:41:02 harrison-Surface-Pro-12in-1st-Ed-with-Snapdragon kernel:   node   0: [mem 0x00000000a7f02000-0x00000000a7f04fff]
Jul 21 21:41:02 harrison-Surface-Pro-12in-1st-Ed-with-Snapdragon kernel:   node   0: [mem 0x00000000a7f05000-0x00000000a7f0cfff]
Jul 21 21:41:02 harrison-Surface-Pro-12in-1st-Ed-with-Snapdragon kernel:   node   0: [mem 0x00000000a7f0d000-0x00000000d4d60fff]
Jul 21 21:41:02 harrison-Surface-Pro-12in-1st-Ed-with-Snapdragon kernel:   node   0: [mem 0x00000000d4d61000-0x00000000d5447fff]
Jul 21 21:41:02 harrison-Surface-Pro-12in-1st-Ed-with-Snapdragon kernel:   node   0: [mem 0x00000000d5448000-0x00000000d7ffffff]
Jul 21 21:41:02 harrison-Surface-Pro-12in-1st-Ed-with-Snapdragon kernel:   node   0: [mem 0x00000000de5b0000-0x00000000e369ffff]
Jul 21 21:41:02 harrison-Surface-Pro-12in-1st-Ed-with-Snapdragon kernel:   node   0: [mem 0x00000000e36a0000-0x00000000e47fffff]
Jul 21 21:41:02 harrison-Surface-Pro-12in-1st-Ed-with-Snapdragon kernel:   node   0: [mem 0x00000000e4800000-0x00000000e69bffff]
Jul 21 21:41:02 harrison-Surface-Pro-12in-1st-Ed-with-Snapdragon kernel:   node   0: [mem 0x00000000e69c0000-0x00000000facfffff]
Jul 21 21:41:02 harrison-Surface-Pro-12in-1st-Ed-with-Snapdragon kernel:   node   0: [mem 0x0000000880000000-0x0000000bffffffff]
Jul 21 21:41:02 harrison-Surface-Pro-12in-1st-Ed-with-Snapdragon kernel: Initmem setup node 0 [mem 0x0000000080800000-0x0000000bffffffff]
Jul 21 21:41:02 harrison-Surface-Pro-12in-1st-Ed-with-Snapdragon kernel: On node 0, zone DMA: 2048 pages in unavailable ranges
Jul 21 21:41:02 harrison-Surface-Pro-12in-1st-Ed-with-Snapdragon kernel: On node 0, zone DMA: 1952 pages in unavailable ranges
Jul 21 21:41:02 harrison-Surface-Pro-12in-1st-Ed-with-Snapdragon kernel: On node 0, zone DMA: 704 pages in unavailable ranges
Jul 21 21:41:02 harrison-Surface-Pro-12in-1st-Ed-with-Snapdragon kernel: On node 0, zone DMA: 256 pages in unavailable ranges
Jul 21 21:41:02 harrison-Surface-Pro-12in-1st-Ed-with-Snapdragon kernel: On node 0, zone DMA: 256 pages in unavailable ranges
Jul 21 21:41:02 harrison-Surface-Pro-12in-1st-Ed-with-Snapdragon kernel: On node 0, zone DMA: 2176 pages in unavailable ranges
Jul 21 21:41:02 harrison-Surface-Pro-12in-1st-Ed-with-Snapdragon kernel: On node 0, zone DMA: 11712 pages in unavailable ranges
Jul 21 21:41:02 harrison-Surface-Pro-12in-1st-Ed-with-Snapdragon kernel: On node 0, zone DMA: 26032 pages in unavailable ranges
Jul 21 21:41:02 harrison-Surface-Pro-12in-1st-Ed-with-Snapdragon kernel: On node 0, zone Normal: 21248 pages in unavailable ranges
Jul 21 21:41:02 harrison-Surface-Pro-12in-1st-Ed-with-Snapdragon kernel: cma: Reserved 128 MiB at 0x00000000f2c00000
Jul 21 21:41:02 harrison-Surface-Pro-12in-1st-Ed-with-Snapdragon kernel: crashkernel low memory reserved: 0xeac00000 - 0xf2c00000 (128 MB)
Jul 21 21:41:02 harrison-Surface-Pro-12in-1st-Ed-with-Snapdragon kernel: crashkernel reserved: 0x0000000bce000000 - 0x0000000bee000000 (512 MB)
Jul 21 21:41:02 harrison-Surface-Pro-12in-1st-Ed-with-Snapdragon kernel: psci: probing for conduit method from DT.
Jul 21 21:41:02 harrison-Surface-Pro-12in-1st-Ed-with-Snapdragon kernel: psci: PSCIv1.1 detected in firmware.
Jul 21 21:41:02 harrison-Surface-Pro-12in-1st-Ed-with-Snapdragon kernel: psci: Using standard PSCI v0.2 function IDs
Jul 21 21:41:02 harrison-Surface-Pro-12in-1st-Ed-with-Snapdragon kernel: psci: MIGRATE_INFO_TYPE not supported.
Jul 21 21:41:02 harrison-Surface-Pro-12in-1st-Ed-with-Snapdragon kernel: psci: SMC Calling Convention v1.3
Jul 21 21:41:02 harrison-Surface-Pro-12in-1st-Ed-with-Snapdragon kernel: psci: OSI mode supported.
Jul 21 21:41:02 harrison-Surface-Pro-12in-1st-Ed-with-Snapdragon kernel: percpu: Embedded 57 pages/cpu s106584 r8192 d118696 u233472
Jul 21 21:41:02 harrison-Surface-Pro-12in-1st-Ed-with-Snapdragon kernel: pcpu-alloc: s106584 r8192 d118696 u233472 alloc=57*4096
Jul 21 21:41:02 harrison-Surface-Pro-12in-1st-Ed-with-Snapdragon kernel: pcpu-alloc: [0] 0 [0] 1 [0] 2 [0] 3 [0] 4 [0] 5 [0] 6 [0] 7 
Jul 21 21:41:02 harrison-Surface-Pro-12in-1st-Ed-with-Snapdragon kernel: Detected PIPT I-cache on CPU0
Jul 21 21:41:02 harrison-Surface-Pro-12in-1st-Ed-with-Snapdragon kernel: CPU features: detected: Address authentication (architected QARMA5 algorithm)
Jul 21 21:41:02 harrison-Surface-Pro-12in-1st-Ed-with-Snapdragon kernel: CPU features: detected: GIC system register CPU interface
Jul 21 21:41:02 harrison-Surface-Pro-12in-1st-Ed-with-Snapdragon kernel: CPU features: detected: HCRX_EL2 register
Jul 21 21:41:02 harrison-Surface-Pro-12in-1st-Ed-with-Snapdragon kernel: CPU features: detected: Spectre-v4
Jul 21 21:41:02 harrison-Surface-Pro-12in-1st-Ed-with-Snapdragon kernel: CPU features: detected: Spectre-BHB
Jul 21 21:41:02 harrison-Surface-Pro-12in-1st-Ed-with-Snapdragon kernel: CPU features: detected: Broken CNTVOFF_EL2
Jul 21 21:41:02 harrison-Surface-Pro-12in-1st-Ed-with-Snapdragon kernel: alternatives: applying boot alternatives
Jul 21 21:41:02 harrison-Surface-Pro-12in-1st-Ed-with-Snapdragon kernel: Kernel command line: BOOT_IMAGE=/boot/vmlinuz-6.16.0-rc5-jg-1-qcom-x1e root=UUID=1e6dabc4-8b32-44c0-ba73-01df04358863 ro clk_ignore_unused pd_ignore_unused cma=128M rootdelay=20 rootwait "dyndbg=file drivers/base/firmware_loader/main.c +p" crashkernel=2G-4G:320M,4G-32G:512M,32G-64G:1024M,64G-128G:2048M,128G-:4096M
Jul 21 21:41:02 harrison-Surface-Pro-12in-1st-Ed-with-Snapdragon kernel: Unknown kernel command line parameters "BOOT_IMAGE=/boot/vmlinuz-6.16.0-rc5-jg-1-qcom-x1e", will be passed to user space.
Jul 21 21:41:02 harrison-Surface-Pro-12in-1st-Ed-with-Snapdragon kernel: printk: log buffer data + meta data: 262144 + 917504 = 1179648 bytes
Jul 21 21:41:02 harrison-Surface-Pro-12in-1st-Ed-with-Snapdragon kernel: Dentry cache hash table entries: 2097152 (order: 12, 16777216 bytes, linear)
Jul 21 21:41:02 harrison-Surface-Pro-12in-1st-Ed-with-Snapdragon kernel: Inode-cache hash table entries: 1048576 (order: 11, 8388608 bytes, linear)
Jul 21 21:41:02 harrison-Surface-Pro-12in-1st-Ed-with-Snapdragon kernel: software IO TLB: area num 8.
Jul 21 21:41:02 harrison-Surface-Pro-12in-1st-Ed-with-Snapdragon kernel: software IO TLB: mapped [mem 0x00000000e6c00000-0x00000000eac00000] (64MB)
Jul 21 21:41:02 harrison-Surface-Pro-12in-1st-Ed-with-Snapdragon kernel: Fallback order for Node 0: 0 
Jul 21 21:41:02 harrison-Surface-Pro-12in-1st-Ed-with-Snapdragon kernel: Built 1 zonelists, mobility grouping on.  Total pages: 4095152
Jul 21 21:41:02 harrison-Surface-Pro-12in-1st-Ed-with-Snapdragon kernel: Policy zone: Normal
Jul 21 21:41:02 harrison-Surface-Pro-12in-1st-Ed-with-Snapdragon kernel: mem auto-init: stack:all(zero), heap alloc:on, heap free:off
Jul 21 21:41:02 harrison-Surface-Pro-12in-1st-Ed-with-Snapdragon kernel: SLUB: HWalign=64, Order=0-3, MinObjects=0, CPUs=8, Nodes=1
Jul 21 21:41:02 harrison-Surface-Pro-12in-1st-Ed-with-Snapdragon kernel: ftrace: allocating 68505 entries in 268 pages
Jul 21 21:41:02 harrison-Surface-Pro-12in-1st-Ed-with-Snapdragon kernel: ftrace: allocated 268 pages with 3 groups
Jul 21 21:41:02 harrison-Surface-Pro-12in-1st-Ed-with-Snapdragon kernel: Dynamic Preempt: voluntary
Jul 21 21:41:02 harrison-Surface-Pro-12in-1st-Ed-with-Snapdragon kernel: rcu: Preemptible hierarchical RCU implementation.
Jul 21 21:41:02 harrison-Surface-Pro-12in-1st-Ed-with-Snapdragon kernel: rcu:         RCU event tracing is enabled.
Jul 21 21:41:02 harrison-Surface-Pro-12in-1st-Ed-with-Snapdragon kernel: rcu:         RCU restricting CPUs from NR_CPUS=512 to nr_cpu_ids=8.
Jul 21 21:41:02 harrison-Surface-Pro-12in-1st-Ed-with-Snapdragon kernel:         Trampoline variant of Tasks RCU enabled.
Jul 21 21:41:02 harrison-Surface-Pro-12in-1st-Ed-with-Snapdragon kernel:         Rude variant of Tasks RCU enabled.
Jul 21 21:41:02 harrison-Surface-Pro-12in-1st-Ed-with-Snapdragon kernel:         Tracing variant of Tasks RCU enabled.
Jul 21 21:41:02 harrison-Surface-Pro-12in-1st-Ed-with-Snapdragon kernel: rcu: RCU calculated value of scheduler-enlistment delay is 100 jiffies.
Jul 21 21:41:02 harrison-Surface-Pro-12in-1st-Ed-with-Snapdragon kernel: rcu: Adjusting geometry for rcu_fanout_leaf=16, nr_cpu_ids=8
Jul 21 21:41:02 harrison-Surface-Pro-12in-1st-Ed-with-Snapdragon kernel: RCU Tasks: Setting shift to 3 and lim to 1 rcu_task_cb_adjust=1 rcu_task_cpu_ids=8.
Jul 21 21:41:02 harrison-Surface-Pro-12in-1st-Ed-with-Snapdragon kernel: RCU Tasks Rude: Setting shift to 3 and lim to 1 rcu_task_cb_adjust=1 rcu_task_cpu_ids=8.
Jul 21 21:41:02 harrison-Surface-Pro-12in-1st-Ed-with-Snapdragon kernel: RCU Tasks Trace: Setting shift to 3 and lim to 1 rcu_task_cb_adjust=1 rcu_task_cpu_ids=8.
Jul 21 21:41:02 harrison-Surface-Pro-12in-1st-Ed-with-Snapdragon kernel: NR_IRQS: 64, nr_irqs: 64, preallocated irqs: 0
Jul 21 21:41:02 harrison-Surface-Pro-12in-1st-Ed-with-Snapdragon kernel: GICv3: 988 SPIs implemented
Jul 21 21:41:02 harrison-Surface-Pro-12in-1st-Ed-with-Snapdragon kernel: GICv3: 0 Extended SPIs implemented
Jul 21 21:41:02 harrison-Surface-Pro-12in-1st-Ed-with-Snapdragon kernel: Root IRQ handler: gic_handle_irq
Jul 21 21:41:02 harrison-Surface-Pro-12in-1st-Ed-with-Snapdragon kernel: GICv3: GICv3 features: 16 PPIs, DirectLPI
Jul 21 21:41:02 harrison-Surface-Pro-12in-1st-Ed-with-Snapdragon kernel: GICv3: GICD_CTRL.DS=1, SCR_EL3.FIQ=0
Jul 21 21:41:02 harrison-Surface-Pro-12in-1st-Ed-with-Snapdragon kernel: GICv3: Enabling SGIs without active state
Jul 21 21:41:02 harrison-Surface-Pro-12in-1st-Ed-with-Snapdragon kernel: GICv3: CPU0: found redistributor 0 region 0:0x0000000017080000
Jul 21 21:41:02 harrison-Surface-Pro-12in-1st-Ed-with-Snapdragon kernel: ITS [mem 0x17040000-0x1707ffff]
Jul 21 21:41:02 harrison-Surface-Pro-12in-1st-Ed-with-Snapdragon kernel: ITS@0x0000000017040000: Devices Table too large, reduce ids 32->19
Jul 21 21:41:02 harrison-Surface-Pro-12in-1st-Ed-with-Snapdragon kernel: ITS@0x0000000017040000: Devices too large, reduce ITS pages 1024->256
Jul 21 21:41:02 harrison-Surface-Pro-12in-1st-Ed-with-Snapdragon kernel: ITS@0x0000000017040000: allocated 131072 Devices @880300000 (indirect, esz 8, psz 4K, shr 1)
Jul 21 21:41:02 harrison-Surface-Pro-12in-1st-Ed-with-Snapdragon kernel: ITS@0x0000000017040000: allocated 4096 Interrupt Collections @88029d000 (flat, esz 1, psz 4K, shr 1)
Jul 21 21:41:02 harrison-Surface-Pro-12in-1st-Ed-with-Snapdragon kernel: GICv3: using LPI property table @0x00000008802c0000
Jul 21 21:41:02 harrison-Surface-Pro-12in-1st-Ed-with-Snapdragon kernel: GICv3: CPU0: using allocated LPI pending table @0x00000008802d0000
Jul 21 21:41:02 harrison-Surface-Pro-12in-1st-Ed-with-Snapdragon kernel: rcu: srcu_init: Setting srcu_struct sizes based on contention.
Jul 21 21:41:02 harrison-Surface-Pro-12in-1st-Ed-with-Snapdragon kernel: arch_timer: cp15 and mmio timer(s) running at 19.20MHz (virt/virt).
Jul 21 21:41:02 harrison-Surface-Pro-12in-1st-Ed-with-Snapdragon kernel: clocksource: arch_sys_counter: mask: 0xffffffffffffff max_cycles: 0x46d987e47, max_idle_ns: 440795202767 ns
Jul 21 21:41:02 harrison-Surface-Pro-12in-1st-Ed-with-Snapdragon kernel: sched_clock: 56 bits at 19MHz, resolution 52ns, wraps every 4398046511078ns
Jul 21 21:41:02 harrison-Surface-Pro-12in-1st-Ed-with-Snapdragon kernel: arm-pv: using stolen time PV
Jul 21 21:41:02 harrison-Surface-Pro-12in-1st-Ed-with-Snapdragon kernel: Console: colour dummy device 80x25
Jul 21 21:41:02 harrison-Surface-Pro-12in-1st-Ed-with-Snapdragon kernel: printk: legacy console [tty0] enabled
Jul 21 21:41:02 harrison-Surface-Pro-12in-1st-Ed-with-Snapdragon kernel: Calibrating delay loop (skipped), value calculated using timer frequency.. 38.40 BogoMIPS (lpj=19200)
Jul 21 21:41:02 harrison-Surface-Pro-12in-1st-Ed-with-Snapdragon kernel: pid_max: default: 32768 minimum: 301
Jul 21 21:41:02 harrison-Surface-Pro-12in-1st-Ed-with-Snapdragon kernel: LSM: initializing lsm=lockdown,capability,landlock,yama,apparmor,ima,evm
Jul 21 21:41:02 harrison-Surface-Pro-12in-1st-Ed-with-Snapdragon kernel: landlock: Up and running.
Jul 21 21:41:02 harrison-Surface-Pro-12in-1st-Ed-with-Snapdragon kernel: Yama: becoming mindful.
Jul 21 21:41:02 harrison-Surface-Pro-12in-1st-Ed-with-Snapdragon kernel: AppArmor: AppArmor initialized
Jul 21 21:41:02 harrison-Surface-Pro-12in-1st-Ed-with-Snapdragon kernel: Mount-cache hash table entries: 32768 (order: 6, 262144 bytes, linear)
Jul 21 21:41:02 harrison-Surface-Pro-12in-1st-Ed-with-Snapdragon kernel: Mountpoint-cache hash table entries: 32768 (order: 6, 262144 bytes, linear)
Jul 21 21:41:02 harrison-Surface-Pro-12in-1st-Ed-with-Snapdragon kernel: rcu: Hierarchical SRCU implementation.
Jul 21 21:41:02 harrison-Surface-Pro-12in-1st-Ed-with-Snapdragon kernel: rcu:         Max phase no-delay instances is 400.
Jul 21 21:41:02 harrison-Surface-Pro-12in-1st-Ed-with-Snapdragon kernel: Timer migration: 1 hierarchy levels; 8 children per group; 1 crossnode level
Jul 21 21:41:02 harrison-Surface-Pro-12in-1st-Ed-with-Snapdragon kernel: fsl-mc MSI: msi-controller@17040000 domain created
Jul 21 21:41:02 harrison-Surface-Pro-12in-1st-Ed-with-Snapdragon kernel: Remapping and enabling EFI services.
Jul 21 21:41:02 harrison-Surface-Pro-12in-1st-Ed-with-Snapdragon kernel: smp: Bringing up secondary CPUs ...
Jul 21 21:41:02 harrison-Surface-Pro-12in-1st-Ed-with-Snapdragon kernel: Detected PIPT I-cache on CPU1
Jul 21 21:41:02 harrison-Surface-Pro-12in-1st-Ed-with-Snapdragon kernel: GICv3: CPU1: found redistributor 100 region 0:0x00000000170c0000
Jul 21 21:41:02 harrison-Surface-Pro-12in-1st-Ed-with-Snapdragon kernel: GICv3: CPU1: using allocated LPI pending table @0x00000008802e0000
Jul 21 21:41:02 harrison-Surface-Pro-12in-1st-Ed-with-Snapdragon kernel: CPU1: Booted secondary processor 0x0000000100 [0x512f0011]
Jul 21 21:41:02 harrison-Surface-Pro-12in-1st-Ed-with-Snapdragon kernel: Detected PIPT I-cache on CPU2
Jul 21 21:41:02 harrison-Surface-Pro-12in-1st-Ed-with-Snapdragon kernel: GICv3: CPU2: found redistributor 200 region 0:0x0000000017100000
Jul 21 21:41:02 harrison-Surface-Pro-12in-1st-Ed-with-Snapdragon kernel: GICv3: CPU2: using allocated LPI pending table @0x00000008802f0000
Jul 21 21:41:02 harrison-Surface-Pro-12in-1st-Ed-with-Snapdragon kernel: CPU2: Booted secondary processor 0x0000000200 [0x512f0011]
Jul 21 21:41:02 harrison-Surface-Pro-12in-1st-Ed-with-Snapdragon kernel: Detected PIPT I-cache on CPU3
Jul 21 21:41:02 harrison-Surface-Pro-12in-1st-Ed-with-Snapdragon kernel: GICv3: CPU3: found redistributor 300 region 0:0x0000000017140000
Jul 21 21:41:02 harrison-Surface-Pro-12in-1st-Ed-with-Snapdragon kernel: GICv3: CPU3: using allocated LPI pending table @0x0000000880800000
Jul 21 21:41:02 harrison-Surface-Pro-12in-1st-Ed-with-Snapdragon kernel: CPU3: Booted secondary processor 0x0000000300 [0x512f0011]
Jul 21 21:41:02 harrison-Surface-Pro-12in-1st-Ed-with-Snapdragon kernel: Detected PIPT I-cache on CPU4
Jul 21 21:41:02 harrison-Surface-Pro-12in-1st-Ed-with-Snapdragon kernel: GICv3: CPU4: found redistributor 10000 region 0:0x0000000017180000
Jul 21 21:41:02 harrison-Surface-Pro-12in-1st-Ed-with-Snapdragon kernel: GICv3: CPU4: using allocated LPI pending table @0x0000000880810000
Jul 21 21:41:02 harrison-Surface-Pro-12in-1st-Ed-with-Snapdragon kernel: CPU4: Booted secondary processor 0x0000010000 [0x511f0011]
Jul 21 21:41:02 harrison-Surface-Pro-12in-1st-Ed-with-Snapdragon kernel: Detected PIPT I-cache on CPU5
Jul 21 21:41:02 harrison-Surface-Pro-12in-1st-Ed-with-Snapdragon kernel: GICv3: CPU5: found redistributor 10100 region 0:0x00000000171c0000
Jul 21 21:41:02 harrison-Surface-Pro-12in-1st-Ed-with-Snapdragon kernel: GICv3: CPU5: using allocated LPI pending table @0x0000000880820000
Jul 21 21:41:02 harrison-Surface-Pro-12in-1st-Ed-with-Snapdragon kernel: CPU5: Booted secondary processor 0x0000010100 [0x511f0011]
Jul 21 21:41:02 harrison-Surface-Pro-12in-1st-Ed-with-Snapdragon kernel: Detected PIPT I-cache on CPU6
Jul 21 21:41:02 harrison-Surface-Pro-12in-1st-Ed-with-Snapdragon kernel: GICv3: CPU6: found redistributor 10200 region 0:0x0000000017200000
Jul 21 21:41:02 harrison-Surface-Pro-12in-1st-Ed-with-Snapdragon kernel: GICv3: CPU6: using allocated LPI pending table @0x0000000880830000
Jul 21 21:41:02 harrison-Surface-Pro-12in-1st-Ed-with-Snapdragon kernel: CPU6: Booted secondary processor 0x0000010200 [0x511f0011]
Jul 21 21:41:02 harrison-Surface-Pro-12in-1st-Ed-with-Snapdragon kernel: Detected PIPT I-cache on CPU7
Jul 21 21:41:02 harrison-Surface-Pro-12in-1st-Ed-with-Snapdragon kernel: GICv3: CPU7: found redistributor 10300 region 0:0x0000000017240000
Jul 21 21:41:02 harrison-Surface-Pro-12in-1st-Ed-with-Snapdragon kernel: GICv3: CPU7: using allocated LPI pending table @0x0000000880840000
Jul 21 21:41:02 harrison-Surface-Pro-12in-1st-Ed-with-Snapdragon kernel: CPU7: Booted secondary processor 0x0000010300 [0x511f0011]
Jul 21 21:41:02 harrison-Surface-Pro-12in-1st-Ed-with-Snapdragon kernel: smp: Brought up 1 node, 8 CPUs
Jul 21 21:41:02 harrison-Surface-Pro-12in-1st-Ed-with-Snapdragon kernel: SMP: Total of 8 processors activated.
Jul 21 21:41:02 harrison-Surface-Pro-12in-1st-Ed-with-Snapdragon kernel: CPU: All CPU(s) started at EL1
Jul 21 21:41:02 harrison-Surface-Pro-12in-1st-Ed-with-Snapdragon kernel: CPU features: detected: Branch Target Identification
Jul 21 21:41:02 harrison-Surface-Pro-12in-1st-Ed-with-Snapdragon kernel: CPU features: detected: ARMv8.4 Translation Table Level
Jul 21 21:41:02 harrison-Surface-Pro-12in-1st-Ed-with-Snapdragon kernel: CPU features: detected: Instruction cache invalidation not required for I/D coherence
Jul 21 21:41:02 harrison-Surface-Pro-12in-1st-Ed-with-Snapdragon kernel: CPU features: detected: Data cache clean to the PoU not required for I/D coherence
Jul 21 21:41:02 harrison-Surface-Pro-12in-1st-Ed-with-Snapdragon kernel: CPU features: detected: Common not Private translations
Jul 21 21:41:02 harrison-Surface-Pro-12in-1st-Ed-with-Snapdragon kernel: CPU features: detected: CRC32 instructions
Jul 21 21:41:02 harrison-Surface-Pro-12in-1st-Ed-with-Snapdragon kernel: CPU features: detected: Data cache clean to Point of Deep Persistence
Jul 21 21:41:02 harrison-Surface-Pro-12in-1st-Ed-with-Snapdragon kernel: CPU features: detected: Data cache clean to Point of Persistence
Jul 21 21:41:02 harrison-Surface-Pro-12in-1st-Ed-with-Snapdragon kernel: CPU features: detected: Data independent timing control (DIT)
Jul 21 21:41:02 harrison-Surface-Pro-12in-1st-Ed-with-Snapdragon kernel: CPU features: detected: E0PD
Jul 21 21:41:02 harrison-Surface-Pro-12in-1st-Ed-with-Snapdragon kernel: CPU features: detected: Enhanced Counter Virtualization
Jul 21 21:41:02 harrison-Surface-Pro-12in-1st-Ed-with-Snapdragon kernel: CPU features: detected: Enhanced Counter Virtualization (CNTPOFF)
Jul 21 21:41:02 harrison-Surface-Pro-12in-1st-Ed-with-Snapdragon kernel: CPU features: detected: Enhanced Privileged Access Never
Jul 21 21:41:02 harrison-Surface-Pro-12in-1st-Ed-with-Snapdragon kernel: CPU features: detected: Enhanced Virtualization Traps
Jul 21 21:41:02 harrison-Surface-Pro-12in-1st-Ed-with-Snapdragon kernel: CPU features: detected: Fine Grained Traps
Jul 21 21:41:02 harrison-Surface-Pro-12in-1st-Ed-with-Snapdragon kernel: CPU features: detected: Generic authentication (architected QARMA5 algorithm)
Jul 21 21:41:02 harrison-Surface-Pro-12in-1st-Ed-with-Snapdragon kernel: CPU features: detected: RCpc load-acquire (LDAPR)
Jul 21 21:41:02 harrison-Surface-Pro-12in-1st-Ed-with-Snapdragon kernel: CPU features: detected: LSE atomic instructions
Jul 21 21:41:02 harrison-Surface-Pro-12in-1st-Ed-with-Snapdragon kernel: CPU features: detected: Privileged Access Never
Jul 21 21:41:02 harrison-Surface-Pro-12in-1st-Ed-with-Snapdragon kernel: CPU features: detected: PMUv3
Jul 21 21:41:02 harrison-Surface-Pro-12in-1st-Ed-with-Snapdragon kernel: CPU features: detected: RAS Extension Support
Jul 21 21:41:02 harrison-Surface-Pro-12in-1st-Ed-with-Snapdragon kernel: CPU features: detected: Random Number Generator
Jul 21 21:41:02 harrison-Surface-Pro-12in-1st-Ed-with-Snapdragon kernel: CPU features: detected: Speculation barrier (SB)
Jul 21 21:41:02 harrison-Surface-Pro-12in-1st-Ed-with-Snapdragon kernel: CPU features: detected: Stage-2 Force Write-Back
Jul 21 21:41:02 harrison-Surface-Pro-12in-1st-Ed-with-Snapdragon kernel: CPU features: detected: TLB range maintenance instructions
Jul 21 21:41:02 harrison-Surface-Pro-12in-1st-Ed-with-Snapdragon kernel: CPU features: detected: Speculative Store Bypassing Safe (SSBS)
Jul 21 21:41:02 harrison-Surface-Pro-12in-1st-Ed-with-Snapdragon kernel: alternatives: applying system-wide alternatives
Jul 21 21:41:02 harrison-Surface-Pro-12in-1st-Ed-with-Snapdragon kernel: CPU features: detected: Activity Monitors Unit (AMU) on CPU0-7
Jul 21 21:41:02 harrison-Surface-Pro-12in-1st-Ed-with-Snapdragon kernel: Memory: 14868376K/16380608K available (25856K kernel code, 5938K rwdata, 19080K rodata, 3072K init, 1261K bss, 1367984K reserved, 131072K cma-reserved)
Jul 21 21:41:02 harrison-Surface-Pro-12in-1st-Ed-with-Snapdragon kernel: devtmpfs: initialized
Jul 21 21:41:02 harrison-Surface-Pro-12in-1st-Ed-with-Snapdragon kernel: setend instruction emulation is not supported on this system
Jul 21 21:41:02 harrison-Surface-Pro-12in-1st-Ed-with-Snapdragon kernel: clocksource: jiffies: mask: 0xffffffff max_cycles: 0xffffffff, max_idle_ns: 1911260446275000 ns
Jul 21 21:41:02 harrison-Surface-Pro-12in-1st-Ed-with-Snapdragon kernel: posixtimers hash table entries: 4096 (order: 4, 65536 bytes, linear)
Jul 21 21:41:02 harrison-Surface-Pro-12in-1st-Ed-with-Snapdragon kernel: futex hash table entries: 2048 (131072 bytes on 1 NUMA nodes, total 128 KiB, linear).
Jul 21 21:41:02 harrison-Surface-Pro-12in-1st-Ed-with-Snapdragon kernel: 2G module region forced by RANDOMIZE_MODULE_REGION_FULL
Jul 21 21:41:02 harrison-Surface-Pro-12in-1st-Ed-with-Snapdragon kernel: 0 pages in range for non-PLT usage
Jul 21 21:41:02 harrison-Surface-Pro-12in-1st-Ed-with-Snapdragon kernel: 510416 pages in range for PLT usage
Jul 21 21:41:02 harrison-Surface-Pro-12in-1st-Ed-with-Snapdragon kernel: pinctrl core: initialized pinctrl subsystem
Jul 21 21:41:02 harrison-Surface-Pro-12in-1st-Ed-with-Snapdragon kernel: SMBIOS 3.3.0 present.
Jul 21 21:41:02 harrison-Surface-Pro-12in-1st-Ed-with-Snapdragon kernel: DMI: Microsoft Corporation Surface Pro 12in 1st Ed with Snapdragon/Surface Pro 12in 1st Ed with Snapdragon, BIOS 8.600.155 05/21/202
Jul 21 21:41:02 harrison-Surface-Pro-12in-1st-Ed-with-Snapdragon kernel: DMI: Memory slots populated: 1/1
Jul 21 21:41:02 harrison-Surface-Pro-12in-1st-Ed-with-Snapdragon kernel: NET: Registered PF_NETLINK/PF_ROUTE protocol family
Jul 21 21:41:02 harrison-Surface-Pro-12in-1st-Ed-with-Snapdragon kernel: DMA: preallocated 2048 KiB GFP_KERNEL pool for atomic allocations
Jul 21 21:41:02 harrison-Surface-Pro-12in-1st-Ed-with-Snapdragon kernel: DMA: preallocated 2048 KiB GFP_KERNEL|GFP_DMA pool for atomic allocations
Jul 21 21:41:02 harrison-Surface-Pro-12in-1st-Ed-with-Snapdragon kernel: DMA: preallocated 2048 KiB GFP_KERNEL|GFP_DMA32 pool for atomic allocations
Jul 21 21:41:02 harrison-Surface-Pro-12in-1st-Ed-with-Snapdragon kernel: audit: initializing netlink subsys (disabled)
Jul 21 21:41:02 harrison-Surface-Pro-12in-1st-Ed-with-Snapdragon kernel: audit: type=2000 audit(0.016:1): state=initialized audit_enabled=0 res=1
Jul 21 21:41:02 harrison-Surface-Pro-12in-1st-Ed-with-Snapdragon kernel: thermal_sys: Registered thermal governor 'fair_share'
Jul 21 21:41:02 harrison-Surface-Pro-12in-1st-Ed-with-Snapdragon kernel: thermal_sys: Registered thermal governor 'bang_bang'
Jul 21 21:41:02 harrison-Surface-Pro-12in-1st-Ed-with-Snapdragon kernel: thermal_sys: Registered thermal governor 'step_wise'
Jul 21 21:41:02 harrison-Surface-Pro-12in-1st-Ed-with-Snapdragon kernel: thermal_sys: Registered thermal governor 'user_space'
Jul 21 21:41:02 harrison-Surface-Pro-12in-1st-Ed-with-Snapdragon kernel: thermal_sys: Registered thermal governor 'power_allocator'
Jul 21 21:41:02 harrison-Surface-Pro-12in-1st-Ed-with-Snapdragon kernel: cpuidle: using governor ladder
Jul 21 21:41:02 harrison-Surface-Pro-12in-1st-Ed-with-Snapdragon kernel: cpuidle: using governor menu
Jul 21 21:41:02 harrison-Surface-Pro-12in-1st-Ed-with-Snapdragon kernel: hw-breakpoint: found 6 breakpoint and 4 watchpoint registers.
Jul 21 21:41:02 harrison-Surface-Pro-12in-1st-Ed-with-Snapdragon kernel: ASID allocator initialised with 65536 entries
Jul 21 21:41:02 harrison-Surface-Pro-12in-1st-Ed-with-Snapdragon kernel: Serial: AMBA PL011 UART driver
Jul 21 21:41:02 harrison-Surface-Pro-12in-1st-Ed-with-Snapdragon kernel: CPUidle PSCI: Initialized CPU PM domain topology using OSI mode
Jul 21 21:41:02 harrison-Surface-Pro-12in-1st-Ed-with-Snapdragon kernel: /soc@0/clock-controller@100000: Fixed dependency cycle(s) with /soc@0/phy@1c06000
Jul 21 21:41:02 harrison-Surface-Pro-12in-1st-Ed-with-Snapdragon kernel: /soc@0/clock-controller@100000: Fixed dependency cycle(s) with /soc@0/phy@1c0e000
Jul 21 21:41:02 harrison-Surface-Pro-12in-1st-Ed-with-Snapdragon kernel: /soc@0/phy@fd5000: Fixed dependency cycle(s) with /soc@0/usb@a6f8800/usb@a600000
Jul 21 21:41:02 harrison-Surface-Pro-12in-1st-Ed-with-Snapdragon kernel: /soc@0/phy@fda000: Fixed dependency cycle(s) with /soc@0/usb@a8f8800/usb@a800000
Jul 21 21:41:02 harrison-Surface-Pro-12in-1st-Ed-with-Snapdragon kernel: /soc@0/phy@1c06000: Fixed dependency cycle(s) with /soc@0/clock-controller@100000
Jul 21 21:41:02 harrison-Surface-Pro-12in-1st-Ed-with-Snapdragon kernel: /soc@0/phy@1c0e000: Fixed dependency cycle(s) with /soc@0/clock-controller@100000
Jul 21 21:41:02 harrison-Surface-Pro-12in-1st-Ed-with-Snapdragon kernel: /soc@0/usb@a6f8800/usb@a600000: Fixed dependency cycle(s) with /soc@0/phy@fd5000
Jul 21 21:41:02 harrison-Surface-Pro-12in-1st-Ed-with-Snapdragon kernel: /soc@0/usb@a8f8800/usb@a800000: Fixed dependency cycle(s) with /soc@0/phy@fda000
Jul 21 21:41:02 harrison-Surface-Pro-12in-1st-Ed-with-Snapdragon kernel: /soc@0/stm@10002000: Fixed dependency cycle(s) with /soc@0/funnel@10041000
Jul 21 21:41:02 harrison-Surface-Pro-12in-1st-Ed-with-Snapdragon kernel: /soc@0/tpda@10004000: Fixed dependency cycle(s) with /soc@0/funnel@10041000
Jul 21 21:41:02 harrison-Surface-Pro-12in-1st-Ed-with-Snapdragon kernel: /soc@0/tpda@10004000: Fixed dependency cycle(s) with /soc@0/tpdm@1000f000
Jul 21 21:41:02 harrison-Surface-Pro-12in-1st-Ed-with-Snapdragon kernel: /soc@0/tpdm@1000f000: Fixed dependency cycle(s) with /soc@0/tpda@10004000
Jul 21 21:41:02 harrison-Surface-Pro-12in-1st-Ed-with-Snapdragon kernel: /soc@0/funnel@10041000: Fixed dependency cycle(s) with /soc@0/funnel@10045000
Jul 21 21:41:02 harrison-Surface-Pro-12in-1st-Ed-with-Snapdragon kernel: /soc@0/funnel@10041000: Fixed dependency cycle(s) with /soc@0/stm@10002000
Jul 21 21:41:02 harrison-Surface-Pro-12in-1st-Ed-with-Snapdragon kernel: /soc@0/funnel@10041000: Fixed dependency cycle(s) with /soc@0/tpda@10004000
Jul 21 21:41:02 harrison-Surface-Pro-12in-1st-Ed-with-Snapdragon kernel: /soc@0/funnel@10042000: Fixed dependency cycle(s) with /soc@0/funnel@10045000
Jul 21 21:41:02 harrison-Surface-Pro-12in-1st-Ed-with-Snapdragon kernel: /soc@0/funnel@10042000: Fixed dependency cycle(s) with /soc@0/funnel@10c2c000
