Reading log file: /var/log/journal/fa46730e33564e71aa0bc4196801cd6f/system.journal
Jul 20 01:48:44 harrison-Surface-Pro-12in-1st-Ed-with-Snapdragon systemd-resolved[1010]: Clock change detected. Flushing caches.
Jul 20 01:48:44 harrison-Surface-Pro-12in-1st-Ed-with-Snapdragon systemd-journald[468]: Time jumped backwards, rotating.
Jul 20 01:48:44 harrison-Surface-Pro-12in-1st-Ed-with-Snapdragon systemd-timesyncd[1013]: Contacted time server 185.125.190.56:123 (ntp.ubuntu.com).
Jul 20 01:48:44 harrison-Surface-Pro-12in-1st-Ed-with-Snapdragon systemd-timesyncd[1013]: Initial clock synchronization to Sun 2025-07-20 01:48:44.122023 UTC.
Jul 20 01:48:45 harrison-Surface-Pro-12in-1st-Ed-with-Snapdragon upowerd[7368]: Conflicting charge/discharge state between batteries!
Jul 20 01:48:45 harrison-Surface-Pro-12in-1st-Ed-with-Snapdragon upowerd[7368]: Conflicting charge/discharge state between batteries!
Jul 20 01:49:15 harrison-Surface-Pro-12in-1st-Ed-with-Snapdragon upowerd[7368]: Conflicting charge/discharge state between batteries!
Jul 20 01:49:15 harrison-Surface-Pro-12in-1st-Ed-with-Snapdragon upowerd[7368]: Conflicting charge/discharge state between batteries!
-e 

Reading log file: /var/log/journal/fa46730e33564e71aa0bc4196801cd6f/system@929915af79a247189348b64053db9d44-000000000000a6ad-00063a633764f66b.journal
Jul 20 21:41:05 harrison-Surface-Pro-12in-1st-Ed-with-Snapdragon systemd-journald[455]: /var/log/journal/fa46730e33564e71aa0bc4196801cd6f/user-1000.journal: Journal file has been deleted, rotating.
Jul 20 21:41:05 harrison-Surface-Pro-12in-1st-Ed-with-Snapdragon snapd[6430]: main.go:168: Exiting on terminated signal.
Jul 20 21:41:05 harrison-Surface-Pro-12in-1st-Ed-with-Snapdragon ModemManager[6532]: <msg> caught signal, shutting down...
Jul 20 21:41:05 harrison-Surface-Pro-12in-1st-Ed-with-Snapdragon ModemManager[6532]: <msg> ModemManager is shut down
Jul 20 21:41:05 harrison-Surface-Pro-12in-1st-Ed-with-Snapdragon rsyslogd[6442]: [origin software="rsyslogd" swVersion="8.2406.0" x-pid="6442" x-info="https://www.rsyslog.com"] exiting on signal 15.
Jul 20 21:41:05 harrison-Surface-Pro-12in-1st-Ed-with-Snapdragon avahi-daemon[6416]: Got SIGTERM, quitting.
Jul 20 21:41:05 harrison-Surface-Pro-12in-1st-Ed-with-Snapdragon avahi-daemon[6416]: Leaving mDNS multicast group on interface lo.IPv6 with address ::1.
Jul 20 21:41:05 harrison-Surface-Pro-12in-1st-Ed-with-Snapdragon avahi-daemon[6416]: Leaving mDNS multicast group on interface lo.IPv4 with address 127.0.0.1.
Jul 20 21:41:05 harrison-Surface-Pro-12in-1st-Ed-with-Snapdragon avahi-daemon[6416]: avahi-daemon 0.8 exiting.
Jul 20 21:41:05 harrison-Surface-Pro-12in-1st-Ed-with-Snapdragon systemd[1]: udisks2.service: Deactivated successfully.
Jul 20 21:41:05 harrison-Surface-Pro-12in-1st-Ed-with-Snapdragon systemd[1]: Stopped udisks2.service - Disk Manager.
Jul 20 21:41:05 harrison-Surface-Pro-12in-1st-Ed-with-Snapdragon systemd-logind[6438]: Session 2 logged out. Waiting for processes to exit.
Jul 20 21:41:05 harrison-Surface-Pro-12in-1st-Ed-with-Snapdragon systemd[1]: Stopped target multi-user.target - Multi-User System.
Jul 20 21:41:05 harrison-Surface-Pro-12in-1st-Ed-with-Snapdragon systemd[1]: Stopped target getty.target - Login Prompts.
Jul 20 21:41:05 harrison-Surface-Pro-12in-1st-Ed-with-Snapdragon systemd[1]: Stopping ModemManager.service - Modem Manager...
Jul 20 21:41:05 harrison-Surface-Pro-12in-1st-Ed-with-Snapdragon NetworkManager[6470]: <info>  [1753047665.6129] modem-manager: ModemManager no longer available
Jul 20 21:41:05 harrison-Surface-Pro-12in-1st-Ed-with-Snapdragon systemd[1]: Stopping apport.service - automatic crash report generation...
Jul 20 21:41:05 harrison-Surface-Pro-12in-1st-Ed-with-Snapdragon systemd[1]: cloud-config.service: Deactivated successfully.
Jul 20 21:41:05 harrison-Surface-Pro-12in-1st-Ed-with-Snapdragon systemd[1]: Stopped cloud-config.service - Cloud-init: Config Stage.
Jul 20 21:41:05 harrison-Surface-Pro-12in-1st-Ed-with-Snapdragon systemd[1]: Stopped target cloud-config.target - Cloud-config availability.
Jul 20 21:41:05 harrison-Surface-Pro-12in-1st-Ed-with-Snapdragon systemd[1]: Stopping cron.service - Regular background program processing daemon...
Jul 20 21:41:05 harrison-Surface-Pro-12in-1st-Ed-with-Snapdragon systemd[1]: Stopping cups-browsed.service - Make remote CUPS printers available locally...
Jul 20 21:41:05 harrison-Surface-Pro-12in-1st-Ed-with-Snapdragon systemd[1]: openvpn.service: Deactivated successfully.
Jul 20 21:41:05 harrison-Surface-Pro-12in-1st-Ed-with-Snapdragon systemd[1]: Stopped openvpn.service - OpenVPN service.
Jul 20 21:41:05 harrison-Surface-Pro-12in-1st-Ed-with-Snapdragon systemd[1]: plymouth-quit-wait.service: Deactivated successfully.
Jul 20 21:41:05 harrison-Surface-Pro-12in-1st-Ed-with-Snapdragon systemd[1]: Stopped plymouth-quit-wait.service - Hold until boot process finishes up.
Jul 20 21:41:05 harrison-Surface-Pro-12in-1st-Ed-with-Snapdragon systemd[1]: plymouth-reboot.service - Show Plymouth Reboot Screen was skipped because of an unmet condition check (ConditionKernelCommandLine=splash).
Jul 20 21:41:05 harrison-Surface-Pro-12in-1st-Ed-with-Snapdragon systemd[1]: plymouth-switch-root-initramfs.service - Tell Plymouth To Jump To initramfs was skipped because no trigger condition checks were met.
Jul 20 21:41:05 harrison-Surface-Pro-12in-1st-Ed-with-Snapdragon systemd[1]: Stopping qrtr-ns.service - QIPCRTR Name Service...
Jul 20 21:41:05 harrison-Surface-Pro-12in-1st-Ed-with-Snapdragon systemd[1]: Stopping rsyslog.service - System Logging Service...
Jul 20 21:41:05 harrison-Surface-Pro-12in-1st-Ed-with-Snapdragon systemd[1]: snapd.seeded.service: Deactivated successfully.
Jul 20 21:41:05 harrison-Surface-Pro-12in-1st-Ed-with-Snapdragon systemd[1]: Stopped snapd.seeded.service - Wait until snapd is fully seeded.
Jul 20 21:41:05 harrison-Surface-Pro-12in-1st-Ed-with-Snapdragon systemd[1]: Stopping snapd.service - Snap Daemon...
Jul 20 21:41:05 harrison-Surface-Pro-12in-1st-Ed-with-Snapdragon systemd[1]: Stopping switcheroo-control.service - Switcheroo Control Proxy service...
Jul 20 21:41:05 harrison-Surface-Pro-12in-1st-Ed-with-Snapdragon systemd[1]: sysstat.service: Deactivated successfully.
Jul 20 21:41:05 harrison-Surface-Pro-12in-1st-Ed-with-Snapdragon systemd[1]: Stopped sysstat.service - Resets System Activity Logs.
Jul 20 21:41:05 harrison-Surface-Pro-12in-1st-Ed-with-Snapdragon systemd[1]: gnome-remote-desktop.service: Deactivated successfully.
Jul 20 21:41:05 harrison-Surface-Pro-12in-1st-Ed-with-Snapdragon systemd[1]: Stopped gnome-remote-desktop.service - GNOME Remote Desktop.
Jul 20 21:41:05 harrison-Surface-Pro-12in-1st-Ed-with-Snapdragon systemd[1]: qrtr-ns.service: Deactivated successfully.
Jul 20 21:41:05 harrison-Surface-Pro-12in-1st-Ed-with-Snapdragon systemd[1]: Stopped qrtr-ns.service - QIPCRTR Name Service.
Jul 20 21:41:05 harrison-Surface-Pro-12in-1st-Ed-with-Snapdragon systemd[1]: cron.service: Deactivated successfully.
Jul 20 21:41:05 harrison-Surface-Pro-12in-1st-Ed-with-Snapdragon systemd[1]: Stopped cron.service - Regular background program processing daemon.
Jul 20 21:41:05 harrison-Surface-Pro-12in-1st-Ed-with-Snapdragon systemd[1]: switcheroo-control.service: Deactivated successfully.
Jul 20 21:41:05 harrison-Surface-Pro-12in-1st-Ed-with-Snapdragon systemd[1]: Stopped switcheroo-control.service - Switcheroo Control Proxy service.
Jul 20 21:41:05 harrison-Surface-Pro-12in-1st-Ed-with-Snapdragon systemd[1]: rsyslog.service: Deactivated successfully.
Jul 20 21:41:05 harrison-Surface-Pro-12in-1st-Ed-with-Snapdragon systemd[1]: Stopped rsyslog.service - System Logging Service.
Jul 20 21:41:05 harrison-Surface-Pro-12in-1st-Ed-with-Snapdragon systemd[1]: blk-availability.service: Deactivated successfully.
Jul 20 21:41:05 harrison-Surface-Pro-12in-1st-Ed-with-Snapdragon systemd[1]: Stopped blk-availability.service - Availability of block devices.
Jul 20 21:41:05 harrison-Surface-Pro-12in-1st-Ed-with-Snapdragon systemd[1]: ModemManager.service: Deactivated successfully.
Jul 20 21:41:05 harrison-Surface-Pro-12in-1st-Ed-with-Snapdragon systemd[1]: Stopped ModemManager.service - Modem Manager.
Jul 20 21:41:05 harrison-Surface-Pro-12in-1st-Ed-with-Snapdragon systemd[1]: Stopping polkit.service - Authorization Manager...
Jul 20 21:41:05 harrison-Surface-Pro-12in-1st-Ed-with-Snapdragon systemd[1]: systemd-random-seed.service: Deactivated successfully.
Jul 20 21:41:05 harrison-Surface-Pro-12in-1st-Ed-with-Snapdragon systemd[1]: Stopped systemd-random-seed.service - Load/Save OS Random Seed.
Jul 20 21:41:05 harrison-Surface-Pro-12in-1st-Ed-with-Snapdragon systemd[1]: polkit.service: Deactivated successfully.
Jul 20 21:41:05 harrison-Surface-Pro-12in-1st-Ed-with-Snapdragon systemd[1]: Stopped polkit.service - Authorization Manager.
Jul 20 21:41:05 harrison-Surface-Pro-12in-1st-Ed-with-Snapdragon systemd[1]: cups-browsed.service: Deactivated successfully.
Jul 20 21:41:05 harrison-Surface-Pro-12in-1st-Ed-with-Snapdragon systemd[1]: Stopped cups-browsed.service - Make remote CUPS printers available locally.
Jul 20 21:41:05 harrison-Surface-Pro-12in-1st-Ed-with-Snapdragon systemd[1]: Stopped target network-online.target - Network is Online.
Jul 20 21:41:05 harrison-Surface-Pro-12in-1st-Ed-with-Snapdragon systemd[1]: NetworkManager-wait-online.service: Deactivated successfully.
Jul 20 21:41:05 harrison-Surface-Pro-12in-1st-Ed-with-Snapdragon systemd[1]: Stopped NetworkManager-wait-online.service - Network Manager Wait Online.
Jul 20 21:41:05 harrison-Surface-Pro-12in-1st-Ed-with-Snapdragon systemd[1]: Stopping avahi-daemon.service - Avahi mDNS/DNS-SD Stack...
Jul 20 21:41:05 harrison-Surface-Pro-12in-1st-Ed-with-Snapdragon systemd[1]: Stopping cups.service - CUPS Scheduler...
Jul 20 21:41:05 harrison-Surface-Pro-12in-1st-Ed-with-Snapdragon systemd[1]: avahi-daemon.service: Deactivated successfully.
Jul 20 21:41:05 harrison-Surface-Pro-12in-1st-Ed-with-Snapdragon systemd[1]: Stopped avahi-daemon.service - Avahi mDNS/DNS-SD Stack.
Jul 20 21:41:05 harrison-Surface-Pro-12in-1st-Ed-with-Snapdragon systemd[1]: apport.service: Deactivated successfully.
Jul 20 21:41:05 harrison-Surface-Pro-12in-1st-Ed-with-Snapdragon systemd[1]: Stopped apport.service - automatic crash report generation.
Jul 20 21:41:05 harrison-Surface-Pro-12in-1st-Ed-with-Snapdragon systemd[1]: cups.service: Deactivated successfully.
Jul 20 21:41:05 harrison-Surface-Pro-12in-1st-Ed-with-Snapdragon systemd[1]: Stopped cups.service - CUPS Scheduler.
Jul 20 21:41:05 harrison-Surface-Pro-12in-1st-Ed-with-Snapdragon systemd[1]: upower.service: Deactivated successfully.
Jul 20 21:41:05 harrison-Surface-Pro-12in-1st-Ed-with-Snapdragon systemd[1]: Stopped upower.service - Daemon for power management.
Jul 20 21:41:05 harrison-Surface-Pro-12in-1st-Ed-with-Snapdragon systemd[1]: session-2.scope: Deactivated successfully.
Jul 20 21:41:05 harrison-Surface-Pro-12in-1st-Ed-with-Snapdragon systemd[1]: Stopped session-2.scope - Session 2 of User ubuntu.
Jul 20 21:41:06 harrison-Surface-Pro-12in-1st-Ed-with-Snapdragon systemd[1]: Stopping user@1000.service - User Manager for UID 1000...
Jul 20 21:41:06 harrison-Surface-Pro-12in-1st-Ed-with-Snapdragon systemd-logind[6438]: Removed session 2.
Jul 20 21:41:06 harrison-Surface-Pro-12in-1st-Ed-with-Snapdragon systemd[1]: user@1000.service: Deactivated successfully.
Jul 20 21:41:06 harrison-Surface-Pro-12in-1st-Ed-with-Snapdragon systemd[1]: Stopped user@1000.service - User Manager for UID 1000.
Jul 20 21:41:06 harrison-Surface-Pro-12in-1st-Ed-with-Snapdragon systemd[1]: user@1000.service: Consumed 2min 7.303s CPU time, 1.9G memory peak.
Jul 20 21:41:06 harrison-Surface-Pro-12in-1st-Ed-with-Snapdragon systemd[1]: Stopping systemd-oomd.service - Userspace Out-Of-Memory (OOM) Killer...
Jul 20 21:41:06 harrison-Surface-Pro-12in-1st-Ed-with-Snapdragon systemd[1]: Stopping systemd-user-sessions.service - Permit User Sessions...
Jul 20 21:41:06 harrison-Surface-Pro-12in-1st-Ed-with-Snapdragon systemd[1]: Stopping user-runtime-dir@1000.service - User Runtime Directory /run/user/1000...
Jul 20 21:41:06 harrison-Surface-Pro-12in-1st-Ed-with-Snapdragon systemd[1]: systemd-oomd.service: Deactivated successfully.
Jul 20 21:41:06 harrison-Surface-Pro-12in-1st-Ed-with-Snapdragon systemd[1]: Stopped systemd-oomd.service - Userspace Out-Of-Memory (OOM) Killer.
Jul 20 21:41:06 harrison-Surface-Pro-12in-1st-Ed-with-Snapdragon systemd[1]: run-user-1000.mount: Deactivated successfully.
Jul 20 21:41:06 harrison-Surface-Pro-12in-1st-Ed-with-Snapdragon systemd[1]: Unmounted run-user-1000.mount - /run/user/1000.
Jul 20 21:41:06 harrison-Surface-Pro-12in-1st-Ed-with-Snapdragon systemd[1]: systemd-user-sessions.service: Deactivated successfully.
Jul 20 21:41:06 harrison-Surface-Pro-12in-1st-Ed-with-Snapdragon systemd[1]: Stopped systemd-user-sessions.service - Permit User Sessions.
Jul 20 21:41:06 harrison-Surface-Pro-12in-1st-Ed-with-Snapdragon systemd[1]: user-runtime-dir@1000.service: Deactivated successfully.
Jul 20 21:41:06 harrison-Surface-Pro-12in-1st-Ed-with-Snapdragon systemd[1]: Stopped user-runtime-dir@1000.service - User Runtime Directory /run/user/1000.
Jul 20 21:41:06 harrison-Surface-Pro-12in-1st-Ed-with-Snapdragon systemd[1]: Removed slice user-1000.slice - User Slice of UID 1000.
Jul 20 21:41:06 harrison-Surface-Pro-12in-1st-Ed-with-Snapdragon systemd[1]: user-1000.slice: Consumed 2min 7.383s CPU time, 1.9G memory peak.
Jul 20 21:41:06 harrison-Surface-Pro-12in-1st-Ed-with-Snapdragon systemd[1]: Stopped target network.target - Network.
Jul 20 21:41:06 harrison-Surface-Pro-12in-1st-Ed-with-Snapdragon systemd[1]: Stopped target remote-fs.target - Remote File Systems.
Jul 20 21:41:06 harrison-Surface-Pro-12in-1st-Ed-with-Snapdragon systemd[1]: Stopping NetworkManager.service - Network Manager...
Jul 20 21:41:06 harrison-Surface-Pro-12in-1st-Ed-with-Snapdragon NetworkManager[6470]: <info>  [1753047666.2067] caught SIGTERM, shutting down normally.
Jul 20 21:41:06 harrison-Surface-Pro-12in-1st-Ed-with-Snapdragon systemd[1]: Stopping systemd-logind.service - User Login Management...
Jul 20 21:41:06 harrison-Surface-Pro-12in-1st-Ed-with-Snapdragon systemd[1]: Stopping wpa_supplicant.service - WPA supplicant...
Jul 20 21:41:06 harrison-Surface-Pro-12in-1st-Ed-with-Snapdragon systemd[1]: wpa_supplicant.service: Deactivated successfully.
Jul 20 21:41:06 harrison-Surface-Pro-12in-1st-Ed-with-Snapdragon systemd[1]: Stopped wpa_supplicant.service - WPA supplicant.
Jul 20 21:41:06 harrison-Surface-Pro-12in-1st-Ed-with-Snapdragon NetworkManager[6470]: <info>  [1753047666.2235] exiting (success)
Jul 20 21:41:06 harrison-Surface-Pro-12in-1st-Ed-with-Snapdragon systemd[1]: NetworkManager.service: Deactivated successfully.
Jul 20 21:41:06 harrison-Surface-Pro-12in-1st-Ed-with-Snapdragon systemd[1]: Stopped NetworkManager.service - Network Manager.
Jul 20 21:41:06 harrison-Surface-Pro-12in-1st-Ed-with-Snapdragon systemd[1]: Stopped target network-pre.target - Preparation for Network.
Jul 20 21:41:06 harrison-Surface-Pro-12in-1st-Ed-with-Snapdragon systemd[1]: systemd-logind.service: Deactivated successfully.
Jul 20 21:41:06 harrison-Surface-Pro-12in-1st-Ed-with-Snapdragon systemd[1]: Stopped systemd-logind.service - User Login Management.
Jul 20 21:41:06 harrison-Surface-Pro-12in-1st-Ed-with-Snapdragon systemd[1]: Stopped target nss-user-lookup.target - User and Group Name Lookups.
Jul 20 21:41:08 harrison-Surface-Pro-12in-1st-Ed-with-Snapdragon snapd[6430]: overlord.go:518: Released state lock file
Jul 20 21:41:08 harrison-Surface-Pro-12in-1st-Ed-with-Snapdragon systemd[1]: snapd.service: Deactivated successfully.
Jul 20 21:41:08 harrison-Surface-Pro-12in-1st-Ed-with-Snapdragon systemd[1]: Stopped snapd.service - Snap Daemon.
Jul 20 21:41:08 harrison-Surface-Pro-12in-1st-Ed-with-Snapdragon systemd[1]: Stopped target basic.target - Basic System.
Jul 20 21:41:08 harrison-Surface-Pro-12in-1st-Ed-with-Snapdragon systemd[1]: Stopped target paths.target - Path Units.
Jul 20 21:41:08 harrison-Surface-Pro-12in-1st-Ed-with-Snapdragon systemd[1]: cups.path: Deactivated successfully.
Jul 20 21:41:08 harrison-Surface-Pro-12in-1st-Ed-with-Snapdragon systemd[1]: Stopped cups.path - CUPS Scheduler.
Jul 20 21:41:08 harrison-Surface-Pro-12in-1st-Ed-with-Snapdragon systemd[1]: whoopsie.path: Deactivated successfully.
Jul 20 21:41:08 harrison-Surface-Pro-12in-1st-Ed-with-Snapdragon systemd[1]: Stopped whoopsie.path - Start whoopsie on modification of the /var/crash directory.
Jul 20 21:41:08 harrison-Surface-Pro-12in-1st-Ed-with-Snapdragon systemd[1]: Stopped target slices.target - Slice Units.
Jul 20 21:41:08 harrison-Surface-Pro-12in-1st-Ed-with-Snapdragon systemd[1]: Removed slice user.slice - User and Session Slice.
Jul 20 21:41:08 harrison-Surface-Pro-12in-1st-Ed-with-Snapdragon systemd[1]: user.slice: Consumed 2min 12.361s CPU time, 2.1G memory peak.
Jul 20 21:41:08 harrison-Surface-Pro-12in-1st-Ed-with-Snapdragon systemd[1]: Stopped target sockets.target - Socket Units.
Jul 20 21:41:08 harrison-Surface-Pro-12in-1st-Ed-with-Snapdragon systemd[1]: Stopped target time-set.target - System Time Set.
Jul 20 21:41:08 harrison-Surface-Pro-12in-1st-Ed-with-Snapdragon systemd[1]: avahi-daemon.socket: Deactivated successfully.
Jul 20 21:41:08 harrison-Surface-Pro-12in-1st-Ed-with-Snapdragon systemd[1]: Closed avahi-daemon.socket - Avahi mDNS/DNS-SD Stack Activation Socket.
Jul 20 21:41:08 harrison-Surface-Pro-12in-1st-Ed-with-Snapdragon systemd[1]: cups.socket: Deactivated successfully.
Jul 20 21:41:08 harrison-Surface-Pro-12in-1st-Ed-with-Snapdragon systemd[1]: Closed cups.socket - CUPS Scheduler.
Jul 20 21:41:08 harrison-Surface-Pro-12in-1st-Ed-with-Snapdragon systemd[1]: snapd.socket: Deactivated successfully.
Jul 20 21:41:08 harrison-Surface-Pro-12in-1st-Ed-with-Snapdragon systemd[1]: Closed snapd.socket - Socket activation for snappy daemon.
Jul 20 21:41:08 harrison-Surface-Pro-12in-1st-Ed-with-Snapdragon systemd[1]: syslog.socket: Deactivated successfully.
Jul 20 21:41:08 harrison-Surface-Pro-12in-1st-Ed-with-Snapdragon systemd[1]: Closed syslog.socket - Syslog Socket.
Jul 20 21:41:08 harrison-Surface-Pro-12in-1st-Ed-with-Snapdragon systemd[1]: systemd-hostnamed.socket: Deactivated successfully.
Jul 20 21:41:08 harrison-Surface-Pro-12in-1st-Ed-with-Snapdragon systemd[1]: Closed systemd-hostnamed.socket - Hostname Service Socket.
Jul 20 21:41:08 harrison-Surface-Pro-12in-1st-Ed-with-Snapdragon systemd[1]: systemd-oomd.socket: Deactivated successfully.
Jul 20 21:41:08 harrison-Surface-Pro-12in-1st-Ed-with-Snapdragon systemd[1]: Closed systemd-oomd.socket - Userspace Out-Of-Memory (OOM) Killer Socket.
Jul 20 21:41:08 harrison-Surface-Pro-12in-1st-Ed-with-Snapdragon systemd[1]: uuidd.socket: Deactivated successfully.
Jul 20 21:41:08 harrison-Surface-Pro-12in-1st-Ed-with-Snapdragon systemd[1]: Closed uuidd.socket - UUID daemon activation socket.
Jul 20 21:41:08 harrison-Surface-Pro-12in-1st-Ed-with-Snapdragon systemd[1]: Stopped target sysinit.target - System Initialization.
Jul 20 21:41:08 harrison-Surface-Pro-12in-1st-Ed-with-Snapdragon systemd[1]: Stopped target cryptsetup.target - Local Encrypted Volumes.
Jul 20 21:41:08 harrison-Surface-Pro-12in-1st-Ed-with-Snapdragon systemd[1]: systemd-ask-password-console.path: Deactivated successfully.
Jul 20 21:41:08 harrison-Surface-Pro-12in-1st-Ed-with-Snapdragon systemd[1]: Stopped systemd-ask-password-console.path - Dispatch Password Requests to Console Directory Watch.
Jul 20 21:41:08 harrison-Surface-Pro-12in-1st-Ed-with-Snapdragon systemd[1]: systemd-ask-password-wall.path: Deactivated successfully.
Jul 20 21:41:08 harrison-Surface-Pro-12in-1st-Ed-with-Snapdragon systemd[1]: Stopped systemd-ask-password-wall.path - Forward Password Requests to Wall Directory Watch.
Jul 20 21:41:08 harrison-Surface-Pro-12in-1st-Ed-with-Snapdragon systemd[1]: Stopped target integritysetup.target - Local Integrity Protected Volumes.
Jul 20 21:41:08 harrison-Surface-Pro-12in-1st-Ed-with-Snapdragon systemd[1]: Stopped target veritysetup.target - Local Verity Protected Volumes.
Jul 20 21:41:08 harrison-Surface-Pro-12in-1st-Ed-with-Snapdragon systemd[1]: cloud-init-network.service: Deactivated successfully.
Jul 20 21:41:08 harrison-Surface-Pro-12in-1st-Ed-with-Snapdragon systemd[1]: Stopped cloud-init-network.service - Cloud-init: Network Stage.
Jul 20 21:41:08 harrison-Surface-Pro-12in-1st-Ed-with-Snapdragon systemd[1]: cloud-init-local.service: Deactivated successfully.
Jul 20 21:41:08 harrison-Surface-Pro-12in-1st-Ed-with-Snapdragon systemd[1]: Stopped cloud-init-local.service - Cloud-init: Local Stage (pre-network).
Jul 20 21:41:08 harrison-Surface-Pro-12in-1st-Ed-with-Snapdragon systemd[1]: Stopping systemd-backlight@backlight:backlight.service - Load/Save Screen Backlight Brightness of backlight:backlight...
Jul 20 21:41:08 harrison-Surface-Pro-12in-1st-Ed-with-Snapdragon systemd[1]: Stopping systemd-binfmt.service - Set Up Additional Binary Formats...
Jul 20 21:41:08 harrison-Surface-Pro-12in-1st-Ed-with-Snapdragon systemd[1]: Stopping systemd-resolved.service - Network Name Resolution...
Jul 20 21:41:08 harrison-Surface-Pro-12in-1st-Ed-with-Snapdragon systemd[1]: Stopping systemd-timesyncd.service - Network Time Synchronization...
Jul 20 21:41:08 harrison-Surface-Pro-12in-1st-Ed-with-Snapdragon systemd[1]: Stopping systemd-update-utmp.service - Record System Boot/Shutdown in UTMP...
Jul 20 21:41:08 harrison-Surface-Pro-12in-1st-Ed-with-Snapdragon systemd[1]: systemd-resolved.service: Deactivated successfully.
Jul 20 21:41:08 harrison-Surface-Pro-12in-1st-Ed-with-Snapdragon systemd[1]: Stopped systemd-resolved.service - Network Name Resolution.
Jul 20 21:41:08 harrison-Surface-Pro-12in-1st-Ed-with-Snapdragon systemd[1]: run-credentials-systemd\x2dresolved.service.mount: Deactivated successfully.
Jul 20 21:41:08 harrison-Surface-Pro-12in-1st-Ed-with-Snapdragon systemd[1]: systemd-timesyncd.service: Deactivated successfully.
Jul 20 21:41:08 harrison-Surface-Pro-12in-1st-Ed-with-Snapdragon systemd[1]: Stopped systemd-timesyncd.service - Network Time Synchronization.
Jul 20 21:41:08 harrison-Surface-Pro-12in-1st-Ed-with-Snapdragon systemd[1]: systemd-backlight@backlight:backlight.service: Deactivated successfully.
Jul 20 21:41:08 harrison-Surface-Pro-12in-1st-Ed-with-Snapdragon systemd[1]: Stopped systemd-backlight@backlight:backlight.service - Load/Save Screen Backlight Brightness of backlight:backlight.
Jul 20 21:41:08 harrison-Surface-Pro-12in-1st-Ed-with-Snapdragon systemd[1]: systemd-binfmt.service: Deactivated successfully.
Jul 20 21:41:08 harrison-Surface-Pro-12in-1st-Ed-with-Snapdragon systemd[1]: Stopped systemd-binfmt.service - Set Up Additional Binary Formats.
Jul 20 21:41:08 harrison-Surface-Pro-12in-1st-Ed-with-Snapdragon systemd[1]: Removed slice system-systemd\x2dbacklight.slice - Slice /system/systemd-backlight.
Jul 20 21:41:08 harrison-Surface-Pro-12in-1st-Ed-with-Snapdragon systemd[1]: proc-sys-fs-binfmt_misc.automount: Deactivated successfully.
Jul 20 21:41:08 harrison-Surface-Pro-12in-1st-Ed-with-Snapdragon systemd[1]: Unset automount proc-sys-fs-binfmt_misc.automount - Arbitrary Executable File Formats File System Automount Point.
Jul 20 21:41:08 harrison-Surface-Pro-12in-1st-Ed-with-Snapdragon systemd[1]: systemd-sysctl.service: Deactivated successfully.
Jul 20 21:41:08 harrison-Surface-Pro-12in-1st-Ed-with-Snapdragon systemd[1]: Stopped systemd-sysctl.service - Apply Kernel Variables.
Jul 20 21:41:08 harrison-Surface-Pro-12in-1st-Ed-with-Snapdragon systemd[1]: systemd-modules-load.service: Deactivated successfully.
Jul 20 21:41:08 harrison-Surface-Pro-12in-1st-Ed-with-Snapdragon systemd[1]: Stopped systemd-modules-load.service - Load Kernel Modules.
Jul 20 21:41:08 harrison-Surface-Pro-12in-1st-Ed-with-Snapdragon systemd[1]: proc-sys-fs-binfmt_misc.mount: Deactivated successfully.
Jul 20 21:41:08 harrison-Surface-Pro-12in-1st-Ed-with-Snapdragon systemd[1]: run-credentials-systemd\x2dsysctl.service.mount: Deactivated successfully.
Jul 20 21:41:08 harrison-Surface-Pro-12in-1st-Ed-with-Snapdragon systemd[1]: systemd-update-utmp.service: Deactivated successfully.
Jul 20 21:41:08 harrison-Surface-Pro-12in-1st-Ed-with-Snapdragon systemd[1]: Stopped systemd-update-utmp.service - Record System Boot/Shutdown in UTMP.
Jul 20 21:41:08 harrison-Surface-Pro-12in-1st-Ed-with-Snapdragon systemd[1]: systemd-tmpfiles-setup.service: Deactivated successfully.
Jul 20 21:41:08 harrison-Surface-Pro-12in-1st-Ed-with-Snapdragon systemd[1]: Stopped systemd-tmpfiles-setup.service - Create System Files and Directories.
Jul 20 21:41:08 harrison-Surface-Pro-12in-1st-Ed-with-Snapdragon systemd[1]: Stopped target local-fs.target - Local File Systems.
Jul 20 21:41:08 harrison-Surface-Pro-12in-1st-Ed-with-Snapdragon systemd[1]: Stopped target snapd.mounts.target - Mounted snaps.
Jul 20 21:41:08 harrison-Surface-Pro-12in-1st-Ed-with-Snapdragon systemd[1]: Unmounting boot-efi.mount - /boot/efi...
Jul 20 21:41:08 harrison-Surface-Pro-12in-1st-Ed-with-Snapdragon systemd[1]: Unmounting run-lock.mount - Legacy Locks Directory /run/lock...
Jul 20 21:41:08 harrison-Surface-Pro-12in-1st-Ed-with-Snapdragon systemd[1]: Unmounting run-snapd-ns-prompting\x2dclient.mnt.mount - /run/snapd/ns/prompting-client.mnt...
Jul 20 21:41:08 harrison-Surface-Pro-12in-1st-Ed-with-Snapdragon systemd[1]: Unmounting run-snapd-ns-snapd\x2ddesktop\x2dintegration.mnt.mount - /run/snapd/ns/snapd-desktop-integration.mnt...
Jul 20 21:41:08 harrison-Surface-Pro-12in-1st-Ed-with-Snapdragon systemd[1]: Unmounting snap-bare-5.mount - Mount unit for bare, revision 5...
Jul 20 21:41:08 harrison-Surface-Pro-12in-1st-Ed-with-Snapdragon systemd[1]: Unmounting snap-core22-1624.mount - Mount unit for core22, revision 1624...
Jul 20 21:41:08 harrison-Surface-Pro-12in-1st-Ed-with-Snapdragon systemd[1]: Unmounting snap-desktop\x2dsecurity\x2dcenter-33.mount - Mount unit for desktop-security-center, revision 33...
Jul 20 21:41:08 harrison-Surface-Pro-12in-1st-Ed-with-Snapdragon systemd[1]: Unmounting snap-firefox-5015.mount - Mount unit for firefox, revision 5015...
Jul 20 21:41:08 harrison-Surface-Pro-12in-1st-Ed-with-Snapdragon systemd[1]: Unmounting snap-gnome\x2d42\x2d2204-178.mount - Mount unit for gnome-42-2204, revision 178...
Jul 20 21:41:08 harrison-Surface-Pro-12in-1st-Ed-with-Snapdragon systemd[1]: Unmounting snap-gtk\x2dcommon\x2dthemes-1535.mount - Mount unit for gtk-common-themes, revision 1535...
Jul 20 21:41:08 harrison-Surface-Pro-12in-1st-Ed-with-Snapdragon systemd[1]: Unmounting snap-prompting\x2dclient-52.mount - Mount unit for prompting-client, revision 52...
Jul 20 21:41:08 harrison-Surface-Pro-12in-1st-Ed-with-Snapdragon systemd[1]: Unmounting snap-snap\x2dstore-1219.mount - Mount unit for snap-store, revision 1219...
Jul 20 21:41:08 harrison-Surface-Pro-12in-1st-Ed-with-Snapdragon systemd[1]: Unmounting snap-snapd-22992.mount - Mount unit for snapd, revision 22992...
Jul 20 21:41:08 harrison-Surface-Pro-12in-1st-Ed-with-Snapdragon systemd[1]: Unmounting snap-snapd\x2ddesktop\x2dintegration-249.mount - Mount unit for snapd-desktop-integration, revision 249...
Jul 20 21:41:08 harrison-Surface-Pro-12in-1st-Ed-with-Snapdragon systemd[1]: Unmounting snap-thunderbird-491.mount - Mount unit for thunderbird, revision 491...
Jul 20 21:41:08 harrison-Surface-Pro-12in-1st-Ed-with-Snapdragon systemd[1]: Unmounting tmp.mount - Temporary Directory /tmp...
Jul 20 21:41:08 harrison-Surface-Pro-12in-1st-Ed-with-Snapdragon systemd[1]: run-credentials-systemd\x2dtmpfiles\x2dsetup.service.mount: Deactivated successfully.
Jul 20 21:41:08 harrison-Surface-Pro-12in-1st-Ed-with-Snapdragon systemd[1]: boot-efi.mount: Deactivated successfully.
Jul 20 21:41:08 harrison-Surface-Pro-12in-1st-Ed-with-Snapdragon systemd[1]: Unmounted boot-efi.mount - /boot/efi.
Jul 20 21:41:08 harrison-Surface-Pro-12in-1st-Ed-with-Snapdragon systemd[1]: run-lock.mount: Deactivated successfully.
Jul 20 21:41:08 harrison-Surface-Pro-12in-1st-Ed-with-Snapdragon systemd[1]: Unmounted run-lock.mount - Legacy Locks Directory /run/lock.
Jul 20 21:41:08 harrison-Surface-Pro-12in-1st-Ed-with-Snapdragon systemd[1]: run-snapd-ns-prompting\x2dclient.mnt.mount: Deactivated successfully.
Jul 20 21:41:08 harrison-Surface-Pro-12in-1st-Ed-with-Snapdragon systemd[1]: Unmounted run-snapd-ns-prompting\x2dclient.mnt.mount - /run/snapd/ns/prompting-client.mnt.
Jul 20 21:41:08 harrison-Surface-Pro-12in-1st-Ed-with-Snapdragon systemd[1]: run-snapd-ns-snapd\x2ddesktop\x2dintegration.mnt.mount: Deactivated successfully.
Jul 20 21:41:08 harrison-Surface-Pro-12in-1st-Ed-with-Snapdragon systemd[1]: Unmounted run-snapd-ns-snapd\x2ddesktop\x2dintegration.mnt.mount - /run/snapd/ns/snapd-desktop-integration.mnt.
Jul 20 21:41:08 harrison-Surface-Pro-12in-1st-Ed-with-Snapdragon systemd[1]: snap-bare-5.mount: Deactivated successfully.
Jul 20 21:41:08 harrison-Surface-Pro-12in-1st-Ed-with-Snapdragon systemd[1]: Unmounted snap-bare-5.mount - Mount unit for bare, revision 5.
Jul 20 21:41:08 harrison-Surface-Pro-12in-1st-Ed-with-Snapdragon systemd[1]: snap-core22-1624.mount: Deactivated successfully.
Jul 20 21:41:08 harrison-Surface-Pro-12in-1st-Ed-with-Snapdragon systemd[1]: Unmounted snap-core22-1624.mount - Mount unit for core22, revision 1624.
Jul 20 21:41:08 harrison-Surface-Pro-12in-1st-Ed-with-Snapdragon systemd[1]: snap-desktop\x2dsecurity\x2dcenter-33.mount: Deactivated successfully.
Jul 20 21:41:08 harrison-Surface-Pro-12in-1st-Ed-with-Snapdragon systemd[1]: Unmounted snap-desktop\x2dsecurity\x2dcenter-33.mount - Mount unit for desktop-security-center, revision 33.
Jul 20 21:41:08 harrison-Surface-Pro-12in-1st-Ed-with-Snapdragon systemd[1]: snap-firefox-5015.mount: Deactivated successfully.
Jul 20 21:41:08 harrison-Surface-Pro-12in-1st-Ed-with-Snapdragon systemd[1]: Unmounted snap-firefox-5015.mount - Mount unit for firefox, revision 5015.
Jul 20 21:41:08 harrison-Surface-Pro-12in-1st-Ed-with-Snapdragon systemd[1]: snap-gnome\x2d42\x2d2204-178.mount: Deactivated successfully.
Jul 20 21:41:08 harrison-Surface-Pro-12in-1st-Ed-with-Snapdragon systemd[1]: Unmounted snap-gnome\x2d42\x2d2204-178.mount - Mount unit for gnome-42-2204, revision 178.
Jul 20 21:41:08 harrison-Surface-Pro-12in-1st-Ed-with-Snapdragon systemd[1]: snap-gtk\x2dcommon\x2dthemes-1535.mount: Deactivated successfully.
Jul 20 21:41:08 harrison-Surface-Pro-12in-1st-Ed-with-Snapdragon systemd[1]: Unmounted snap-gtk\x2dcommon\x2dthemes-1535.mount - Mount unit for gtk-common-themes, revision 1535.
Jul 20 21:41:08 harrison-Surface-Pro-12in-1st-Ed-with-Snapdragon systemd[1]: snap-prompting\x2dclient-52.mount: Deactivated successfully.
Jul 20 21:41:08 harrison-Surface-Pro-12in-1st-Ed-with-Snapdragon systemd[1]: Unmounted snap-prompting\x2dclient-52.mount - Mount unit for prompting-client, revision 52.
Jul 20 21:41:08 harrison-Surface-Pro-12in-1st-Ed-with-Snapdragon systemd[1]: snap-snap\x2dstore-1219.mount: Deactivated successfully.
Jul 20 21:41:08 harrison-Surface-Pro-12in-1st-Ed-with-Snapdragon systemd[1]: Unmounted snap-snap\x2dstore-1219.mount - Mount unit for snap-store, revision 1219.
Jul 20 21:41:08 harrison-Surface-Pro-12in-1st-Ed-with-Snapdragon systemd[1]: snap-snapd-22992.mount: Deactivated successfully.
Jul 20 21:41:08 harrison-Surface-Pro-12in-1st-Ed-with-Snapdragon systemd[1]: Unmounted snap-snapd-22992.mount - Mount unit for snapd, revision 22992.
Jul 20 21:41:08 harrison-Surface-Pro-12in-1st-Ed-with-Snapdragon systemd[1]: snap-snapd\x2ddesktop\x2dintegration-249.mount: Deactivated successfully.
Jul 20 21:41:08 harrison-Surface-Pro-12in-1st-Ed-with-Snapdragon systemd[1]: Unmounted snap-snapd\x2ddesktop\x2dintegration-249.mount - Mount unit for snapd-desktop-integration, revision 249.
Jul 20 21:41:08 harrison-Surface-Pro-12in-1st-Ed-with-Snapdragon systemd[1]: snap-thunderbird-491.mount: Deactivated successfully.
Jul 20 21:41:08 harrison-Surface-Pro-12in-1st-Ed-with-Snapdragon systemd[1]: Unmounted snap-thunderbird-491.mount - Mount unit for thunderbird, revision 491.
Jul 20 21:41:08 harrison-Surface-Pro-12in-1st-Ed-with-Snapdragon systemd[1]: tmp.mount: Deactivated successfully.
Jul 20 21:41:08 harrison-Surface-Pro-12in-1st-Ed-with-Snapdragon systemd[1]: Unmounted tmp.mount - Temporary Directory /tmp.
Jul 20 21:41:08 harrison-Surface-Pro-12in-1st-Ed-with-Snapdragon systemd[1]: Stopped target snapd.mounts-pre.target - Mounting snaps.
Jul 20 21:41:08 harrison-Surface-Pro-12in-1st-Ed-with-Snapdragon systemd[1]: Unmounting run-snapd-ns.mount - /run/snapd/ns...
Jul 20 21:41:08 harrison-Surface-Pro-12in-1st-Ed-with-Snapdragon systemd[1]: systemd-fsck@dev-disk-by\x2dlabel-BOOT2410.service: Deactivated successfully.
Jul 20 21:41:08 harrison-Surface-Pro-12in-1st-Ed-with-Snapdragon systemd[1]: Stopped systemd-fsck@dev-disk-by\x2dlabel-BOOT2410.service - File System Check on /dev/disk/by-label/BOOT2410.
Jul 20 21:41:08 harrison-Surface-Pro-12in-1st-Ed-with-Snapdragon systemd[1]: Removed slice system-systemd\x2dfsck.slice - Slice /system/systemd-fsck.
Jul 20 21:41:08 harrison-Surface-Pro-12in-1st-Ed-with-Snapdragon systemd[1]: run-snapd-ns.mount: Deactivated successfully.
Jul 20 21:41:08 harrison-Surface-Pro-12in-1st-Ed-with-Snapdragon systemd[1]: Unmounted run-snapd-ns.mount - /run/snapd/ns.
Jul 20 21:41:08 harrison-Surface-Pro-12in-1st-Ed-with-Snapdragon systemd[1]: Stopped target local-fs-pre.target - Preparation for Local File Systems.
Jul 20 21:41:08 harrison-Surface-Pro-12in-1st-Ed-with-Snapdragon systemd[1]: Stopped target swap.target - Swaps.
Jul 20 21:41:08 harrison-Surface-Pro-12in-1st-Ed-with-Snapdragon systemd[1]: Reached target umount.target - Unmount All Filesystems.
Jul 20 21:41:08 harrison-Surface-Pro-12in-1st-Ed-with-Snapdragon systemd[1]: Stopping lvm2-monitor.service - Monitoring of LVM2 mirrors, snapshots etc. using dmeventd or progress polling...
Jul 20 21:41:08 harrison-Surface-Pro-12in-1st-Ed-with-Snapdragon systemd[1]: systemd-remount-fs.service: Deactivated successfully.
Jul 20 21:41:08 harrison-Surface-Pro-12in-1st-Ed-with-Snapdragon systemd[1]: Stopped systemd-remount-fs.service - Remount Root and Kernel File Systems.
Jul 20 21:41:08 harrison-Surface-Pro-12in-1st-Ed-with-Snapdragon systemd[1]: systemd-tmpfiles-setup-dev.service: Deactivated successfully.
Jul 20 21:41:08 harrison-Surface-Pro-12in-1st-Ed-with-Snapdragon systemd[1]: Stopped systemd-tmpfiles-setup-dev.service - Create Static Device Nodes in /dev.
Jul 20 21:41:08 harrison-Surface-Pro-12in-1st-Ed-with-Snapdragon systemd[1]: systemd-tmpfiles-setup-dev-early.service: Deactivated successfully.
Jul 20 21:41:08 harrison-Surface-Pro-12in-1st-Ed-with-Snapdragon systemd[1]: Stopped systemd-tmpfiles-setup-dev-early.service - Create Static Device Nodes in /dev gracefully.
Jul 20 21:41:08 harrison-Surface-Pro-12in-1st-Ed-with-Snapdragon systemd[1]: lvm2-monitor.service: Deactivated successfully.
Jul 20 21:41:08 harrison-Surface-Pro-12in-1st-Ed-with-Snapdragon systemd[1]: Stopped lvm2-monitor.service - Monitoring of LVM2 mirrors, snapshots etc. using dmeventd or progress polling.
Jul 20 21:41:08 harrison-Surface-Pro-12in-1st-Ed-with-Snapdragon systemd[1]: Reached target shutdown.target - System Shutdown.
Jul 20 21:41:08 harrison-Surface-Pro-12in-1st-Ed-with-Snapdragon systemd[1]: Reached target final.target - Late Shutdown Services.
Jul 20 21:41:08 harrison-Surface-Pro-12in-1st-Ed-with-Snapdragon systemd[1]: systemd-reboot.service: Deactivated successfully.
Jul 20 21:41:08 harrison-Surface-Pro-12in-1st-Ed-with-Snapdragon systemd[1]: Finished systemd-reboot.service - System Reboot.
Jul 20 21:41:08 harrison-Surface-Pro-12in-1st-Ed-with-Snapdragon systemd[1]: Reached target reboot.target - System Reboot.
Jul 20 21:41:08 harrison-Surface-Pro-12in-1st-Ed-with-Snapdragon systemd[1]: Shutting down.
Jul 20 21:41:09 harrison-Surface-Pro-12in-1st-Ed-with-Snapdragon systemd[1]: Using hardware watchdog 'SBSA Generic Watchdog', version 0, device /dev/watchdog0
Jul 20 21:41:09 harrison-Surface-Pro-12in-1st-Ed-with-Snapdragon systemd[1]: Watchdog running with a hardware timeout of 10min.
Jul 20 21:41:09 harrison-Surface-Pro-12in-1st-Ed-with-Snapdragon kernel: watchdog: watchdog0: watchdog did not stop!
Jul 20 21:41:09 harrison-Surface-Pro-12in-1st-Ed-with-Snapdragon systemd-shutdown[1]: Using hardware watchdog 'SBSA Generic Watchdog', version 0, device /dev/watchdog0
Jul 20 21:41:09 harrison-Surface-Pro-12in-1st-Ed-with-Snapdragon systemd-shutdown[1]: Watchdog running with a hardware timeout of 10min.
Jul 20 21:41:09 harrison-Surface-Pro-12in-1st-Ed-with-Snapdragon systemd-shutdown[1]: Syncing filesystems and block devices.
Jul 20 21:41:09 harrison-Surface-Pro-12in-1st-Ed-with-Snapdragon systemd-shutdown[1]: Sending SIGTERM to remaining processes...
Jul 20 21:41:09 harrison-Surface-Pro-12in-1st-Ed-with-Snapdragon systemd-journald[455]: Received SIGTERM from PID 1 (systemd-shutdow).
Jul 20 21:41:09 harrison-Surface-Pro-12in-1st-Ed-with-Snapdragon systemd-journald[455]: Journal stopped
-- Boot 6f82204df9ab4c99806e5bc25f892a22 --
Jul 20 21:41:34 harrison-Surface-Pro-12in-1st-Ed-with-Snapdragon kernel: Booting Linux on physical CPU 0x0000000000 [0x512f0011]
Jul 20 21:41:34 harrison-Surface-Pro-12in-1st-Ed-with-Snapdragon kernel: Linux version 6.16.0-rc5-jg-1-qcom-x1e (jglathe@angrybox) (aarch64-linux-gnu-gcc-14 (Ubuntu 14.2.0-19ubuntu2) 14.2.0, Ubuntu LLD 20.1.2) #1 SMP PREEMPT_DYNAMIC Sat Jul 12 11:50:03 CEST 2025
Jul 20 21:41:34 harrison-Surface-Pro-12in-1st-Ed-with-Snapdragon kernel: KASLR enabled
Jul 20 21:41:34 harrison-Surface-Pro-12in-1st-Ed-with-Snapdragon kernel: Machine model: Surface Pro 12 inch
Jul 20 21:41:34 harrison-Surface-Pro-12in-1st-Ed-with-Snapdragon kernel: efi: EFI v2.7 by Microsoft
Jul 20 21:41:34 harrison-Surface-Pro-12in-1st-Ed-with-Snapdragon kernel: efi: SMBIOS=0xd4f05000 SMBIOS 3.0=0xd4f03000 TPMFinalLog=0xd5440000 ACPI 2.0=0xd57c1018 MEMATTR=0xcee5f018 ESRT=0xd1616e98 TPMEventLog=0xd5539018 INITRD=0xced7cc18 RNG=0xd57c1a98 MEMRESERVE=0xced7c318 
Jul 20 21:41:34 harrison-Surface-Pro-12in-1st-Ed-with-Snapdragon kernel: random: crng init done
Jul 20 21:41:34 harrison-Surface-Pro-12in-1st-Ed-with-Snapdragon kernel: esrt: Reserving ESRT space from 0x00000000d1616e98 to 0x00000000d1616fc0.
Jul 20 21:41:34 harrison-Surface-Pro-12in-1st-Ed-with-Snapdragon kernel: Reserved memory: bypass linux,cma node, using cmdline CMA params instead
Jul 20 21:41:34 harrison-Surface-Pro-12in-1st-Ed-with-Snapdragon kernel: OF: reserved mem: node linux,cma compatible matching fail
Jul 20 21:41:34 harrison-Surface-Pro-12in-1st-Ed-with-Snapdragon kernel: OF: reserved mem: 0x0000000080000000..0x00000000807fffff (8192 KiB) nomap non-reusable gunyah-hyp@80000000
Jul 20 21:41:34 harrison-Surface-Pro-12in-1st-Ed-with-Snapdragon kernel: OF: reserved mem: 0x0000000080800000..0x00000000809fffff (2048 KiB) nomap non-reusable hyp-elf-package@80800000
Jul 20 21:41:34 harrison-Surface-Pro-12in-1st-Ed-with-Snapdragon kernel: OF: reserved mem: 0x0000000080a00000..0x0000000080dfffff (4096 KiB) nomap non-reusable ncc@80a00000
Jul 20 21:41:34 harrison-Surface-Pro-12in-1st-Ed-with-Snapdragon kernel: OF: reserved mem: 0x0000000080e00000..0x0000000080e3ffff (256 KiB) nomap non-reusable cpucp-log@80e00000
Jul 20 21:41:34 harrison-Surface-Pro-12in-1st-Ed-with-Snapdragon kernel: OF: reserved mem: 0x0000000080e40000..0x000000008137ffff (5376 KiB) nomap non-reusable cpucp@80e40000
Jul 20 21:41:34 harrison-Surface-Pro-12in-1st-Ed-with-Snapdragon kernel: OF: reserved mem: 0x0000000081380000..0x00000000813fffff (512 KiB) nomap non-reusable reserved-region@81380000
Jul 20 21:41:34 harrison-Surface-Pro-12in-1st-Ed-with-Snapdragon kernel: OF: reserved mem: 0x0000000081400000..0x000000008159ffff (1664 KiB) nomap non-reusable tags-region@81400000
Jul 20 21:41:34 harrison-Surface-Pro-12in-1st-Ed-with-Snapdragon kernel: OF: reserved mem: 0x0000000081a00000..0x0000000081a3ffff (256 KiB) nomap non-reusable xbl-dtlog@81a00000
Jul 20 21:41:34 harrison-Surface-Pro-12in-1st-Ed-with-Snapdragon kernel: OF: reserved mem: 0x0000000081a40000..0x0000000081bfffff (1792 KiB) nomap non-reusable xbl-ramdump@81a40000
Jul 20 21:41:34 harrison-Surface-Pro-12in-1st-Ed-with-Snapdragon kernel: OF: reserved mem: 0x0000000081c00000..0x0000000081c5ffff (384 KiB) nomap non-reusable aop-image@81c00000
Jul 20 21:41:34 harrison-Surface-Pro-12in-1st-Ed-with-Snapdragon kernel: OF: reserved mem: 0x0000000081c60000..0x0000000081c7ffff (128 KiB) nomap non-reusable aop-cmd-db@81c60000
Jul 20 21:41:34 harrison-Surface-Pro-12in-1st-Ed-with-Snapdragon kernel: OF: reserved mem: 0x0000000081c80000..0x0000000081c9ffff (128 KiB) nomap non-reusable aop-config@81c80000
Jul 20 21:41:34 harrison-Surface-Pro-12in-1st-Ed-with-Snapdragon kernel: OF: reserved mem: 0x0000000081ca0000..0x0000000081cdffff (256 KiB) nomap non-reusable tme-crash-dump@81ca0000
Jul 20 21:41:34 harrison-Surface-Pro-12in-1st-Ed-with-Snapdragon kernel: OF: reserved mem: 0x0000000081ce0000..0x0000000081ce3fff (16 KiB) nomap non-reusable tme-log@81ce0000
Jul 20 21:41:34 harrison-Surface-Pro-12in-1st-Ed-with-Snapdragon kernel: OF: reserved mem: 0x0000000081ce4000..0x0000000081cf3fff (64 KiB) nomap non-reusable uefi-log@81ce4000
Jul 20 21:41:34 harrison-Surface-Pro-12in-1st-Ed-with-Snapdragon kernel: OF: reserved mem: 0x0000000081cff000..0x0000000081cfffff (4 KiB) nomap non-reusable secdata-apss@81cff000
Jul 20 21:41:34 harrison-Surface-Pro-12in-1st-Ed-with-Snapdragon kernel: OF: reserved mem: 0x0000000081e00000..0x0000000081efffff (1024 KiB) nomap non-reusable pdp-ns-shared@81e00000
Jul 20 21:41:34 harrison-Surface-Pro-12in-1st-Ed-with-Snapdragon kernel: OF: reserved mem: 0x0000000081f00000..0x0000000081f0ffff (64 KiB) nomap non-reusable gpu-prr@81f00000
Jul 20 21:41:34 harrison-Surface-Pro-12in-1st-Ed-with-Snapdragon kernel: OF: reserved mem: 0x0000000081f10000..0x0000000081f1ffff (64 KiB) nomap non-reusable tpm-control@81f10000
Jul 20 21:41:34 harrison-Surface-Pro-12in-1st-Ed-with-Snapdragon kernel: OF: reserved mem: 0x0000000081f20000..0x0000000081f2ffff (64 KiB) nomap non-reusable usb-ucsi-shared@81f20000
Jul 20 21:41:34 harrison-Surface-Pro-12in-1st-Ed-with-Snapdragon kernel: OF: reserved mem: 0x0000000081f30000..0x0000000081f35fff (24 KiB) nomap non-reusable pld-pep@81f30000
Jul 20 21:41:34 harrison-Surface-Pro-12in-1st-Ed-with-Snapdragon kernel: OF: reserved mem: 0x0000000081f36000..0x0000000081f36fff (4 KiB) nomap non-reusable pld-gmu@81f36000
Jul 20 21:41:34 harrison-Surface-Pro-12in-1st-Ed-with-Snapdragon kernel: OF: reserved mem: 0x0000000081f37000..0x0000000081f37fff (4 KiB) nomap non-reusable pld-pdp@81f37000
Jul 20 21:41:34 harrison-Surface-Pro-12in-1st-Ed-with-Snapdragon kernel: OF: reserved mem: 0x0000000082700000..0x00000000827fffff (1024 KiB) nomap non-reusable tz-stat@82700000
Jul 20 21:41:34 harrison-Surface-Pro-12in-1st-Ed-with-Snapdragon kernel: OF: reserved mem: 0x0000000082800000..0x00000000833fffff (12288 KiB) nomap non-reusable xbl-tmp-buffer@82800000
Jul 20 21:41:34 harrison-Surface-Pro-12in-1st-Ed-with-Snapdragon kernel: OF: reserved mem: 0x0000000084b00000..0x00000000852fffff (8192 KiB) nomap non-reusable adsp-rpc-remote-heap@84b00000
Jul 20 21:41:34 harrison-Surface-Pro-12in-1st-Ed-with-Snapdragon kernel: OF: reserved mem: 0x0000000085300000..0x000000008537ffff (512 KiB) nomap non-reusable spu-secure-shared-memory@85300000
Jul 20 21:41:34 harrison-Surface-Pro-12in-1st-Ed-with-Snapdragon kernel: OF: reserved mem: 0x00000000866c0000..0x00000000866fffff (256 KiB) nomap non-reusable adsp-boot-dtb@866c0000
Jul 20 21:41:34 harrison-Surface-Pro-12in-1st-Ed-with-Snapdragon kernel: OF: reserved mem: 0x0000000086700000..0x0000000086afffff (4096 KiB) nomap non-reusable spss-region@86700000
Jul 20 21:41:34 harrison-Surface-Pro-12in-1st-Ed-with-Snapdragon kernel: OF: reserved mem: 0x0000000086b00000..0x00000000876fffff (12288 KiB) nomap non-reusable adsp-boot@86b00000
Jul 20 21:41:34 harrison-Surface-Pro-12in-1st-Ed-with-Snapdragon kernel: OF: reserved mem: 0x0000000087700000..0x0000000087dfffff (7168 KiB) nomap non-reusable video@87700000
Jul 20 21:41:34 harrison-Surface-Pro-12in-1st-Ed-with-Snapdragon kernel: OF: reserved mem: 0x0000000087e00000..0x000000008b7fffff (59392 KiB) nomap non-reusable adspslpi@87e00000
Jul 20 21:41:34 harrison-Surface-Pro-12in-1st-Ed-with-Snapdragon kernel: OF: reserved mem: 0x000000008b800000..0x000000008b87ffff (512 KiB) nomap non-reusable q6-adsp-dtb@8b800000
Jul 20 21:41:34 harrison-Surface-Pro-12in-1st-Ed-with-Snapdragon kernel: OF: reserved mem: 0x000000008b900000..0x000000008d8fffff (32768 KiB) nomap non-reusable cdsp@8b900000
Jul 20 21:41:34 harrison-Surface-Pro-12in-1st-Ed-with-Snapdragon kernel: OF: reserved mem: 0x000000008d900000..0x000000008d97ffff (512 KiB) nomap non-reusable q6-cdsp-dtb@8d900000
Jul 20 21:41:34 harrison-Surface-Pro-12in-1st-Ed-with-Snapdragon kernel: OF: reserved mem: 0x000000008d9fe000..0x000000008d9fffff (8 KiB) nomap non-reusable gpu-microcode@8d9fe000
Jul 20 21:41:34 harrison-Surface-Pro-12in-1st-Ed-with-Snapdragon kernel: OF: reserved mem: 0x000000008da00000..0x000000008e0fffff (7168 KiB) nomap non-reusable cvp@8da00000
Jul 20 21:41:34 harrison-Surface-Pro-12in-1st-Ed-with-Snapdragon kernel: OF: reserved mem: 0x000000008e100000..0x000000008e8fffff (8192 KiB) nomap non-reusable camera@8e100000
Jul 20 21:41:34 harrison-Surface-Pro-12in-1st-Ed-with-Snapdragon kernel: OF: reserved mem: 0x000000008e900000..0x000000008effffff (7168 KiB) nomap non-reusable av1-encoder@8e900000
Jul 20 21:41:34 harrison-Surface-Pro-12in-1st-Ed-with-Snapdragon kernel: OF: reserved mem: 0x000000008f000000..0x000000008f9fffff (10240 KiB) nomap non-reusable reserved-region@8f000000
Jul 20 21:41:34 harrison-Surface-Pro-12in-1st-Ed-with-Snapdragon kernel: OF: reserved mem: 0x000000008fa00000..0x00000000912fffff (25600 KiB) nomap non-reusable wpss@8fa00000
Jul 20 21:41:34 harrison-Surface-Pro-12in-1st-Ed-with-Snapdragon kernel: OF: reserved mem: 0x0000000091300000..0x000000009137ffff (512 KiB) nomap non-reusable q6-wpss-dtb@91300000
Jul 20 21:41:34 harrison-Surface-Pro-12in-1st-Ed-with-Snapdragon kernel: OF: reserved mem: 0x00000000d8000000..0x00000000d803ffff (256 KiB) nomap non-reusable xbl-sc@d8000000
Jul 20 21:41:34 harrison-Surface-Pro-12in-1st-Ed-with-Snapdragon kernel: OF: reserved mem: 0x00000000d8040000..0x00000000d80dffff (640 KiB) nomap non-reusable reserved-region@d8040000
Jul 20 21:41:34 harrison-Surface-Pro-12in-1st-Ed-with-Snapdragon kernel: OF: reserved mem: 0x00000000d80e0000..0x00000000d85fffff (5248 KiB) nomap non-reusable qtee@d80e0000
Jul 20 21:41:34 harrison-Surface-Pro-12in-1st-Ed-with-Snapdragon kernel: OF: reserved mem: 0x00000000d8600000..0x00000000e0ffffff (141312 KiB) nomap non-reusable ta@d8600000
Jul 20 21:41:34 harrison-Surface-Pro-12in-1st-Ed-with-Snapdragon kernel: OF: reserved mem: 0x00000000e1000000..0x00000000e369ffff (39552 KiB) nomap non-reusable tags@e1000000
Jul 20 21:41:34 harrison-Surface-Pro-12in-1st-Ed-with-Snapdragon kernel: OF: reserved mem: 0x00000000ff800000..0x00000000ffdfffff (6144 KiB) nomap non-reusable llcc-lpi@ff800000
Jul 20 21:41:34 harrison-Surface-Pro-12in-1st-Ed-with-Snapdragon kernel: OF: reserved mem: 0x00000000ffe00000..0x00000000ffffffff (2048 KiB) nomap non-reusable smem@ffe00000
Jul 20 21:41:34 harrison-Surface-Pro-12in-1st-Ed-with-Snapdragon kernel: NUMA: Faking a node at [mem 0x0000000080800000-0x0000000bffffffff]
Jul 20 21:41:34 harrison-Surface-Pro-12in-1st-Ed-with-Snapdragon kernel: NODE_DATA(0) allocated [mem 0xbfdfeeec0-0xbfdff443f]
Jul 20 21:41:34 harrison-Surface-Pro-12in-1st-Ed-with-Snapdragon kernel: Zone ranges:
Jul 20 21:41:34 harrison-Surface-Pro-12in-1st-Ed-with-Snapdragon kernel:   DMA      [mem 0x0000000080800000-0x00000000ffffffff]
Jul 20 21:41:34 harrison-Surface-Pro-12in-1st-Ed-with-Snapdragon kernel:   DMA32    empty
Jul 20 21:41:34 harrison-Surface-Pro-12in-1st-Ed-with-Snapdragon kernel:   Normal   [mem 0x0000000100000000-0x0000000bffffffff]
Jul 20 21:41:34 harrison-Surface-Pro-12in-1st-Ed-with-Snapdragon kernel:   Device   empty
Jul 20 21:41:34 harrison-Surface-Pro-12in-1st-Ed-with-Snapdragon kernel: Movable zone start for each node
Jul 20 21:41:34 harrison-Surface-Pro-12in-1st-Ed-with-Snapdragon kernel: Early memory node ranges
Jul 20 21:41:34 harrison-Surface-Pro-12in-1st-Ed-with-Snapdragon kernel:   node   0: [mem 0x0000000080800000-0x0000000080dfffff]
Jul 20 21:41:34 harrison-Surface-Pro-12in-1st-Ed-with-Snapdragon kernel:   node   0: [mem 0x00000000815a0000-0x00000000819fffff]
Jul 20 21:41:34 harrison-Surface-Pro-12in-1st-Ed-with-Snapdragon kernel:   node   0: [mem 0x0000000081a00000-0x0000000081a3ffff]
Jul 20 21:41:34 harrison-Surface-Pro-12in-1st-Ed-with-Snapdragon kernel:   node   0: [mem 0x0000000081d00000-0x0000000081dfffff]
Jul 20 21:41:34 harrison-Surface-Pro-12in-1st-Ed-with-Snapdragon kernel:   node   0: [mem 0x0000000081f00000-0x0000000081f37fff]
Jul 20 21:41:34 harrison-Surface-Pro-12in-1st-Ed-with-Snapdragon kernel:   node   0: [mem 0x0000000081f38000-0x00000000826fffff]
Jul 20 21:41:34 harrison-Surface-Pro-12in-1st-Ed-with-Snapdragon kernel:   node   0: [mem 0x0000000082800000-0x00000000833fffff]
Jul 20 21:41:34 harrison-Surface-Pro-12in-1st-Ed-with-Snapdragon kernel:   node   0: [mem 0x0000000083400000-0x0000000083efffff]
Jul 20 21:41:34 harrison-Surface-Pro-12in-1st-Ed-with-Snapdragon kernel:   node   0: [mem 0x0000000083f00000-0x0000000083ffffff]
Jul 20 21:41:34 harrison-Surface-Pro-12in-1st-Ed-with-Snapdragon kernel:   node   0: [mem 0x0000000084000000-0x0000000084afffff]
Jul 20 21:41:34 harrison-Surface-Pro-12in-1st-Ed-with-Snapdragon kernel:   node   0: [mem 0x0000000085380000-0x00000000866bffff]
Jul 20 21:41:34 harrison-Surface-Pro-12in-1st-Ed-with-Snapdragon kernel:   node   0: [mem 0x0000000091480000-0x00000000a7f00fff]
Jul 20 21:41:34 harrison-Surface-Pro-12in-1st-Ed-with-Snapdragon kernel:   node   0: [mem 0x00000000a7f01000-0x00000000a7f01fff]
Jul 20 21:41:34 harrison-Surface-Pro-12in-1st-Ed-with-Snapdragon kernel:   node   0: [mem 0x00000000a7f02000-0x00000000a7f04fff]
Jul 20 21:41:34 harrison-Surface-Pro-12in-1st-Ed-with-Snapdragon kernel:   node   0: [mem 0x00000000a7f05000-0x00000000a7f0cfff]
Jul 20 21:41:34 harrison-Surface-Pro-12in-1st-Ed-with-Snapdragon kernel:   node   0: [mem 0x00000000a7f0d000-0x00000000d4d60fff]
Jul 20 21:41:34 harrison-Surface-Pro-12in-1st-Ed-with-Snapdragon kernel:   node   0: [mem 0x00000000d4d61000-0x00000000d5447fff]
Jul 20 21:41:34 harrison-Surface-Pro-12in-1st-Ed-with-Snapdragon kernel:   node   0: [mem 0x00000000d5448000-0x00000000d7ffffff]
Jul 20 21:41:34 harrison-Surface-Pro-12in-1st-Ed-with-Snapdragon kernel:   node   0: [mem 0x00000000de5b0000-0x00000000e369ffff]
Jul 20 21:41:34 harrison-Surface-Pro-12in-1st-Ed-with-Snapdragon kernel:   node   0: [mem 0x00000000e36a0000-0x00000000e47fffff]
Jul 20 21:41:34 harrison-Surface-Pro-12in-1st-Ed-with-Snapdragon kernel:   node   0: [mem 0x00000000e4800000-0x00000000e69bffff]
Jul 20 21:41:34 harrison-Surface-Pro-12in-1st-Ed-with-Snapdragon kernel:   node   0: [mem 0x00000000e69c0000-0x00000000facfffff]
Jul 20 21:41:34 harrison-Surface-Pro-12in-1st-Ed-with-Snapdragon kernel:   node   0: [mem 0x0000000880000000-0x0000000bffffffff]
Jul 20 21:41:34 harrison-Surface-Pro-12in-1st-Ed-with-Snapdragon kernel: Initmem setup node 0 [mem 0x0000000080800000-0x0000000bffffffff]
Jul 20 21:41:34 harrison-Surface-Pro-12in-1st-Ed-with-Snapdragon kernel: On node 0, zone DMA: 2048 pages in unavailable ranges
Jul 20 21:41:34 harrison-Surface-Pro-12in-1st-Ed-with-Snapdragon kernel: On node 0, zone DMA: 1952 pages in unavailable ranges
Jul 20 21:41:34 harrison-Surface-Pro-12in-1st-Ed-with-Snapdragon kernel: On node 0, zone DMA: 704 pages in unavailable ranges
Jul 20 21:41:34 harrison-Surface-Pro-12in-1st-Ed-with-Snapdragon kernel: On node 0, zone DMA: 256 pages in unavailable ranges
Jul 20 21:41:34 harrison-Surface-Pro-12in-1st-Ed-with-Snapdragon kernel: On node 0, zone DMA: 256 pages in unavailable ranges
Jul 20 21:41:34 harrison-Surface-Pro-12in-1st-Ed-with-Snapdragon kernel: On node 0, zone DMA: 2176 pages in unavailable ranges
Jul 20 21:41:34 harrison-Surface-Pro-12in-1st-Ed-with-Snapdragon kernel: On node 0, zone DMA: 11712 pages in unavailable ranges
Jul 20 21:41:34 harrison-Surface-Pro-12in-1st-Ed-with-Snapdragon kernel: On node 0, zone DMA: 26032 pages in unavailable ranges
Jul 20 21:41:34 harrison-Surface-Pro-12in-1st-Ed-with-Snapdragon kernel: On node 0, zone Normal: 21248 pages in unavailable ranges
Jul 20 21:41:34 harrison-Surface-Pro-12in-1st-Ed-with-Snapdragon kernel: cma: Reserved 128 MiB at 0x00000000f2c00000
Jul 20 21:41:34 harrison-Surface-Pro-12in-1st-Ed-with-Snapdragon kernel: crashkernel low memory reserved: 0xeac00000 - 0xf2c00000 (128 MB)
Jul 20 21:41:34 harrison-Surface-Pro-12in-1st-Ed-with-Snapdragon kernel: crashkernel reserved: 0x0000000bce000000 - 0x0000000bee000000 (512 MB)
Jul 20 21:41:34 harrison-Surface-Pro-12in-1st-Ed-with-Snapdragon kernel: psci: probing for conduit method from DT.
Jul 20 21:41:34 harrison-Surface-Pro-12in-1st-Ed-with-Snapdragon kernel: psci: PSCIv1.1 detected in firmware.
Jul 20 21:41:34 harrison-Surface-Pro-12in-1st-Ed-with-Snapdragon kernel: psci: Using standard PSCI v0.2 function IDs
Jul 20 21:41:34 harrison-Surface-Pro-12in-1st-Ed-with-Snapdragon kernel: psci: MIGRATE_INFO_TYPE not supported.
Jul 20 21:41:34 harrison-Surface-Pro-12in-1st-Ed-with-Snapdragon kernel: psci: SMC Calling Convention v1.3
Jul 20 21:41:34 harrison-Surface-Pro-12in-1st-Ed-with-Snapdragon kernel: psci: OSI mode supported.
Jul 20 21:41:34 harrison-Surface-Pro-12in-1st-Ed-with-Snapdragon kernel: percpu: Embedded 57 pages/cpu s106584 r8192 d118696 u233472
Jul 20 21:41:34 harrison-Surface-Pro-12in-1st-Ed-with-Snapdragon kernel: pcpu-alloc: s106584 r8192 d118696 u233472 alloc=57*4096
Jul 20 21:41:34 harrison-Surface-Pro-12in-1st-Ed-with-Snapdragon kernel: pcpu-alloc: [0] 0 [0] 1 [0] 2 [0] 3 [0] 4 [0] 5 [0] 6 [0] 7 
Jul 20 21:41:34 harrison-Surface-Pro-12in-1st-Ed-with-Snapdragon kernel: Detected PIPT I-cache on CPU0
Jul 20 21:41:34 harrison-Surface-Pro-12in-1st-Ed-with-Snapdragon kernel: CPU features: detected: Address authentication (architected QARMA5 algorithm)
Jul 20 21:41:34 harrison-Surface-Pro-12in-1st-Ed-with-Snapdragon kernel: CPU features: detected: GIC system register CPU interface
Jul 20 21:41:34 harrison-Surface-Pro-12in-1st-Ed-with-Snapdragon kernel: CPU features: detected: HCRX_EL2 register
Jul 20 21:41:34 harrison-Surface-Pro-12in-1st-Ed-with-Snapdragon kernel: CPU features: detected: Spectre-v4
Jul 20 21:41:34 harrison-Surface-Pro-12in-1st-Ed-with-Snapdragon kernel: CPU features: detected: Spectre-BHB
Jul 20 21:41:34 harrison-Surface-Pro-12in-1st-Ed-with-Snapdragon kernel: CPU features: detected: Broken CNTVOFF_EL2
Jul 20 21:41:34 harrison-Surface-Pro-12in-1st-Ed-with-Snapdragon kernel: alternatives: applying boot alternatives
Jul 20 21:41:34 harrison-Surface-Pro-12in-1st-Ed-with-Snapdragon kernel: Kernel command line: BOOT_IMAGE=/boot/vmlinuz-6.16.0-rc5-jg-1-qcom-x1e root=UUID=1e6dabc4-8b32-44c0-ba73-01df04358863 ro clk_ignore_unused pd_ignore_unused cma=128M rootdelay=20 rootwait "dyndbg=file drivers/base/firmware_loader/main.c +p" crashkernel=2G-4G:320M,4G-32G:512M,32G-64G:1024M,64G-128G:2048M,128G-:4096M
Jul 20 21:41:34 harrison-Surface-Pro-12in-1st-Ed-with-Snapdragon kernel: Unknown kernel command line parameters "BOOT_IMAGE=/boot/vmlinuz-6.16.0-rc5-jg-1-qcom-x1e", will be passed to user space.
Jul 20 21:41:34 harrison-Surface-Pro-12in-1st-Ed-with-Snapdragon kernel: printk: log buffer data + meta data: 262144 + 917504 = 1179648 bytes
Jul 20 21:41:34 harrison-Surface-Pro-12in-1st-Ed-with-Snapdragon kernel: Dentry cache hash table entries: 2097152 (order: 12, 16777216 bytes, linear)
Jul 20 21:41:34 harrison-Surface-Pro-12in-1st-Ed-with-Snapdragon kernel: Inode-cache hash table entries: 1048576 (order: 11, 8388608 bytes, linear)
Jul 20 21:41:34 harrison-Surface-Pro-12in-1st-Ed-with-Snapdragon kernel: software IO TLB: area num 8.
Jul 20 21:41:34 harrison-Surface-Pro-12in-1st-Ed-with-Snapdragon kernel: software IO TLB: mapped [mem 0x00000000e6c00000-0x00000000eac00000] (64MB)
Jul 20 21:41:34 harrison-Surface-Pro-12in-1st-Ed-with-Snapdragon kernel: Fallback order for Node 0: 0 
Jul 20 21:41:34 harrison-Surface-Pro-12in-1st-Ed-with-Snapdragon kernel: Built 1 zonelists, mobility grouping on.  Total pages: 4095152
Jul 20 21:41:34 harrison-Surface-Pro-12in-1st-Ed-with-Snapdragon kernel: Policy zone: Normal
Jul 20 21:41:34 harrison-Surface-Pro-12in-1st-Ed-with-Snapdragon kernel: mem auto-init: stack:all(zero), heap alloc:on, heap free:off
Jul 20 21:41:34 harrison-Surface-Pro-12in-1st-Ed-with-Snapdragon kernel: SLUB: HWalign=64, Order=0-3, MinObjects=0, CPUs=8, Nodes=1
Jul 20 21:41:34 harrison-Surface-Pro-12in-1st-Ed-with-Snapdragon kernel: ftrace: allocating 68505 entries in 268 pages
Jul 20 21:41:34 harrison-Surface-Pro-12in-1st-Ed-with-Snapdragon kernel: ftrace: allocated 268 pages with 3 groups
Jul 20 21:41:34 harrison-Surface-Pro-12in-1st-Ed-with-Snapdragon kernel: Dynamic Preempt: voluntary
Jul 20 21:41:34 harrison-Surface-Pro-12in-1st-Ed-with-Snapdragon kernel: rcu: Preemptible hierarchical RCU implementation.
Jul 20 21:41:34 harrison-Surface-Pro-12in-1st-Ed-with-Snapdragon kernel: rcu:         RCU event tracing is enabled.
Jul 20 21:41:34 harrison-Surface-Pro-12in-1st-Ed-with-Snapdragon kernel: rcu:         RCU restricting CPUs from NR_CPUS=512 to nr_cpu_ids=8.
Jul 20 21:41:34 harrison-Surface-Pro-12in-1st-Ed-with-Snapdragon kernel:         Trampoline variant of Tasks RCU enabled.
Jul 20 21:41:34 harrison-Surface-Pro-12in-1st-Ed-with-Snapdragon kernel:         Rude variant of Tasks RCU enabled.
Jul 20 21:41:34 harrison-Surface-Pro-12in-1st-Ed-with-Snapdragon kernel:         Tracing variant of Tasks RCU enabled.
Jul 20 21:41:34 harrison-Surface-Pro-12in-1st-Ed-with-Snapdragon kernel: rcu: RCU calculated value of scheduler-enlistment delay is 100 jiffies.
Jul 20 21:41:34 harrison-Surface-Pro-12in-1st-Ed-with-Snapdragon kernel: rcu: Adjusting geometry for rcu_fanout_leaf=16, nr_cpu_ids=8
Jul 20 21:41:34 harrison-Surface-Pro-12in-1st-Ed-with-Snapdragon kernel: RCU Tasks: Setting shift to 3 and lim to 1 rcu_task_cb_adjust=1 rcu_task_cpu_ids=8.
Jul 20 21:41:34 harrison-Surface-Pro-12in-1st-Ed-with-Snapdragon kernel: RCU Tasks Rude: Setting shift to 3 and lim to 1 rcu_task_cb_adjust=1 rcu_task_cpu_ids=8.
Jul 20 21:41:34 harrison-Surface-Pro-12in-1st-Ed-with-Snapdragon kernel: RCU Tasks Trace: Setting shift to 3 and lim to 1 rcu_task_cb_adjust=1 rcu_task_cpu_ids=8.
Jul 20 21:41:34 harrison-Surface-Pro-12in-1st-Ed-with-Snapdragon kernel: NR_IRQS: 64, nr_irqs: 64, preallocated irqs: 0
Jul 20 21:41:34 harrison-Surface-Pro-12in-1st-Ed-with-Snapdragon kernel: GICv3: 988 SPIs implemented
Jul 20 21:41:34 harrison-Surface-Pro-12in-1st-Ed-with-Snapdragon kernel: GICv3: 0 Extended SPIs implemented
Jul 20 21:41:34 harrison-Surface-Pro-12in-1st-Ed-with-Snapdragon kernel: Root IRQ handler: gic_handle_irq
Jul 20 21:41:34 harrison-Surface-Pro-12in-1st-Ed-with-Snapdragon kernel: GICv3: GICv3 features: 16 PPIs, DirectLPI
Jul 20 21:41:34 harrison-Surface-Pro-12in-1st-Ed-with-Snapdragon kernel: GICv3: GICD_CTRL.DS=1, SCR_EL3.FIQ=0
Jul 20 21:41:34 harrison-Surface-Pro-12in-1st-Ed-with-Snapdragon kernel: GICv3: Enabling SGIs without active state
Jul 20 21:41:34 harrison-Surface-Pro-12in-1st-Ed-with-Snapdragon kernel: GICv3: CPU0: found redistributor 0 region 0:0x0000000017080000
Jul 20 21:41:34 harrison-Surface-Pro-12in-1st-Ed-with-Snapdragon kernel: ITS [mem 0x17040000-0x1707ffff]
Jul 20 21:41:34 harrison-Surface-Pro-12in-1st-Ed-with-Snapdragon kernel: ITS@0x0000000017040000: Devices Table too large, reduce ids 32->19
Jul 20 21:41:34 harrison-Surface-Pro-12in-1st-Ed-with-Snapdragon kernel: ITS@0x0000000017040000: Devices too large, reduce ITS pages 1024->256
Jul 20 21:41:34 harrison-Surface-Pro-12in-1st-Ed-with-Snapdragon kernel: ITS@0x0000000017040000: allocated 131072 Devices @880300000 (indirect, esz 8, psz 4K, shr 1)
Jul 20 21:41:34 harrison-Surface-Pro-12in-1st-Ed-with-Snapdragon kernel: ITS@0x0000000017040000: allocated 4096 Interrupt Collections @880299000 (flat, esz 1, psz 4K, shr 1)
Jul 20 21:41:34 harrison-Surface-Pro-12in-1st-Ed-with-Snapdragon kernel: GICv3: using LPI property table @0x00000008802b0000
Jul 20 21:41:34 harrison-Surface-Pro-12in-1st-Ed-with-Snapdragon kernel: GICv3: CPU0: using allocated LPI pending table @0x00000008802c0000
Jul 20 21:41:34 harrison-Surface-Pro-12in-1st-Ed-with-Snapdragon kernel: rcu: srcu_init: Setting srcu_struct sizes based on contention.
Jul 20 21:41:34 harrison-Surface-Pro-12in-1st-Ed-with-Snapdragon kernel: arch_timer: cp15 and mmio timer(s) running at 19.20MHz (virt/virt).
Jul 20 21:41:34 harrison-Surface-Pro-12in-1st-Ed-with-Snapdragon kernel: clocksource: arch_sys_counter: mask: 0xffffffffffffff max_cycles: 0x46d987e47, max_idle_ns: 440795202767 ns
Jul 20 21:41:34 harrison-Surface-Pro-12in-1st-Ed-with-Snapdragon kernel: sched_clock: 56 bits at 19MHz, resolution 52ns, wraps every 4398046511078ns
Jul 20 21:41:34 harrison-Surface-Pro-12in-1st-Ed-with-Snapdragon kernel: arm-pv: using stolen time PV
Jul 20 21:41:34 harrison-Surface-Pro-12in-1st-Ed-with-Snapdragon kernel: Console: colour dummy device 80x25
Jul 20 21:41:34 harrison-Surface-Pro-12in-1st-Ed-with-Snapdragon kernel: printk: legacy console [tty0] enabled
Jul 20 21:41:34 harrison-Surface-Pro-12in-1st-Ed-with-Snapdragon kernel: Calibrating delay loop (skipped), value calculated using timer frequency.. 38.40 BogoMIPS (lpj=19200)
Jul 20 21:41:34 harrison-Surface-Pro-12in-1st-Ed-with-Snapdragon kernel: pid_max: default: 32768 minimum: 301
Jul 20 21:41:34 harrison-Surface-Pro-12in-1st-Ed-with-Snapdragon kernel: LSM: initializing lsm=lockdown,capability,landlock,yama,apparmor,ima,evm
Jul 20 21:41:34 harrison-Surface-Pro-12in-1st-Ed-with-Snapdragon kernel: landlock: Up and running.
Jul 20 21:41:34 harrison-Surface-Pro-12in-1st-Ed-with-Snapdragon kernel: Yama: becoming mindful.
Jul 20 21:41:34 harrison-Surface-Pro-12in-1st-Ed-with-Snapdragon kernel: AppArmor: AppArmor initialized
Jul 20 21:41:34 harrison-Surface-Pro-12in-1st-Ed-with-Snapdragon kernel: Mount-cache hash table entries: 32768 (order: 6, 262144 bytes, linear)
Jul 20 21:41:34 harrison-Surface-Pro-12in-1st-Ed-with-Snapdragon kernel: Mountpoint-cache hash table entries: 32768 (order: 6, 262144 bytes, linear)
Jul 20 21:41:34 harrison-Surface-Pro-12in-1st-Ed-with-Snapdragon kernel: rcu: Hierarchical SRCU implementation.
Jul 20 21:41:34 harrison-Surface-Pro-12in-1st-Ed-with-Snapdragon kernel: rcu:         Max phase no-delay instances is 400.
Jul 20 21:41:34 harrison-Surface-Pro-12in-1st-Ed-with-Snapdragon kernel: Timer migration: 1 hierarchy levels; 8 children per group; 1 crossnode level
Jul 20 21:41:34 harrison-Surface-Pro-12in-1st-Ed-with-Snapdragon kernel: fsl-mc MSI: msi-controller@17040000 domain created
Jul 20 21:41:34 harrison-Surface-Pro-12in-1st-Ed-with-Snapdragon kernel: Remapping and enabling EFI services.
Jul 20 21:41:34 harrison-Surface-Pro-12in-1st-Ed-with-Snapdragon kernel: smp: Bringing up secondary CPUs ...
Jul 20 21:41:34 harrison-Surface-Pro-12in-1st-Ed-with-Snapdragon kernel: Detected PIPT I-cache on CPU1
Jul 20 21:41:34 harrison-Surface-Pro-12in-1st-Ed-with-Snapdragon kernel: GICv3: CPU1: found redistributor 100 region 0:0x00000000170c0000
Jul 20 21:41:34 harrison-Surface-Pro-12in-1st-Ed-with-Snapdragon kernel: GICv3: CPU1: using allocated LPI pending table @0x00000008802d0000
Jul 20 21:41:34 harrison-Surface-Pro-12in-1st-Ed-with-Snapdragon kernel: CPU1: Booted secondary processor 0x0000000100 [0x512f0011]
Jul 20 21:41:34 harrison-Surface-Pro-12in-1st-Ed-with-Snapdragon kernel: Detected PIPT I-cache on CPU2
Jul 20 21:41:34 harrison-Surface-Pro-12in-1st-Ed-with-Snapdragon kernel: GICv3: CPU2: found redistributor 200 region 0:0x0000000017100000
Jul 20 21:41:34 harrison-Surface-Pro-12in-1st-Ed-with-Snapdragon kernel: GICv3: CPU2: using allocated LPI pending table @0x00000008802e0000
Jul 20 21:41:34 harrison-Surface-Pro-12in-1st-Ed-with-Snapdragon kernel: CPU2: Booted secondary processor 0x0000000200 [0x512f0011]
Jul 20 21:41:34 harrison-Surface-Pro-12in-1st-Ed-with-Snapdragon kernel: Detected PIPT I-cache on CPU3
Jul 20 21:41:34 harrison-Surface-Pro-12in-1st-Ed-with-Snapdragon kernel: GICv3: CPU3: found redistributor 300 region 0:0x0000000017140000
Jul 20 21:41:34 harrison-Surface-Pro-12in-1st-Ed-with-Snapdragon kernel: GICv3: CPU3: using allocated LPI pending table @0x00000008802f0000
Jul 20 21:41:34 harrison-Surface-Pro-12in-1st-Ed-with-Snapdragon kernel: CPU3: Booted secondary processor 0x0000000300 [0x512f0011]
Jul 20 21:41:34 harrison-Surface-Pro-12in-1st-Ed-with-Snapdragon kernel: Detected PIPT I-cache on CPU4
Jul 20 21:41:34 harrison-Surface-Pro-12in-1st-Ed-with-Snapdragon kernel: GICv3: CPU4: found redistributor 10000 region 0:0x0000000017180000
Jul 20 21:41:34 harrison-Surface-Pro-12in-1st-Ed-with-Snapdragon kernel: GICv3: CPU4: using allocated LPI pending table @0x0000000880800000
Jul 20 21:41:34 harrison-Surface-Pro-12in-1st-Ed-with-Snapdragon kernel: CPU4: Booted secondary processor 0x0000010000 [0x511f0011]
Jul 20 21:41:34 harrison-Surface-Pro-12in-1st-Ed-with-Snapdragon kernel: Detected PIPT I-cache on CPU5
Jul 20 21:41:34 harrison-Surface-Pro-12in-1st-Ed-with-Snapdragon kernel: GICv3: CPU5: found redistributor 10100 region 0:0x00000000171c0000
Jul 20 21:41:34 harrison-Surface-Pro-12in-1st-Ed-with-Snapdragon kernel: GICv3: CPU5: using allocated LPI pending table @0x0000000880810000
Jul 20 21:41:34 harrison-Surface-Pro-12in-1st-Ed-with-Snapdragon kernel: CPU5: Booted secondary processor 0x0000010100 [0x511f0011]
Jul 20 21:41:34 harrison-Surface-Pro-12in-1st-Ed-with-Snapdragon kernel: Detected PIPT I-cache on CPU6
Jul 20 21:41:34 harrison-Surface-Pro-12in-1st-Ed-with-Snapdragon kernel: GICv3: CPU6: found redistributor 10200 region 0:0x0000000017200000
Jul 20 21:41:34 harrison-Surface-Pro-12in-1st-Ed-with-Snapdragon kernel: GICv3: CPU6: using allocated LPI pending table @0x0000000880820000
Jul 20 21:41:34 harrison-Surface-Pro-12in-1st-Ed-with-Snapdragon kernel: CPU6: Booted secondary processor 0x0000010200 [0x511f0011]
Jul 20 21:41:34 harrison-Surface-Pro-12in-1st-Ed-with-Snapdragon kernel: Detected PIPT I-cache on CPU7
Jul 20 21:41:34 harrison-Surface-Pro-12in-1st-Ed-with-Snapdragon kernel: GICv3: CPU7: found redistributor 10300 region 0:0x0000000017240000
Jul 20 21:41:34 harrison-Surface-Pro-12in-1st-Ed-with-Snapdragon kernel: GICv3: CPU7: using allocated LPI pending table @0x0000000880830000
Jul 20 21:41:34 harrison-Surface-Pro-12in-1st-Ed-with-Snapdragon kernel: CPU7: Booted secondary processor 0x0000010300 [0x511f0011]
Jul 20 21:41:34 harrison-Surface-Pro-12in-1st-Ed-with-Snapdragon kernel: smp: Brought up 1 node, 8 CPUs
Jul 20 21:41:34 harrison-Surface-Pro-12in-1st-Ed-with-Snapdragon kernel: SMP: Total of 8 processors activated.
Jul 20 21:41:34 harrison-Surface-Pro-12in-1st-Ed-with-Snapdragon kernel: CPU: All CPU(s) started at EL1
Jul 20 21:41:34 harrison-Surface-Pro-12in-1st-Ed-with-Snapdragon kernel: CPU features: detected: Branch Target Identification
Jul 20 21:41:34 harrison-Surface-Pro-12in-1st-Ed-with-Snapdragon kernel: CPU features: detected: ARMv8.4 Translation Table Level
Jul 20 21:41:34 harrison-Surface-Pro-12in-1st-Ed-with-Snapdragon kernel: CPU features: detected: Instruction cache invalidation not required for I/D coherence
Jul 20 21:41:34 harrison-Surface-Pro-12in-1st-Ed-with-Snapdragon kernel: CPU features: detected: Data cache clean to the PoU not required for I/D coherence
Jul 20 21:41:34 harrison-Surface-Pro-12in-1st-Ed-with-Snapdragon kernel: CPU features: detected: Common not Private translations
Jul 20 21:41:34 harrison-Surface-Pro-12in-1st-Ed-with-Snapdragon kernel: CPU features: detected: CRC32 instructions
Jul 20 21:41:34 harrison-Surface-Pro-12in-1st-Ed-with-Snapdragon kernel: CPU features: detected: Data cache clean to Point of Deep Persistence
Jul 20 21:41:34 harrison-Surface-Pro-12in-1st-Ed-with-Snapdragon kernel: CPU features: detected: Data cache clean to Point of Persistence
Jul 20 21:41:34 harrison-Surface-Pro-12in-1st-Ed-with-Snapdragon kernel: CPU features: detected: Data independent timing control (DIT)
Jul 20 21:41:34 harrison-Surface-Pro-12in-1st-Ed-with-Snapdragon kernel: CPU features: detected: E0PD
Jul 20 21:41:34 harrison-Surface-Pro-12in-1st-Ed-with-Snapdragon kernel: CPU features: detected: Enhanced Counter Virtualization
Jul 20 21:41:34 harrison-Surface-Pro-12in-1st-Ed-with-Snapdragon kernel: CPU features: detected: Enhanced Counter Virtualization (CNTPOFF)
Jul 20 21:41:34 harrison-Surface-Pro-12in-1st-Ed-with-Snapdragon kernel: CPU features: detected: Enhanced Privileged Access Never
Jul 20 21:41:34 harrison-Surface-Pro-12in-1st-Ed-with-Snapdragon kernel: CPU features: detected: Enhanced Virtualization Traps
Jul 20 21:41:34 harrison-Surface-Pro-12in-1st-Ed-with-Snapdragon kernel: CPU features: detected: Fine Grained Traps
Jul 20 21:41:34 harrison-Surface-Pro-12in-1st-Ed-with-Snapdragon kernel: CPU features: detected: Generic authentication (architected QARMA5 algorithm)
Jul 20 21:41:34 harrison-Surface-Pro-12in-1st-Ed-with-Snapdragon kernel: CPU features: detected: RCpc load-acquire (LDAPR)
Jul 20 21:41:34 harrison-Surface-Pro-12in-1st-Ed-with-Snapdragon kernel: CPU features: detected: LSE atomic instructions
Jul 20 21:41:34 harrison-Surface-Pro-12in-1st-Ed-with-Snapdragon kernel: CPU features: detected: Privileged Access Never
Jul 20 21:41:34 harrison-Surface-Pro-12in-1st-Ed-with-Snapdragon kernel: CPU features: detected: PMUv3
Jul 20 21:41:34 harrison-Surface-Pro-12in-1st-Ed-with-Snapdragon kernel: CPU features: detected: RAS Extension Support
Jul 20 21:41:34 harrison-Surface-Pro-12in-1st-Ed-with-Snapdragon kernel: CPU features: detected: Random Number Generator
Jul 20 21:41:34 harrison-Surface-Pro-12in-1st-Ed-with-Snapdragon kernel: CPU features: detected: Speculation barrier (SB)
Jul 20 21:41:34 harrison-Surface-Pro-12in-1st-Ed-with-Snapdragon kernel: CPU features: detected: Stage-2 Force Write-Back
Jul 20 21:41:34 harrison-Surface-Pro-12in-1st-Ed-with-Snapdragon kernel: CPU features: detected: TLB range maintenance instructions
Jul 20 21:41:34 harrison-Surface-Pro-12in-1st-Ed-with-Snapdragon kernel: CPU features: detected: Speculative Store Bypassing Safe (SSBS)
Jul 20 21:41:34 harrison-Surface-Pro-12in-1st-Ed-with-Snapdragon kernel: alternatives: applying system-wide alternatives
Jul 20 21:41:34 harrison-Surface-Pro-12in-1st-Ed-with-Snapdragon kernel: CPU features: detected: Activity Monitors Unit (AMU) on CPU0-7
Jul 20 21:41:34 harrison-Surface-Pro-12in-1st-Ed-with-Snapdragon kernel: Memory: 14868320K/16380608K available (25856K kernel code, 5938K rwdata, 19080K rodata, 3072K init, 1261K bss, 1368072K reserved, 131072K cma-reserved)
Jul 20 21:41:34 harrison-Surface-Pro-12in-1st-Ed-with-Snapdragon kernel: devtmpfs: initialized
Jul 20 21:41:34 harrison-Surface-Pro-12in-1st-Ed-with-Snapdragon kernel: setend instruction emulation is not supported on this system
Jul 20 21:41:34 harrison-Surface-Pro-12in-1st-Ed-with-Snapdragon kernel: clocksource: jiffies: mask: 0xffffffff max_cycles: 0xffffffff, max_idle_ns: 1911260446275000 ns
Jul 20 21:41:34 harrison-Surface-Pro-12in-1st-Ed-with-Snapdragon kernel: posixtimers hash table entries: 4096 (order: 4, 65536 bytes, linear)
Jul 20 21:41:34 harrison-Surface-Pro-12in-1st-Ed-with-Snapdragon kernel: futex hash table entries: 2048 (131072 bytes on 1 NUMA nodes, total 128 KiB, linear).
Jul 20 21:41:34 harrison-Surface-Pro-12in-1st-Ed-with-Snapdragon kernel: 2G module region forced by RANDOMIZE_MODULE_REGION_FULL
Jul 20 21:41:34 harrison-Surface-Pro-12in-1st-Ed-with-Snapdragon kernel: 0 pages in range for non-PLT usage
Jul 20 21:41:34 harrison-Surface-Pro-12in-1st-Ed-with-Snapdragon kernel: 510416 pages in range for PLT usage
Jul 20 21:41:34 harrison-Surface-Pro-12in-1st-Ed-with-Snapdragon kernel: pinctrl core: initialized pinctrl subsystem
Jul 20 21:41:34 harrison-Surface-Pro-12in-1st-Ed-with-Snapdragon kernel: SMBIOS 3.3.0 present.
Jul 20 21:41:34 harrison-Surface-Pro-12in-1st-Ed-with-Snapdragon kernel: DMI: Microsoft Corporation Surface Pro 12in 1st Ed with Snapdragon/Surface Pro 12in 1st Ed with Snapdragon, BIOS 8.600.155 05/21/202
Jul 20 21:41:34 harrison-Surface-Pro-12in-1st-Ed-with-Snapdragon kernel: DMI: Memory slots populated: 1/1
Jul 20 21:41:34 harrison-Surface-Pro-12in-1st-Ed-with-Snapdragon kernel: NET: Registered PF_NETLINK/PF_ROUTE protocol family
Jul 20 21:41:34 harrison-Surface-Pro-12in-1st-Ed-with-Snapdragon kernel: DMA: preallocated 2048 KiB GFP_KERNEL pool for atomic allocations
Jul 20 21:41:34 harrison-Surface-Pro-12in-1st-Ed-with-Snapdragon kernel: DMA: preallocated 2048 KiB GFP_KERNEL|GFP_DMA pool for atomic allocations
Jul 20 21:41:34 harrison-Surface-Pro-12in-1st-Ed-with-Snapdragon kernel: DMA: preallocated 2048 KiB GFP_KERNEL|GFP_DMA32 pool for atomic allocations
Jul 20 21:41:34 harrison-Surface-Pro-12in-1st-Ed-with-Snapdragon kernel: audit: initializing netlink subsys (disabled)
Jul 20 21:41:34 harrison-Surface-Pro-12in-1st-Ed-with-Snapdragon kernel: audit: type=2000 audit(0.016:1): state=initialized audit_enabled=0 res=1
Jul 20 21:41:34 harrison-Surface-Pro-12in-1st-Ed-with-Snapdragon kernel: thermal_sys: Registered thermal governor 'fair_share'
Jul 20 21:41:34 harrison-Surface-Pro-12in-1st-Ed-with-Snapdragon kernel: thermal_sys: Registered thermal governor 'bang_bang'
Jul 20 21:41:34 harrison-Surface-Pro-12in-1st-Ed-with-Snapdragon kernel: thermal_sys: Registered thermal governor 'step_wise'
Jul 20 21:41:34 harrison-Surface-Pro-12in-1st-Ed-with-Snapdragon kernel: thermal_sys: Registered thermal governor 'user_space'
Jul 20 21:41:34 harrison-Surface-Pro-12in-1st-Ed-with-Snapdragon kernel: thermal_sys: Registered thermal governor 'power_allocator'
Jul 20 21:41:34 harrison-Surface-Pro-12in-1st-Ed-with-Snapdragon kernel: cpuidle: using governor ladder
Jul 20 21:41:34 harrison-Surface-Pro-12in-1st-Ed-with-Snapdragon kernel: cpuidle: using governor menu
Jul 20 21:41:34 harrison-Surface-Pro-12in-1st-Ed-with-Snapdragon kernel: hw-breakpoint: found 6 breakpoint and 4 watchpoint registers.
Jul 20 21:41:34 harrison-Surface-Pro-12in-1st-Ed-with-Snapdragon kernel: ASID allocator initialised with 65536 entries
Jul 20 21:41:34 harrison-Surface-Pro-12in-1st-Ed-with-Snapdragon kernel: Serial: AMBA PL011 UART driver
Jul 20 21:41:34 harrison-Surface-Pro-12in-1st-Ed-with-Snapdragon kernel: CPUidle PSCI: Initialized CPU PM domain topology using OSI mode
Jul 20 21:41:34 harrison-Surface-Pro-12in-1st-Ed-with-Snapdragon kernel: /soc@0/clock-controller@100000: Fixed dependency cycle(s) with /soc@0/phy@1bfc000
Jul 20 21:41:34 harrison-Surface-Pro-12in-1st-Ed-with-Snapdragon kernel: /soc@0/clock-controller@100000: Fixed dependency cycle(s) with /soc@0/phy@1c06000
Jul 20 21:41:34 harrison-Surface-Pro-12in-1st-Ed-with-Snapdragon kernel: /soc@0/clock-controller@100000: Fixed dependency cycle(s) with /soc@0/phy@1c0e000
Jul 20 21:41:34 harrison-Surface-Pro-12in-1st-Ed-with-Snapdragon kernel: /soc@0/phy@fd5000: Fixed dependency cycle(s) with /soc@0/usb@a6f8800/usb@a600000
Jul 20 21:41:34 harrison-Surface-Pro-12in-1st-Ed-with-Snapdragon kernel: /soc@0/phy@fda000: Fixed dependency cycle(s) with /soc@0/usb@a8f8800/usb@a800000
Jul 20 21:41:34 harrison-Surface-Pro-12in-1st-Ed-with-Snapdragon kernel: /soc@0/phy@1bfc000: Fixed dependency cycle(s) with /soc@0/clock-controller@100000
Jul 20 21:41:34 harrison-Surface-Pro-12in-1st-Ed-with-Snapdragon kernel: /soc@0/phy@1c06000: Fixed dependency cycle(s) with /soc@0/clock-controller@100000
Jul 20 21:41:34 harrison-Surface-Pro-12in-1st-Ed-with-Snapdragon kernel: /soc@0/phy@1c0e000: Fixed dependency cycle(s) with /soc@0/clock-controller@100000
Jul 20 21:41:34 harrison-Surface-Pro-12in-1st-Ed-with-Snapdragon kernel: /soc@0/usb@a6f8800/usb@a600000: Fixed dependency cycle(s) with /soc@0/phy@fd5000
Jul 20 21:41:34 harrison-Surface-Pro-12in-1st-Ed-with-Snapdragon kernel: /soc@0/usb@a8f8800/usb@a800000: Fixed dependency cycle(s) with /soc@0/phy@fda000
Jul 20 21:41:34 harrison-Surface-Pro-12in-1st-Ed-with-Snapdragon kernel: /soc@0/display-subsystem@ae00000/display-controller@ae01000: Fixed dependency cycle(s) with /soc@0/display-subsystem@ae00000/displayport-controller@aea0000
Jul 20 21:41:34 harrison-Surface-Pro-12in-1st-Ed-with-Snapdragon kernel: /soc@0/display-subsystem@ae00000/displayport-controller@aea0000: Fixed dependency cycle(s) with /soc@0/display-subsystem@ae00000/display-controller@ae01000
Jul 20 21:41:34 harrison-Surface-Pro-12in-1st-Ed-with-Snapdragon kernel: /soc@0/stm@10002000: Fixed dependency cycle(s) with /soc@0/funnel@10041000
Jul 20 21:41:34 harrison-Surface-Pro-12in-1st-Ed-with-Snapdragon kernel: /soc@0/tpda@10004000: Fixed dependency cycle(s) with /soc@0/funnel@10041000
Jul 20 21:41:34 harrison-Surface-Pro-12in-1st-Ed-with-Snapdragon kernel: /soc@0/tpda@10004000: Fixed dependency cycle(s) with /soc@0/tpdm@1000f000
Jul 20 21:41:34 harrison-Surface-Pro-12in-1st-Ed-with-Snapdragon kernel: /soc@0/tpdm@1000f000: Fixed dependency cycle(s) with /soc@0/tpda@10004000
Jul 20 21:41:34 harrison-Surface-Pro-12in-1st-Ed-with-Snapdragon kernel: /soc@0/funnel@10041000: Fixed dependency cycle(s) with /soc@0/funnel@10045000
Jul 20 21:41:34 harrison-Surface-Pro-12in-1st-Ed-with-Snapdragon kernel: /soc@0/funnel@10041000: Fixed dependency cycle(s) with /soc@0/stm@10002000
Jul 20 21:41:34 harrison-Surface-Pro-12in-1st-Ed-with-Snapdragon kernel: /soc@0/funnel@10041000: Fixed dependency cycle(s) with /soc@0/tpda@10004000
Jul 20 21:41:34 harrison-Surface-Pro-12in-1st-Ed-with-Snapdragon kernel: /soc@0/funnel@10042000: Fixed dependency cycle(s) with /soc@0/funnel@10045000
Jul 20 21:41:34 harrison-Surface-Pro-12in-1st-Ed-with-Snapdragon kernel: /soc@0/funnel@10042000: Fixed dependency cycle(s) with /soc@0/funnel@10c2c000
Jul 20 21:41:34 harrison-Surface-Pro-12in-1st-Ed-with-Snapdragon kernel: /soc@0/funnel@10042000: Fixed dependency cycle(s) with /soc@0/funnel@10ac5000
Jul 20 21:41:34 harrison-Surface-Pro-12in-1st-Ed-with-Snapdragon kernel: /soc@0/funnel@10042000: Fixed dependency cycle(s) with /soc@0/funnel@10cc5000
Jul 20 21:41:34 harrison-Surface-Pro-12in-1st-Ed-with-Snapdragon kernel: /soc@0/funnel@10045000: Fixed dependency cycle(s) with /soc@0/funnel@10b04000
Jul 20 21:41:34 harrison-Surface-Pro-12in-1st-Ed-with-Snapdragon kernel: /soc@0/funnel@10045000: Fixed dependency cycle(s) with /soc@0/funnel@10042000
Jul 20 21:41:34 harrison-Surface-Pro-12in-1st-Ed-with-Snapdragon kernel: /soc@0/funnel@10045000: Fixed dependency cycle(s) with /soc@0/funnel@10041000
Jul 20 21:41:34 harrison-Surface-Pro-12in-1st-Ed-with-Snapdragon kernel: /soc@0/tpdm@10800000: Fixed dependency cycle(s) with /soc@0/tpda@10c3c000
Jul 20 21:41:34 harrison-Surface-Pro-12in-1st-Ed-with-Snapdragon kernel: /soc@0/tpdm@1082c000: Fixed dependency cycle(s) with /soc@0/tpda@10c2b000
Jul 20 21:41:34 harrison-Surface-Pro-12in-1st-Ed-with-Snapdragon kernel: /soc@0/tpdm@10841000: Fixed dependency cycle(s) with /soc@0/tpda@10c2b000
Jul 20 21:41:34 harrison-Surface-Pro-12in-1st-Ed-with-Snapdragon kernel: /soc@0/tpdm@10844000: Fixed dependency cycle(s) with /soc@0/funnel@10846000
Jul 20 21:41:34 harrison-Surface-Pro-12in-1st-Ed-with-Snapdragon kernel: /soc@0/funnel@10846000: Fixed dependency cycle(s) with /soc@0/tpda@10c2b000
Jul 20 21:41:34 harrison-Surface-Pro-12in-1st-Ed-with-Snapdragon kernel: /soc@0/funnel@10846000: Fixed dependency cycle(s) with /soc@0/tpdm@10844000
Jul 20 21:41:34 harrison-Surface-Pro-12in-1st-Ed-with-Snapdragon kernel: /soc@0/tpdm@10ac1000: Fixed dependency cycle(s) with /soc@0/tpda@10ac4000
Jul 20 21:41:34 harrison-Surface-Pro-12in-1st-Ed-with-Snapdragon kernel: /soc@0/tpda@10ac4000: Fixed dependency cycle(s) with /soc@0/funnel@10ac5000
Jul 20 21:41:34 harrison-Surface-Pro-12in-1st-Ed-with-Snapdragon kernel: /soc@0/tpda@10ac4000: Fixed dependency cycle(s) with /soc@0/tpdm@10ac1000
Jul 20 21:41:34 harrison-Surface-Pro-12in-1st-Ed-with-Snapdragon kernel: /soc@0/funnel@10ac5000: Fixed dependency cycle(s) with /soc@0/funnel@10042000
Jul 20 21:41:34 harrison-Surface-Pro-12in-1st-Ed-with-Snapdragon kernel: /soc@0/funnel@10ac5000: Fixed dependency cycle(s) with /soc@0/tpda@10ac4000
Jul 20 21:41:34 harrison-Surface-Pro-12in-1st-Ed-with-Snapdragon kernel: /soc@0/funnel@10b04000: Fixed dependency cycle(s) with /soc@0/tmc@10b05000
Jul 20 21:41:34 harrison-Surface-Pro-12in-1st-Ed-with-Snapdragon kernel: /soc@0/funnel@10b04000: Fixed dependency cycle(s) with /soc@0/funnel@10045000
Jul 20 21:41:34 harrison-Surface-Pro-12in-1st-Ed-with-Snapdragon kernel: /soc@0/funnel@10b04000: Fixed dependency cycle(s) with /soc@0/tpda@10b08000
Jul 20 21:41:34 harrison-Surface-Pro-12in-1st-Ed-with-Snapdragon kernel: /soc@0/tmc@10b05000: Fixed dependency cycle(s) with /soc@0/replicator@10b06000
Jul 20 21:41:34 harrison-Surface-Pro-12in-1st-Ed-with-Snapdragon kernel: /soc@0/tmc@10b05000: Fixed dependency cycle(s) with /soc@0/funnel@10b04000
Jul 20 21:41:34 harrison-Surface-Pro-12in-1st-Ed-with-Snapdragon kernel: /soc@0/replicator@10b06000: Fixed dependency cycle(s) with /dummy-sink
Jul 20 21:41:34 harrison-Surface-Pro-12in-1st-Ed-with-Snapdragon kernel: /soc@0/replicator@10b06000: Fixed dependency cycle(s) with /soc@0/tmc@10b05000
Jul 20 21:41:34 harrison-Surface-Pro-12in-1st-Ed-with-Snapdragon kernel: /soc@0/tpda@10b08000: Fixed dependency cycle(s) with /soc@0/funnel@10b04000
Jul 20 21:41:34 harrison-Surface-Pro-12in-1st-Ed-with-Snapdragon kernel: /soc@0/tpda@10b08000: Fixed dependency cycle(s) with /soc@0/tpdm@10b0d000
Jul 20 21:41:34 harrison-Surface-Pro-12in-1st-Ed-with-Snapdragon kernel: /soc@0/tpda@10b08000: Fixed dependency cycle(s) with /soc@0/tpdm@10b0c000
Jul 20 21:41:34 harrison-Surface-Pro-12in-1st-Ed-with-Snapdragon kernel: /soc@0/tpda@10b08000: Fixed dependency cycle(s) with /soc@0/tpdm@10b0b000
Jul 20 21:41:34 harrison-Surface-Pro-12in-1st-Ed-with-Snapdragon kernel: /soc@0/tpda@10b08000: Fixed dependency cycle(s) with /soc@0/tpdm@10b0a000
Jul 20 21:41:34 harrison-Surface-Pro-12in-1st-Ed-with-Snapdragon kernel: /soc@0/tpda@10b08000: Fixed dependency cycle(s) with /soc@0/tpdm@10b09000
Jul 20 21:41:34 harrison-Surface-Pro-12in-1st-Ed-with-Snapdragon kernel: /soc@0/tpdm@10b09000: Fixed dependency cycle(s) with /soc@0/tpda@10b08000
Jul 20 21:41:34 harrison-Surface-Pro-12in-1st-Ed-with-Snapdragon kernel: /soc@0/tpdm@10b0a000: Fixed dependency cycle(s) with /soc@0/tpda@10b08000
Jul 20 21:41:34 harrison-Surface-Pro-12in-1st-Ed-with-Snapdragon kernel: /soc@0/tpdm@10b0b000: Fixed dependency cycle(s) with /soc@0/tpda@10b08000
Jul 20 21:41:34 harrison-Surface-Pro-12in-1st-Ed-with-Snapdragon kernel: /soc@0/tpdm@10b0c000: Fixed dependency cycle(s) with /soc@0/tpda@10b08000
Jul 20 21:41:34 harrison-Surface-Pro-12in-1st-Ed-with-Snapdragon kernel: /soc@0/tpdm@10b0d000: Fixed dependency cycle(s) with /soc@0/tpda@10b08000
Jul 20 21:41:34 harrison-Surface-Pro-12in-1st-Ed-with-Snapdragon kernel: /soc@0/tpdm@10c08000: Fixed dependency cycle(s) with /soc@0/funnel@10c0b000
Jul 20 21:41:34 harrison-Surface-Pro-12in-1st-Ed-with-Snapdragon kernel: /soc@0/funnel@10c0b000: Fixed dependency cycle(s) with /soc@0/tpda@10c3c000
Jul 20 21:41:34 harrison-Surface-Pro-12in-1st-Ed-with-Snapdragon kernel: /soc@0/funnel@10c0b000: Fixed dependency cycle(s) with /soc@0/tpdm@10c08000
Jul 20 21:41:34 harrison-Surface-Pro-12in-1st-Ed-with-Snapdragon kernel: /soc@0/tpdm@10c28000: Fixed dependency cycle(s) with /soc@0/tpda@10c2b000
Jul 20 21:41:34 harrison-Surface-Pro-12in-1st-Ed-with-Snapdragon kernel: /soc@0/tpdm@10c29000: Fixed dependency cycle(s) with /soc@0/tpda@10c2b000
Jul 20 21:41:34 harrison-Surface-Pro-12in-1st-Ed-with-Snapdragon kernel: /soc@0/tpda@10c2b000: Fixed dependency cycle(s) with /soc@0/funnel@10c2c000
Jul 20 21:41:34 harrison-Surface-Pro-12in-1st-Ed-with-Snapdragon kernel: /soc@0/tpda@10c2b000: Fixed dependency cycle(s) with /soc@0/tpdm@10c29000
Jul 20 21:41:34 harrison-Surface-Pro-12in-1st-Ed-with-Snapdragon kernel: /soc@0/tpda@10c2b000: Fixed dependency cycle(s) with /soc@0/tpdm@10c28000
Jul 20 21:41:34 harrison-Surface-Pro-12in-1st-Ed-with-Snapdragon kernel: /soc@0/tpda@10c2b000: Fixed dependency cycle(s) with /soc@0/tpdm@1082c000
Jul 20 21:41:34 harrison-Surface-Pro-12in-1st-Ed-with-Snapdragon kernel: /soc@0/tpda@10c2b000: Fixed dependency cycle(s) with /soc@0/tpdm@10841000
Jul 20 21:41:34 harrison-Surface-Pro-12in-1st-Ed-with-Snapdragon kernel: /soc@0/tpda@10c2b000: Fixed dependency cycle(s) with /soc@0/funnel@10846000
Jul 20 21:41:34 harrison-Surface-Pro-12in-1st-Ed-with-Snapdragon kernel: /soc@0/funnel@10c2c000: Fixed dependency cycle(s) with /soc@0/funnel@10042000
Jul 20 21:41:34 harrison-Surface-Pro-12in-1st-Ed-with-Snapdragon kernel: /soc@0/funnel@10c2c000: Fixed dependency cycle(s) with /soc@0/funnel@10d04000
Jul 20 21:41:34 harrison-Surface-Pro-12in-1st-Ed-with-Snapdragon kernel: /soc@0/funnel@10c2c000: Fixed dependency cycle(s) with /soc@0/funnel@10c3d000
Jul 20 21:41:34 harrison-Surface-Pro-12in-1st-Ed-with-Snapdragon kernel: /soc@0/funnel@10c2c000: Fixed dependency cycle(s) with /soc@0/tpda@10c2b000
Jul 20 21:41:34 harrison-Surface-Pro-12in-1st-Ed-with-Snapdragon kernel: /soc@0/tpdm@10c38000: Fixed dependency cycle(s) with /soc@0/tpda@10c3c000
Jul 20 21:41:34 harrison-Surface-Pro-12in-1st-Ed-with-Snapdragon kernel: /soc@0/tpdm@10c39000: Fixed dependency cycle(s) with /soc@0/tpda@10c3c000
Jul 20 21:41:34 harrison-Surface-Pro-12in-1st-Ed-with-Snapdragon kernel: /soc@0/tpda@10c3c000: Fixed dependency cycle(s) with /soc@0/funnel@10c3d000
Jul 20 21:41:34 harrison-Surface-Pro-12in-1st-Ed-with-Snapdragon kernel: /soc@0/tpda@10c3c000: Fixed dependency cycle(s) with /soc@0/tpdm@10c39000
Jul 20 21:41:34 harrison-Surface-Pro-12in-1st-Ed-with-Snapdragon kernel: /soc@0/tpda@10c3c000: Fixed dependency cycle(s) with /soc@0/tpdm@10c38000
Jul 20 21:41:34 harrison-Surface-Pro-12in-1st-Ed-with-Snapdragon kernel: /soc@0/tpda@10c3c000: Fixed dependency cycle(s) with /soc@0/tpdm@10800000
Jul 20 21:41:34 harrison-Surface-Pro-12in-1st-Ed-with-Snapdragon kernel: /soc@0/tpda@10c3c000: Fixed dependency cycle(s) with /soc@0/funnel@10c0b000
Jul 20 21:41:34 harrison-Surface-Pro-12in-1st-Ed-with-Snapdragon kernel: /soc@0/funnel@10c3d000: Fixed dependency cycle(s) with /soc@0/funnel@10c2c000
Jul 20 21:41:34 harrison-Surface-Pro-12in-1st-Ed-with-Snapdragon kernel: /soc@0/funnel@10c3d000: Fixed dependency cycle(s) with /soc@0/tpda@10c3c000
Jul 20 21:41:34 harrison-Surface-Pro-12in-1st-Ed-with-Snapdragon kernel: /soc@0/tpda@10cc4000: Fixed dependency cycle(s) with /soc@0/funnel@10cc5000
Jul 20 21:41:34 harrison-Surface-Pro-12in-1st-Ed-with-Snapdragon kernel: /soc@0/funnel@10cc5000: Fixed dependency cycle(s) with /soc@0/funnel@10042000
Jul 20 21:41:34 harrison-Surface-Pro-12in-1st-Ed-with-Snapdragon kernel: /soc@0/funnel@10cc5000: Fixed dependency cycle(s) with /soc@0/tpda@10cc4000
Jul 20 21:41:34 harrison-Surface-Pro-12in-1st-Ed-with-Snapdragon kernel: /soc@0/funnel@10d04000: Fixed dependency cycle(s) with /soc@0/funnel@10c2c000
Jul 20 21:41:34 harrison-Surface-Pro-12in-1st-Ed-with-Snapdragon kernel: /soc@0/funnel@10d04000: Fixed dependency cycle(s) with /soc@0/funnel@10d13000
Jul 20 21:41:34 harrison-Surface-Pro-12in-1st-Ed-with-Snapdragon kernel: /soc@0/tpdm@10d08000: Fixed dependency cycle(s) with /soc@0/tpda@10d12000
Jul 20 21:41:34 harrison-Surface-Pro-12in-1st-Ed-with-Snapdragon kernel: /soc@0/tpdm@10d09000: Fixed dependency cycle(s) with /soc@0/tpda@10d12000
Jul 20 21:41:34 harrison-Surface-Pro-12in-1st-Ed-with-Snapdragon kernel: /soc@0/tpdm@10d0a000: Fixed dependency cycle(s) with /soc@0/tpda@10d12000
Jul 20 21:41:34 harrison-Surface-Pro-12in-1st-Ed-with-Snapdragon kernel: /soc@0/tpdm@10d0b000: Fixed dependency cycle(s) with /soc@0/tpda@10d12000
Jul 20 21:41:34 harrison-Surface-Pro-12in-1st-Ed-with-Snapdragon kernel: /soc@0/tpdm@10d0c000: Fixed dependency cycle(s) with /soc@0/tpda@10d12000
Jul 20 21:41:34 harrison-Surface-Pro-12in-1st-Ed-with-Snapdragon kernel: /soc@0/tpdm@10d0d000: Fixed dependency cycle(s) with /soc@0/tpda@10d12000
Jul 20 21:41:34 harrison-Surface-Pro-12in-1st-Ed-with-Snapdragon kernel: /soc@0/tpdm@10d0e000: Fixed dependency cycle(s) with /soc@0/tpda@10d12000
Jul 20 21:41:34 harrison-Surface-Pro-12in-1st-Ed-with-Snapdragon kernel: /soc@0/tpdm@10d0f000: Fixed dependency cycle(s) with /soc@0/tpda@10d12000
Jul 20 21:41:34 harrison-Surface-Pro-12in-1st-Ed-with-Snapdragon kernel: /soc@0/tpda@10d12000: Fixed dependency cycle(s) with /soc@0/funnel@10d13000
Jul 20 21:41:34 harrison-Surface-Pro-12in-1st-Ed-with-Snapdragon kernel: /soc@0/tpda@10d12000: Fixed dependency cycle(s) with /soc@0/tpdm@10d0f000
Jul 20 21:41:34 harrison-Surface-Pro-12in-1st-Ed-with-Snapdragon kernel: /soc@0/tpda@10d12000: Fixed dependency cycle(s) with /soc@0/tpdm@10d0e000
Jul 20 21:41:34 harrison-Surface-Pro-12in-1st-Ed-with-Snapdragon kernel: /soc@0/tpda@10d12000: Fixed dependency cycle(s) with /soc@0/tpdm@10d0d000
Jul 20 21:41:34 harrison-Surface-Pro-12in-1st-Ed-with-Snapdragon kernel: /soc@0/tpda@10d12000: Fixed dependency cycle(s) with /soc@0/tpdm@10d0c000
Jul 20 21:41:34 harrison-Surface-Pro-12in-1st-Ed-with-Snapdragon kernel: /soc@0/tpda@10d12000: Fixed dependency cycle(s) with /soc@0/tpdm@10d0b000
Jul 20 21:41:34 harrison-Surface-Pro-12in-1st-Ed-with-Snapdragon kernel: /soc@0/tpda@10d12000: Fixed dependency cycle(s) with /soc@0/tpdm@10d0a000
Jul 20 21:41:34 harrison-Surface-Pro-12in-1st-Ed-with-Snapdragon kernel: /soc@0/tpda@10d12000: Fixed dependency cycle(s) with /soc@0/tpdm@10d09000
Jul 20 21:41:34 harrison-Surface-Pro-12in-1st-Ed-with-Snapdragon kernel: /soc@0/tpda@10d12000: Fixed dependency cycle(s) with /soc@0/tpdm@10d08000
Jul 20 21:41:34 harrison-Surface-Pro-12in-1st-Ed-with-Snapdragon kernel: /soc@0/funnel@10d13000: Fixed dependency cycle(s) with /soc@0/funnel@10d04000
Jul 20 21:41:34 harrison-Surface-Pro-12in-1st-Ed-with-Snapdragon kernel: /soc@0/funnel@10d13000: Fixed dependency cycle(s) with /soc@0/tpda@10d12000
Jul 20 21:41:34 harrison-Surface-Pro-12in-1st-Ed-with-Snapdragon kernel: /soc@0/interrupt-controller@17000000: Fixed dependency cycle(s) with /soc@0/interrupt-controller@17000000
Jul 20 21:41:34 harrison-Surface-Pro-12in-1st-Ed-with-Snapdragon kernel: /soc@0/clock-controller@100000: Fixed dependency cycle(s) with /soc@0/phy@1bfc000
Jul 20 21:41:34 harrison-Surface-Pro-12in-1st-Ed-with-Snapdragon kernel: /soc@0/clock-controller@100000: Fixed dependency cycle(s) with /soc@0/phy@1c06000
Jul 20 21:41:34 harrison-Surface-Pro-12in-1st-Ed-with-Snapdragon kernel: /soc@0/clock-controller@100000: Fixed dependency cycle(s) with /soc@0/phy@1c0e000
Jul 20 21:41:34 harrison-Surface-Pro-12in-1st-Ed-with-Snapdragon kernel: /soc@0/phy@fd5000: Fixed dependency cycle(s) with /soc@0/usb@a6f8800/usb@a600000
Jul 20 21:41:34 harrison-Surface-Pro-12in-1st-Ed-with-Snapdragon kernel: /soc@0/phy@fda000: Fixed dependency cycle(s) with /soc@0/usb@a8f8800/usb@a800000
Jul 20 21:41:34 harrison-Surface-Pro-12in-1st-Ed-with-Snapdragon kernel: /soc@0/clock-controller@100000: Fixed dependency cycle(s) with /soc@0/phy@1bfc000
Jul 20 21:41:34 harrison-Surface-Pro-12in-1st-Ed-with-Snapdragon kernel: /soc@0/phy@1bfc000: Fixed dependency cycle(s) with /soc@0/clock-controller@100000
Jul 20 21:41:34 harrison-Surface-Pro-12in-1st-Ed-with-Snapdragon kernel: /soc@0/clock-controller@100000: Fixed dependency cycle(s) with /soc@0/phy@1c06000
Jul 20 21:41:34 harrison-Surface-Pro-12in-1st-Ed-with-Snapdragon kernel: /soc@0/phy@1c06000: Fixed dependency cycle(s) with /soc@0/clock-controller@100000
Jul 20 21:41:34 harrison-Surface-Pro-12in-1st-Ed-with-Snapdragon kernel: /soc@0/clock-controller@100000: Fixed dependency cycle(s) with /soc@0/phy@1c0e000
Jul 20 21:41:34 harrison-Surface-Pro-12in-1st-Ed-with-Snapdragon kernel: /soc@0/phy@1c0e000: Fixed dependency cycle(s) with /soc@0/clock-controller@100000
Jul 20 21:41:34 harrison-Surface-Pro-12in-1st-Ed-with-Snapdragon kernel: /soc@0/usb@a6f8800/usb@a600000: Fixed dependency cycle(s) with /soc@0/phy@fd5000
Jul 20 21:41:34 harrison-Surface-Pro-12in-1st-Ed-with-Snapdragon kernel: /soc@0/usb@a8f8800/usb@a800000: Fixed dependency cycle(s) with /soc@0/phy@fda000
Jul 20 21:41:34 harrison-Surface-Pro-12in-1st-Ed-with-Snapdragon kernel: /soc@0/display-subsystem@ae00000/display-controller@ae01000: Fixed dependency cycle(s) with /soc@0/display-subsystem@ae00000/displayport-controller@aea0000
Jul 20 21:41:34 harrison-Surface-Pro-12in-1st-Ed-with-Snapdragon kernel: /soc@0/display-subsystem@ae00000/displayport-controller@aea0000: Fixed dependency cycle(s) with /soc@0/display-subsystem@ae00000/display-controller@ae01000
Jul 20 21:41:34 harrison-Surface-Pro-12in-1st-Ed-with-Snapdragon kernel: /soc@0/stm@10002000: Fixed dependency cycle(s) with /soc@0/funnel@10041000
Jul 20 21:41:34 harrison-Surface-Pro-12in-1st-Ed-with-Snapdragon kernel: /soc@0/tpda@10004000: Fixed dependency cycle(s) with /soc@0/funnel@10041000
Jul 20 21:41:34 harrison-Surface-Pro-12in-1st-Ed-with-Snapdragon kernel: /soc@0/tpda@10004000: Fixed dependency cycle(s) with /soc@0/tpdm@1000f000
Jul 20 21:41:34 harrison-Surface-Pro-12in-1st-Ed-with-Snapdragon kernel: /soc@0/tpda@10004000: Fixed dependency cycle(s) with /soc@0/tpdm@1000f000
Jul 20 21:41:34 harrison-Surface-Pro-12in-1st-Ed-with-Snapdragon kernel: /soc@0/tpdm@1000f000: Fixed dependency cycle(s) with /soc@0/tpda@10004000
Jul 20 21:41:34 harrison-Surface-Pro-12in-1st-Ed-with-Snapdragon kernel: /soc@0/tpda@10004000: Fixed dependency cycle(s) with /soc@0/funnel@10041000
Jul 20 21:41:34 harrison-Surface-Pro-12in-1st-Ed-with-Snapdragon kernel: /soc@0/stm@10002000: Fixed dependency cycle(s) with /soc@0/funnel@10041000
Jul 20 21:41:34 harrison-Surface-Pro-12in-1st-Ed-with-Snapdragon kernel: /soc@0/funnel@10041000: Fixed dependency cycle(s) with /soc@0/funnel@10045000
Jul 20 21:41:34 harrison-Surface-Pro-12in-1st-Ed-with-Snapdragon kernel: /soc@0/funnel@10041000: Fixed dependency cycle(s) with /soc@0/stm@10002000
Jul 20 21:41:34 harrison-Surface-Pro-12in-1st-Ed-with-Snapdragon kernel: /soc@0/funnel@10041000: Fixed dependency cycle(s) with /soc@0/tpda@10004000
Jul 20 21:41:34 harrison-Surface-Pro-12in-1st-Ed-with-Snapdragon kernel: /soc@0/funnel@10042000: Fixed dependency cycle(s) with /soc@0/funnel@10045000
Jul 20 21:41:34 harrison-Surface-Pro-12in-1st-Ed-with-Snapdragon kernel: /soc@0/funnel@10042000: Fixed dependency cycle(s) with /soc@0/funnel@10c2c000
Jul 20 21:41:34 harrison-Surface-Pro-12in-1st-Ed-with-Snapdragon kernel: /soc@0/funnel@10042000: Fixed dependency cycle(s) with /soc@0/funnel@10ac5000
Jul 20 21:41:34 harrison-Surface-Pro-12in-1st-Ed-with-Snapdragon kernel: /soc@0/funnel@10042000: Fixed dependency cycle(s) with /soc@0/funnel@10cc5000
Jul 20 21:41:34 harrison-Surface-Pro-12in-1st-Ed-with-Snapdragon kernel: /soc@0/funnel@10042000: Fixed dependency cycle(s) with /soc@0/funnel@10045000
Jul 20 21:41:34 harrison-Surface-Pro-12in-1st-Ed-with-Snapdragon kernel: /soc@0/funnel@10041000: Fixed dependency cycle(s) with /soc@0/funnel@10045000
Jul 20 21:41:34 harrison-Surface-Pro-12in-1st-Ed-with-Snapdragon kernel: /soc@0/funnel@10045000: Fixed dependency cycle(s) with /soc@0/funnel@10b04000
Jul 20 21:41:34 harrison-Surface-Pro-12in-1st-Ed-with-Snapdragon kernel: /soc@0/funnel@10045000: Fixed dependency cycle(s) with /soc@0/funnel@10042000
Jul 20 21:41:34 harrison-Surface-Pro-12in-1st-Ed-with-Snapdragon kernel: /soc@0/funnel@10045000: Fixed dependency cycle(s) with /soc@0/funnel@10041000
Jul 20 21:41:34 harrison-Surface-Pro-12in-1st-Ed-with-Snapdragon kernel: /soc@0/tpdm@10800000: Fixed dependency cycle(s) with /soc@0/tpda@10c3c000
Jul 20 21:41:34 harrison-Surface-Pro-12in-1st-Ed-with-Snapdragon kernel: /soc@0/tpdm@1082c000: Fixed dependency cycle(s) with /soc@0/tpda@10c2b000
Jul 20 21:41:34 harrison-Surface-Pro-12in-1st-Ed-with-Snapdragon kernel: /soc@0/tpdm@10841000: Fixed dependency cycle(s) with /soc@0/tpda@10c2b000
Jul 20 21:41:34 harrison-Surface-Pro-12in-1st-Ed-with-Snapdragon kernel: /soc@0/tpdm@10844000: Fixed dependency cycle(s) with /soc@0/funnel@10846000
Jul 20 21:41:34 harrison-Surface-Pro-12in-1st-Ed-with-Snapdragon kernel: /soc@0/tpdm@10844000: Fixed dependency cycle(s) with /soc@0/funnel@10846000
Jul 20 21:41:34 harrison-Surface-Pro-12in-1st-Ed-with-Snapdragon kernel: /soc@0/funnel@10846000: Fixed dependency cycle(s) with /soc@0/tpda@10c2b000
Jul 20 21:41:34 harrison-Surface-Pro-12in-1st-Ed-with-Snapdragon kernel: /soc@0/funnel@10846000: Fixed dependency cycle(s) with /soc@0/tpdm@10844000
Jul 20 21:41:34 harrison-Surface-Pro-12in-1st-Ed-with-Snapdragon kernel: /soc@0/tpdm@10ac1000: Fixed dependency cycle(s) with /soc@0/tpda@10ac4000
Jul 20 21:41:34 harrison-Surface-Pro-12in-1st-Ed-with-Snapdragon kernel: /soc@0/tpdm@10ac1000: Fixed dependency cycle(s) with /soc@0/tpda@10ac4000
Jul 20 21:41:34 harrison-Surface-Pro-12in-1st-Ed-with-Snapdragon kernel: /soc@0/tpda@10ac4000: Fixed dependency cycle(s) with /soc@0/funnel@10ac5000
Jul 20 21:41:34 harrison-Surface-Pro-12in-1st-Ed-with-Snapdragon kernel: /soc@0/tpda@10ac4000: Fixed dependency cycle(s) with /soc@0/tpdm@10ac1000
Jul 20 21:41:34 harrison-Surface-Pro-12in-1st-Ed-with-Snapdragon kernel: /soc@0/tpda@10ac4000: Fixed dependency cycle(s) with /soc@0/funnel@10ac5000
Jul 20 21:41:34 harrison-Surface-Pro-12in-1st-Ed-with-Snapdragon kernel: /soc@0/funnel@10042000: Fixed dependency cycle(s) with /soc@0/funnel@10ac5000
Jul 20 21:41:34 harrison-Surface-Pro-12in-1st-Ed-with-Snapdragon kernel: /soc@0/funnel@10ac5000: Fixed dependency cycle(s) with /soc@0/funnel@10042000
Jul 20 21:41:34 harrison-Surface-Pro-12in-1st-Ed-with-Snapdragon kernel: /soc@0/funnel@10ac5000: Fixed dependency cycle(s) with /soc@0/tpda@10ac4000
Jul 20 21:41:34 harrison-Surface-Pro-12in-1st-Ed-with-Snapdragon kernel: /soc@0/funnel@10045000: Fixed dependency cycle(s) with /soc@0/funnel@10b04000
Jul 20 21:41:34 harrison-Surface-Pro-12in-1st-Ed-with-Snapdragon kernel: /soc@0/funnel@10b04000: Fixed dependency cycle(s) with /soc@0/tmc@10b05000
Jul 20 21:41:34 harrison-Surface-Pro-12in-1st-Ed-with-Snapdragon kernel: /soc@0/funnel@10b04000: Fixed dependency cycle(s) with /soc@0/funnel@10045000
Jul 20 21:41:34 harrison-Surface-Pro-12in-1st-Ed-with-Snapdragon kernel: /soc@0/funnel@10b04000: Fixed dependency cycle(s) with /soc@0/tpda@10b08000
Jul 20 21:41:34 harrison-Surface-Pro-12in-1st-Ed-with-Snapdragon kernel: /soc@0/funnel@10b04000: Fixed dependency cycle(s) with /soc@0/tmc@10b05000
Jul 20 21:41:34 harrison-Surface-Pro-12in-1st-Ed-with-Snapdragon kernel: /soc@0/tmc@10b05000: Fixed dependency cycle(s) with /soc@0/replicator@10b06000
Jul 20 21:41:34 harrison-Surface-Pro-12in-1st-Ed-with-Snapdragon kernel: /soc@0/tmc@10b05000: Fixed dependency cycle(s) with /soc@0/funnel@10b04000
Jul 20 21:41:34 harrison-Surface-Pro-12in-1st-Ed-with-Snapdragon kernel: /soc@0/tmc@10b05000: Fixed dependency cycle(s) with /soc@0/replicator@10b06000
Jul 20 21:41:34 harrison-Surface-Pro-12in-1st-Ed-with-Snapdragon kernel: /dummy-sink: Fixed dependency cycle(s) with /soc@0/replicator@10b06000
Jul 20 21:41:34 harrison-Surface-Pro-12in-1st-Ed-with-Snapdragon kernel: /soc@0/replicator@10b06000: Fixed dependency cycle(s) with /dummy-sink
Jul 20 21:41:34 harrison-Surface-Pro-12in-1st-Ed-with-Snapdragon kernel: /soc@0/replicator@10b06000: Fixed dependency cycle(s) with /soc@0/tmc@10b05000
Jul 20 21:41:34 harrison-Surface-Pro-12in-1st-Ed-with-Snapdragon kernel: /soc@0/funnel@10b04000: Fixed dependency cycle(s) with /soc@0/tpda@10b08000
Jul 20 21:41:34 harrison-Surface-Pro-12in-1st-Ed-with-Snapdragon kernel: /soc@0/tpda@10b08000: Fixed dependency cycle(s) with /soc@0/funnel@10b04000
